Archive member included to satisfy reference by file (symbol)

app/libapp.a(main.c.obj)      (--whole-archive)
zephyr/libzephyr.a(cbprintf.c.obj)
                              (--whole-archive)
zephyr/libzephyr.a(cbprintf_packaged.c.obj)
                              (--whole-archive)
zephyr/libzephyr.a(crc32c_sw.c.obj)
                              (--whole-archive)
zephyr/libzephyr.a(crc32_sw.c.obj)
                              (--whole-archive)
zephyr/libzephyr.a(crc16_sw.c.obj)
                              (--whole-archive)
zephyr/libzephyr.a(crc8_sw.c.obj)
                              (--whole-archive)
zephyr/libzephyr.a(crc7_sw.c.obj)
                              (--whole-archive)
zephyr/libzephyr.a(dec.c.obj)
                              (--whole-archive)
zephyr/libzephyr.a(fdtable.c.obj)
                              (--whole-archive)
zephyr/libzephyr.a(hex.c.obj)
                              (--whole-archive)
zephyr/libzephyr.a(notify.c.obj)
                              (--whole-archive)
zephyr/libzephyr.a(printk.c.obj)
                              (--whole-archive)
zephyr/libzephyr.a(onoff.c.obj)
                              (--whole-archive)
zephyr/libzephyr.a(rb.c.obj)  (--whole-archive)
zephyr/libzephyr.a(sem.c.obj)
                              (--whole-archive)
zephyr/libzephyr.a(thread_entry.c.obj)
                              (--whole-archive)
zephyr/libzephyr.a(timeutil.c.obj)
                              (--whole-archive)
zephyr/libzephyr.a(heap.c.obj)
                              (--whole-archive)
zephyr/libzephyr.a(heap-validate.c.obj)
                              (--whole-archive)
zephyr/libzephyr.a(bitarray.c.obj)
                              (--whole-archive)
zephyr/libzephyr.a(cbprintf_complete.c.obj)
                              (--whole-archive)
zephyr/libzephyr.a(assert.c.obj)
                              (--whole-archive)
zephyr/libzephyr.a(reboot.c.obj)
                              (--whole-archive)
zephyr/libzephyr.a(configs.c.obj)
                              (--whole-archive)
zephyr/libzephyr.a(soc_nrf_common.S.obj)
                              (--whole-archive)
zephyr/libzephyr.a(validate_base_addresses.c.obj)
                              (--whole-archive)
zephyr/libzephyr.a(validate_enabled_instances.c.obj)
                              (--whole-archive)
zephyr/libzephyr.a(addr_utils.c.obj)
                              (--whole-archive)
zephyr/libzephyr.a(power.c.obj)
                              (--whole-archive)
zephyr/libzephyr.a(pm_ctrl.c.obj)
                              (--whole-archive)
zephyr/libzephyr.a(policy_residency.c.obj)
                              (--whole-archive)
zephyr/libzephyr.a(tracing_none.c.obj)
                              (--whole-archive)
zephyr/libzephyr.a(scan.c.obj)
                              (--whole-archive)
zephyr/libzephyr.a(utils.c.obj)
                              (--whole-archive)
zephyr/libzephyr.a(aes_decrypt.c.obj)
                              (--whole-archive)
zephyr/libzephyr.a(aes_encrypt.c.obj)
                              (--whole-archive)
zephyr/libzephyr.a(cmac_mode.c.obj)
                              (--whole-archive)
zephyr/libzephyr.a(nrf_cc3xx_platform_abort_zephyr.c.obj)
                              (--whole-archive)
zephyr/libzephyr.a(nrf_cc3xx_platform_mutex_zephyr.c.obj)
                              (--whole-archive)
zephyr/arch/common/libarch__common.a(sw_isr_common.c.obj)
                              (--whole-archive)
zephyr/arch/arch/arm/core/aarch32/libarch__arm__core__aarch32.a(cpu_idle.S.obj)
                              (--whole-archive)
zephyr/arch/arch/arm/core/aarch32/libarch__arm__core__aarch32.a(fatal.c.obj)
                              (--whole-archive)
zephyr/arch/arch/arm/core/aarch32/libarch__arm__core__aarch32.a(irq_manage.c.obj)
                              (--whole-archive)
zephyr/arch/arch/arm/core/aarch32/libarch__arm__core__aarch32.a(nmi.c.obj)
                              (--whole-archive)
zephyr/arch/arch/arm/core/aarch32/libarch__arm__core__aarch32.a(nmi_on_reset.S.obj)
                              (--whole-archive)
zephyr/arch/arch/arm/core/aarch32/libarch__arm__core__aarch32.a(prep_c.c.obj)
                              (--whole-archive)
zephyr/arch/arch/arm/core/aarch32/libarch__arm__core__aarch32.a(swap.c.obj)
                              (--whole-archive)
zephyr/arch/arch/arm/core/aarch32/libarch__arm__core__aarch32.a(swap_helper.S.obj)
                              (--whole-archive)
zephyr/arch/arch/arm/core/aarch32/libarch__arm__core__aarch32.a(thread.c.obj)
                              (--whole-archive)
zephyr/arch/arch/arm/core/aarch32/libarch__arm__core__aarch32.a(isr_wrapper.S.obj)
                              (--whole-archive)
zephyr/arch/arch/arm/core/aarch32/cortex_m/libarch__arm__core__aarch32__cortex_m.a(exc_exit.S.obj)
                              (--whole-archive)
[...]
Memory Configuration

Name             Origin             Length             Attributes
FLASH            0x00001000         0x000ff000         xr
SRAM             0x20000000         0x00040000         xw
IDT_LIST         0xfffff7ff         0x00000800         xw
*default*        0x00000000         0xffffffff

Linker script and memory map

LOAD zephyr/CMakeFiles/zephyr_prebuilt.dir/misc/empty_file.c.obj
                0x00000020                _region_min_align = 0x20

.rel.plt        0x00001000        0x0
 *(SORT_BY_ALIGNMENT(.rel.plt))
                [!provide]                PROVIDE (__rel_iplt_start = .)
 *(SORT_BY_ALIGNMENT(.rel.iplt))
 .rel.iplt      0x00001000        0x0 app/libapp.a(main.c.obj)
                [!provide]                PROVIDE (__rel_iplt_end = .)

.rela.plt       0x00000000        0x0
 *(SORT_BY_ALIGNMENT(.rela.plt))
                [!provide]                PROVIDE (__rela_iplt_start = .)
 *(SORT_BY_ALIGNMENT(.rela.iplt))
                [!provide]                PROVIDE (__rela_iplt_end = .)

.rel.dyn
 *(SORT_BY_ALIGNMENT(.rel.*))

.rela.dyn
 *(SORT_BY_ALIGNMENT(.rela.*))

/DISCARD/
 *(SORT_BY_ALIGNMENT(.plt))
 *(SORT_BY_ALIGNMENT(.iplt))
 *(SORT_BY_ALIGNMENT(.got.plt))
 *(SORT_BY_ALIGNMENT(.igot.plt))
 *(SORT_BY_ALIGNMENT(.got))
 *(SORT_BY_ALIGNMENT(.igot))
 *(SORT_BY_ALIGNMENT(.note.GNU-stack))
                0x00001000                __rom_region_start = 0x1000

rom_start       0x00001000      0x100
                0x00000000                . = 0x0
                0x00000000                . = ALIGN (0x4)
                0x00000000                . = ALIGN (0x80)
                0x00000000                . = ALIGN (0x100)
                0x00001000                _vector_start = .
 *(SORT_BY_ALIGNMENT(.exc_vector_table))
 *(SORT_BY_ALIGNMENT(.exc_vector_table.*))
 .exc_vector_table._vector_table_section
                0x00001000       0x40 zephyr/arch/arch/arm/core/aarch32/cortex_m/libarch__arm__core__aarch32__cortex_m.a(vector_table.S.obj)
                0x00001000                _vector_table
 *(SORT_BY_ALIGNMENT(.gnu.linkonce.irq_vector_table*))
 .gnu.linkonce.irq_vector_table
                0x00001040       0xc0 zephyr/arch/common/libisr_tables.a(isr_tables.c.obj)
                0x00001040                _irq_vector_table
 *(SORT_BY_ALIGNMENT(.vectors))
                0x00001100                _vector_end = .

text            0x00001100    0x22c8c
                0x00001100                __text_region_start = .
 *(SORT_BY_ALIGNMENT(.text))
 .text          0x00001100       0x30 c:/users/ivpi/ncs/v1.8.0/toolchain/opt/bin/../lib/gcc/arm-none-eabi/9.2.1/thumb/v7e-m/nofp\libgcc.a(_aeabi_uldivmod.o)
                0x00001100                __aeabi_uldivmod
 .text          0x00001130      0x2c0 c:/users/ivpi/ncs/v1.8.0/toolchain/opt/bin/../lib/gcc/arm-none-eabi/9.2.1/thumb/v7e-m/nofp\libgcc.a(_udivmoddi4.o)
                0x00001130                __udivmoddi4
 .text          0x000013f0        0x4 c:/users/ivpi/ncs/v1.8.0/toolchain/opt/bin/../lib/gcc/arm-none-eabi/9.2.1/thumb/v7e-m/nofp\libgcc.a(_dvmd_tls.o)
                0x000013f0                __aeabi_idiv0
                0x000013f0                __aeabi_ldiv0
 .text          0x000013f4       0x34 C:/Users/ivpi/ncs/v1.8.0/nrfxlib/mpsl/lib/cortex-m4/soft-float/libmpsl.a(libmpsl_debug_soft__obfuscated.elf)
                0x000013f4                sym_QV6CME4HLWJA6KQZ7HE7ECNT7UGKOYHKNHH6E7I
 .text          0x00001428        0xc C:/Users/ivpi/ncs/v1.8.0/nrfxlib/mpsl/lib/cortex-m4/soft-float/libmpsl.a(libmpsl_debug_soft__obfuscated.elf)
                0x00001428                sym_SKFSQME5SGNPYLL7B75KY7PHXFYWSRI2HSTT45A
 .text          0x00001434       0x1c C:/Users/ivpi/ncs/v1.8.0/nrfxlib/mpsl/lib/cortex-m4/soft-float/libmpsl.a(libmpsl_debug_soft__obfuscated.elf)
                0x00001434                sym_4RNEPYYQOFM4LAOGLN2TB27X7L3XBISTGAWYOHQ
 .text          0x00001450       0x78 C:/Users/ivpi/ncs/v1.8.0/nrfxlib/mpsl/lib/cortex-m4/soft-float/libmpsl.a(libmpsl_debug_soft__obfuscated.elf)
 .text          0x000014c8      0x2f8 C:/Users/ivpi/ncs/v1.8.0/nrfxlib/mpsl/lib/cortex-m4/soft-float/libmpsl.a(libmpsl_debug_soft__obfuscated.elf)
 .text          0x000017c0      0x100 C:/Users/ivpi/ncs/v1.8.0/nrfxlib/mpsl/lib/cortex-m4/soft-float/libmpsl.a(libmpsl_debug_soft__obfuscated.elf)
 .text          0x000018c0      0x520 C:/Users/ivpi/ncs/v1.8.0/nrfxlib/mpsl/lib/cortex-m4/soft-float/libmpsl.a(libmpsl_debug_soft__obfuscated.elf)
 .text          0x00001de0      0x1a8 C:/Users/ivpi/ncs/v1.8.0/nrfxlib/mpsl/lib/cortex-m4/soft-float/libmpsl.a(libmpsl_debug_soft__obfuscated.elf)
 .text          0x00001f88       0x60 C:/Users/ivpi/ncs/v1.8.0/nrfxlib/mpsl/lib/cortex-m4/soft-float/libmpsl.a(libmpsl_debug_soft__obfuscated.elf)
 .text          0x00001fe8       0xd0 C:/Users/ivpi/ncs/v1.8.0/nrfxlib/mpsl/lib/cortex-m4/soft-float/libmpsl.a(libmpsl_debug_soft__obfuscated.elf)
 .text          0x000020b8       0x74 C:/Users/ivpi/ncs/v1.8.0/nrfxlib/mpsl/lib/cortex-m4/soft-float/libmpsl.a(libmpsl_debug_soft__obfuscated.elf)
 .text          0x0000212c       0x60 C:/Users/ivpi/ncs/v1.8.0/nrfxlib/mpsl/lib/cortex-m4/soft-float/libmpsl.a(libmpsl_debug_soft__obfuscated.elf)
 .text          0x0000218c      0x198 C:/Users/ivpi/ncs/v1.8.0/nrfxlib/mpsl/lib/cortex-m4/soft-float/libmpsl.a(libmpsl_debug_soft__obfuscated.elf)
 .text          0x00002324       0x20 C:/Users/ivpi/ncs/v1.8.0/nrfxlib/mpsl/lib/cortex-m4/soft-float/libmpsl.a(libmpsl_debug_soft__obfuscated.elf)
                0x00002324                sym_RWBLK2534FJMTER76IYUPZQ3YF74JEALZ2OBIDI
 .text          0x00002344      0x184 C:/Users/ivpi/ncs/v1.8.0/nrfxlib/mpsl/lib/cortex-m4/soft-float/libmpsl.a(libmpsl_debug_soft__obfuscated.elf)
                0x00002344                sym_QWOE5H22ZADGJX5JSROW7BOI32Z6PPEEJCISNOQ
 .text          0x000024c8       0x94 C:/Users/ivpi/ncs/v1.8.0/nrfxlib/mpsl/lib/cortex-m4/soft-float/libmpsl.a(libmpsl_debug_soft__obfuscated.elf)
                0x000024c8                sym_FWJGAV6HUABGKXBT6K4XJ76WZDWHK3EOQOQRNOI
 .text          0x0000255c       0x20 C:/Users/ivpi/ncs/v1.8.0/nrfxlib/mpsl/lib/cortex-m4/soft-float/libmpsl.a(libmpsl_debug_soft__obfuscated.elf)
                0x0000255c                sym_HVFGTYCGAECGUJHOFSPMGUV2G4PTWWUYTJVAPNA
 .text          0x0000257c       0x64 C:/Users/ivpi/ncs/v1.8.0/nrfxlib/mpsl/lib/cortex-m4/soft-float/libmpsl.a(libmpsl_debug_soft__obfuscated.elf)
                0x0000257c                sym_2O2USXABBLL6KC7E5NJFOHR6JLZMSV4AU5ZYH3Q
 .text          0x000025e0       0x48 C:/Users/ivpi/ncs/v1.8.0/nrfxlib/mpsl/lib/cortex-m4/soft-float/libmpsl.a(libmpsl_debug_soft__obfuscated.elf)
                0x000025e0                sym_VDVM4QLBTRUPEGCBUXIK25LH2KVQWBZXHRBYEFY
 .text          0x00002628       0x28 C:/Users/ivpi/ncs/v1.8.0/nrfxlib/mpsl/lib/cortex-m4/soft-float/libmpsl.a(libmpsl_debug_soft__obfuscated.elf)
                0x00002628                sym_W447CEMR6K6QRW3N63PRPIR7NK6ENOSBFXLCPRQ
 .text          0x00002650       0x40 C:/Users/ivpi/ncs/v1.8.0/nrfxlib/mpsl/lib/cortex-m4/soft-float/libmpsl.a(libmpsl_debug_soft__obfuscated.elf)
                0x00002650                sym_UY2NI5OOASY6266A2A7GY3XEUA5M2CDE2WTVEIY
 .text          0x00002690      0x1cc C:/Users/ivpi/ncs/v1.8.0/nrfxlib/mpsl/lib/cortex-m4/soft-float/libmpsl.a(libmpsl_debug_soft__obfuscated.elf)
                0x00002690                sym_J5F7QGRFPKMLWRNSXZXS5YI7BM4DUTISCOASCOA
 .text          0x0000285c      0x39c C:/Users/ivpi/ncs/v1.8.0/nrfxlib/mpsl/lib/cortex-m4/soft-float/libmpsl.a(libmpsl_debug_soft__obfuscated.elf)
                0x0000285c                sym_NFDFVOR5BUFND4TNTGYIYR4ARXJRXWSQ4PVFUKY
 .text          0x00002bf8      0x2c4 C:/Users/ivpi/ncs/v1.8.0/nrfxlib/mpsl/lib/cortex-m4/soft-float/libmpsl.a(libmpsl_debug_soft__obfuscated.elf)
                0x00002bf8                sym_CVH6S6LMSFPC2RM6I6LYWFRVOJUD3A6OCMG7AAI
 .text          0x00002ebc      0x238 C:/Users/ivpi/ncs/v1.8.0/nrfxlib/mpsl/lib/cortex-m4/soft-float/libmpsl.a(libmpsl_debug_soft__obfuscated.elf)
                0x00002ebc                sym_R4Y3KWNYX4PGGLE5X2L7DXMWMJUY3DOXD7LSUKY
 .text          0x000030f4       0x44 C:/Users/ivpi/ncs/v1.8.0/nrfxlib/mpsl/lib/cortex-m4/soft-float/libmpsl.a(libmpsl_debug_soft__obfuscated.elf)
                0x000030f4                sym_CFZK3G6ZC4ONUAYO2UALWQ4CBO7A6ADNAS2FS7Y
 .text          0x00003138      0x218 C:/Users/ivpi/ncs/v1.8.0/nrfxlib/mpsl/lib/cortex-m4/soft-float/libmpsl.a(libmpsl_debug_soft__obfuscated.elf)
                0x00003138                sym_DQFOGVCNU4NTOMWSL3IYDNCMIXT2LT7SZHL5IHI
 .text          0x00003350       0x50 C:/Users/ivpi/ncs/v1.8.0/nrfxlib/mpsl/lib/cortex-m4/soft-float/libmpsl.a(libmpsl_debug_soft__obfuscated.elf)
                0x00003350                sym_RPHL2J7CVNKM6GKLDIFI4NVAPZE2FHTYW4VJSJI
 .text          0x000033a0      0x1c4 C:/Users/ivpi/ncs/v1.8.0/nrfxlib/mpsl/lib/cortex-m4/soft-float/libmpsl.a(libmpsl_debug_soft__obfuscated.elf)
                0x000033a0                sym_SFR5TVV24PZRIRC5QGOHL2X436PUHKRY2QWKP5Y
 .text          0x00003564       0xe0 C:/Users/ivpi/ncs/v1.8.0/nrfxlib/mpsl/lib/cortex-m4/soft-float/libmpsl.a(libmpsl_debug_soft__obfuscated.elf)
                0x00003564                sym_URFU24FFGR2HYB6CCPIPKPNZNMTWHKDYOATUJNY
 .text          0x00003644       0x8c C:/Users/ivpi/ncs/v1.8.0/nrfxlib/mpsl/lib/cortex-m4/soft-float/libmpsl.a(libmpsl_debug_soft__obfuscated.elf)
                0x00003644                sym_ZC6NJBPUISWILQK6OTOBMJVVUT63JRIDGH5WNCY
 .text          0x000036d0       0x3c C:/Users/ivpi/ncs/v1.8.0/nrfxlib/mpsl/lib/cortex-m4/soft-float/libmpsl.a(libmpsl_debug_soft__obfuscated.elf)
                0x000036d0                sym_4FXF7BZT2IZ3YRYSE3Z2XCICKWZPGDZTXL2ECZQ
 .text          0x0000370c       0x38 C:/Users/ivpi/ncs/v1.8.0/nrfxlib/mpsl/lib/cortex-m4/soft-float/libmpsl.a(libmpsl_debug_soft__obfuscated.elf)
                0x0000370c                sym_PITJNQC6YSCEFAH23N5QRORZDKCSKOAUGBUS6GA
 .text          0x00003744       0x5c C:/Users/ivpi/ncs/v1.8.0/nrfxlib/mpsl/lib/cortex-m4/soft-float/libmpsl.a(libmpsl_debug_soft__obfuscated.elf)
                0x00003744                sym_AOU55ZK756JLPLCLZ5TZSSVKOAWWFUNQZATBXUI
 .text          0x000037a0       0xfc C:/Users/ivpi/ncs/v1.8.0/nrfxlib/mpsl/lib/cortex-m4/soft-float/libmpsl.a(libmpsl_debug_soft__obfuscated.elf)
                0x000037a0                MPSL_IRQ_RTC0_Handler
 .text          0x0000389c       0xf8 C:/Users/ivpi/ncs/v1.8.0/nrfxlib/mpsl/lib/cortex-m4/soft-float/libmpsl.a(libmpsl_debug_soft__obfuscated.elf)
                0x0000389c                MPSL_IRQ_TIMER0_Handler
 .text          0x00003994       0x5c C:/Users/ivpi/ncs/v1.8.0/nrfxlib/mpsl/lib/cortex-m4/soft-float/libmpsl.a(libmpsl_debug_soft__obfuscated.elf)
 .text          0x000039f0        0xc C:/Users/ivpi/ncs/v1.8.0/nrfxlib/mpsl/lib/cortex-m4/soft-float/libmpsl.a(libmpsl_debug_soft__obfuscated.elf)
                0x000039f0                sym_M4DIQOXJAE3BNHQBIUCZXAABSM24CWUEJOCU7DY
 .text          0x000039fc      0x134 C:/Users/ivpi/ncs/v1.8.0/nrfxlib/mpsl/lib/cortex-m4/soft-float/libmpsl.a(libmpsl_debug_soft__obfuscated.elf)
                0x000039fc                sym_2ZDZA75WOMRNSQ6XL7IZWAQKYFFSRJOGBGKPTIQ
 .text          0x00003b30       0xcc C:/Users/ivpi/ncs/v1.8.0/nrfxlib/mpsl/lib/cortex-m4/soft-float/libmpsl.a(libmpsl_debug_soft__obfuscated.elf)
                0x00003b30                sym_UGOJA475OXR5HR5WFINUK27HP5BRGNWCZXQLKDI
 .text          0x00003bfc        0xc C:/Users/ivpi/ncs/v1.8.0/nrfxlib/mpsl/lib/cortex-m4/soft-float/libmpsl.a(libmpsl_debug_soft__obfuscated.elf)
                0x00003bfc                sym_RUQO26WM5KVVEW7O3OHCXPO7LLLXRBDPIPSWIWY
 .text          0x00003c08       0xf4 C:/Users/ivpi/ncs/v1.8.0/nrfxlib/mpsl/lib/cortex-m4/soft-float/libmpsl.a(libmpsl_debug_soft__obfuscated.elf)
                0x00003c08                sym_QUBGY7RMPG7R5F6DVNURH4AVGDAWMK46YXU4DRA
 .text          0x00003cfc      0x190 C:/Users/ivpi/ncs/v1.8.0/nrfxlib/mpsl/lib/cortex-m4/soft-float/libmpsl.a(libmpsl_debug_soft__obfuscated.elf)
                0x00003cfc                sym_X2K67YH6UCW6TFK6NTLPZZFGWYHTTPZYK5PXHNQ
 .text          0x00003e8c       0xd0 C:/Users/ivpi/ncs/v1.8.0/nrfxlib/mpsl/lib/cortex-m4/soft-float/libmpsl.a(libmpsl_debug_soft__obfuscated.elf)
                0x00003e8c                sym_TSYEIN5CZPQE3YK6VECZD5C2M4LMXKKH6O7LNAY
 .text          0x00003f5c       0x94 C:/Users/ivpi/ncs/v1.8.0/nrfxlib/mpsl/lib/cortex-m4/soft-float/libmpsl.a(libmpsl_debug_soft__obfuscated.elf)
                0x00003f5c                sym_OLTN5HGCU3P74AJAQRGNYBUXASUKWF3RI2Q3H5Q
 .text          0x00003ff0       0x28 C:/Users/ivpi/ncs/v1.8.0/nrfxlib/mpsl/lib/cortex-m4/soft-float/libmpsl.a(libmpsl_debug_soft__obfuscated.elf)
                0x00003ff0                sym_CPXNCG66C5WXYS4GOKTR2JEIS45ZVRZUCBYX34I
 .text          0x00004018       0x34 C:/Users/ivpi/ncs/v1.8.0/nrfxlib/mpsl/lib/cortex-m4/soft-float/libmpsl.a(libmpsl_debug_soft__obfuscated.elf)
                0x00004018                sym_CQWZ455IMTLTPY5LEEZHXHRRNX223B3HTDD45HA
 .text          0x0000404c       0x78 C:/Users/ivpi/ncs/v1.8.0/nrfxlib/mpsl/lib/cortex-m4/soft-float/libmpsl.a(libmpsl_debug_soft__obfuscated.elf)
                0x0000404c                sym_3SK52U5TD4ACVVYKWS6UI6ZPWKSLV6BW5IGCPJI
 .text          0x000040c4       0x64 C:/Users/ivpi/ncs/v1.8.0/nrfxlib/mpsl/lib/cortex-m4/soft-float/libmpsl.a(libmpsl_debug_soft__obfuscated.elf)
                0x000040c4                MPSL_IRQ_CLOCK_Handler
 .text          0x00004128       0x24 C:/Users/ivpi/ncs/v1.8.0/nrfxlib/mpsl/lib/cortex-m4/soft-float/libmpsl.a(libmpsl_debug_soft__obfuscated.elf)
 .text          0x0000414c       0x34 C:/Users/ivpi/ncs/v1.8.0/nrfxlib/mpsl/lib/cortex-m4/soft-float/libmpsl.a(libmpsl_debug_soft__obfuscated.elf)
 .text          0x00004180       0x54 C:/Users/ivpi/ncs/v1.8.0/nrfxlib/mpsl/lib/cortex-m4/soft-float/libmpsl.a(libmpsl_debug_soft__obfuscated.elf)
 .text          0x000041d4       0xc8 C:/Users/ivpi/ncs/v1.8.0/nrfxlib/mpsl/lib/cortex-m4/soft-float/libmpsl.a(libmpsl_debug_soft__obfuscated.elf)
 .text          0x0000429c      0x18c C:/Users/ivpi/ncs/v1.8.0/nrfxlib/mpsl/lib/cortex-m4/soft-float/libmpsl.a(libmpsl_debug_soft__obfuscated.elf)
 .text          0x00004428       0x38 C:/Users/ivpi/ncs/v1.8.0/nrfxlib/mpsl/lib/cortex-m4/soft-float/libmpsl.a(libmpsl_debug_soft__obfuscated.elf)
                0x00004428                sym_AF5XKA2WT4DMFZTLKHOBWE7E2EZAMLDDFPQGGTQ
 .text          0x00004460       0x28 C:/Users/ivpi/ncs/v1.8.0/nrfxlib/mpsl/lib/cortex-m4/soft-float/libmpsl.a(libmpsl_debug_soft__obfuscated.elf)
                0x00004460                sym_PEUB6CZG5CWXXD4M2S6OVBXZGDFOG4XII7USUDQ
 .text          0x00004488       0x1c C:/Users/ivpi/ncs/v1.8.0/nrfxlib/mpsl/lib/cortex-m4/soft-float/libmpsl.a(libmpsl_debug_soft__obfuscated.elf)
                0x00004488                mpsl_clock_hfclk_release
 .text          0x000044a4       0x38 C:/Users/ivpi/ncs/v1.8.0/nrfxlib/mpsl/lib/cortex-m4/soft-float/libmpsl.a(libmpsl_debug_soft__obfuscated.elf)
                0x000044a4                mpsl_clock_hfclk_request
 .text          0x000044dc       0x1c C:/Users/ivpi/ncs/v1.8.0/nrfxlib/mpsl/lib/cortex-m4/soft-float/libmpsl.a(libmpsl_debug_soft__obfuscated.elf)
                0x000044dc                sym_MXEZOAVPP5LXUOZ6LJGDWJ57JEG5BZ5YB7LCG7Y
 .text          0x000044f8       0x38 C:/Users/ivpi/ncs/v1.8.0/nrfxlib/mpsl/lib/cortex-m4/soft-float/libmpsl.a(libmpsl_debug_soft__obfuscated.elf)
                0x000044f8                sym_UZOVMIXHY2SDZSVAWFRK4RKQPHXNS37P2CLQ57A
 .text          0x00004530       0xa4 C:/Users/ivpi/ncs/v1.8.0/nrfxlib/mpsl/lib/cortex-m4/soft-float/libmpsl.a(libmpsl_debug_soft__obfuscated.elf)
                0x00004530                sym_FYHKZOVAJN6VDDHY43FT7PF4YLRDHWRTEWHFG6I
 .text          0x000045d4        0xc C:/Users/ivpi/ncs/v1.8.0/nrfxlib/mpsl/lib/cortex-m4/soft-float/libmpsl.a(libmpsl_debug_soft__obfuscated.elf)
                0x000045d4                sym_ETIE3PCEXQYLK2GIVZENQ6V7PLBRV57MB7BDMNY
 .text          0x000045e0       0x10 C:/Users/ivpi/ncs/v1.8.0/nrfxlib/mpsl/lib/cortex-m4/soft-float/libmpsl.a(libmpsl_debug_soft__obfuscated.elf)
                0x000045e0                sym_4CZSFTTT34WDYFZKE2NSCSVSYLPHLZYN7QUTGHY
 .text          0x000045f0       0x84 C:/Users/ivpi/ncs/v1.8.0/nrfxlib/mpsl/lib/cortex-m4/soft-float/libmpsl.a(libmpsl_debug_soft__obfuscated.elf)
                0x000045f0                sym_A4JUKJUCTJV55V2WD6TXU63VO5GAMB4XA4EE56Q
 .text          0x00004674       0x18 C:/Users/ivpi/ncs/v1.8.0/nrfxlib/mpsl/lib/cortex-m4/soft-float/libmpsl.a(libmpsl_debug_soft__obfuscated.elf)
                0x00004674                sym_4PX37LW4KIUYQZ73JWLPH5GAGIRWAKTV3E6F62Q
 .text          0x0000468c        0xc C:/Users/ivpi/ncs/v1.8.0/nrfxlib/mpsl/lib/cortex-m4/soft-float/libmpsl.a(libmpsl_debug_soft__obfuscated.elf)
                0x0000468c                sym_PIRI3CTIHOPR5MPDQRHBJRRZEA2NVOD4J3GXGOA
 .text          0x00004698       0x1c C:/Users/ivpi/ncs/v1.8.0/nrfxlib/mpsl/lib/cortex-m4/soft-float/libmpsl.a(libmpsl_debug_soft__obfuscated.elf)
                0x00004698                sym_LIY23QT3GHIV7NCGJ6ZW6LB2ZUSI56CIFCL6HUY
 .text          0x000046b4       0x18 C:/Users/ivpi/ncs/v1.8.0/nrfxlib/mpsl/lib/cortex-m4/soft-float/libmpsl.a(libmpsl_debug_soft__obfuscated.elf)
                0x000046b4                sym_XK3TMLCZALCYYWGULGHQIRSOBMPIIPJ7HEMOZIQ
 .text          0x000046cc       0x10 C:/Users/ivpi/ncs/v1.8.0/nrfxlib/mpsl/lib/cortex-m4/soft-float/libmpsl.a(libmpsl_debug_soft__obfuscated.elf)
                0x000046cc                sym_7BUNPUBNWNFVXXIMNFFNK765OVON5LBIUZ66QRI
 .text          0x000046dc       0x30 C:/Users/ivpi/ncs/v1.8.0/nrfxlib/mpsl/lib/cortex-m4/soft-float/libmpsl.a(libmpsl_debug_soft__obfuscated.elf)
 .text          0x0000470c       0x10 C:/Users/ivpi/ncs/v1.8.0/nrfxlib/mpsl/lib/cortex-m4/soft-float/libmpsl.a(libmpsl_debug_soft__obfuscated.elf)
                0x0000470c                sym_4JLKMM32SOXCP6XBYAWZDUIMUJIYXLKKDBOFLHI
 .text          0x0000471c       0x20 C:/Users/ivpi/ncs/v1.8.0/nrfxlib/mpsl/lib/cortex-m4/soft-float/libmpsl.a(libmpsl_debug_soft__obfuscated.elf)
 .text          0x0000473c       0x24 C:/Users/ivpi/ncs/v1.8.0/nrfxlib/mpsl/lib/cortex-m4/soft-float/libmpsl.a(libmpsl_debug_soft__obfuscated.elf)
 .text          0x00004760       0x48 C:/Users/ivpi/ncs/v1.8.0/nrfxlib/mpsl/lib/cortex-m4/soft-float/libmpsl.a(libmpsl_debug_soft__obfuscated.elf)
                0x00004760                sym_S2UAPMFVIQXDUOA6CV7GJMB33TYHEUH5D6LHO5Q
 .text          0x000047a8       0x68 C:/Users/ivpi/ncs/v1.8.0/nrfxlib/mpsl/lib/cortex-m4/soft-float/libmpsl.a(libmpsl_debug_soft__obfuscated.elf)
                0x000047a8                mpsl_init
 .text          0x00004810        0xc C:/Users/ivpi/ncs/v1.8.0/nrfxlib/mpsl/lib/cortex-m4/soft-float/libmpsl.a(libmpsl_debug_soft__obfuscated.elf)
                0x00004810                mpsl_is_initialized
 .text          0x0000481c       0x24 C:/Users/ivpi/ncs/v1.8.0/nrfxlib/mpsl/lib/cortex-m4/soft-float/libmpsl.a(libmpsl_debug_soft__obfuscated.elf)
                0x0000481c                sym_XR32KBBIVYD5OVRJM2RBQ57EGCCM2C3F5IY6OHQ
 .text          0x00004840       0x84 C:/Users/ivpi/ncs/v1.8.0/nrfxlib/mpsl/lib/cortex-m4/soft-float/libmpsl.a(libmpsl_debug_soft__obfuscated.elf)
                0x00004840                mpsl_temperature_get
 .text          0x000048c4       0x3c C:/Users/ivpi/ncs/v1.8.0/nrfxlib/mpsl/lib/cortex-m4/soft-float/libmpsl.a(libmpsl_debug_soft__obfuscated.elf)
                0x000048c4                sym_W7ROFHNOSDKPIRUKDGIZZ5YR3MC3DAM2YLJOUIA
 .text          0x00004900       0x38 C:/Users/ivpi/ncs/v1.8.0/nrfxlib/mpsl/lib/cortex-m4/soft-float/libmpsl.a(libmpsl_debug_soft__obfuscated.elf)
                0x00004900                sym_GURZ3AH6X65RGSKYMYNWZVP6HM56LA5MRAQWT6Q
 .text          0x00004938       0x48 C:/Users/ivpi/ncs/v1.8.0/nrfxlib/mpsl/lib/cortex-m4/soft-float/libmpsl.a(libmpsl_debug_soft__obfuscated.elf)
                0x00004938                sym_VWGRUQT3LYZHLYS5KJ7UOCJEHLDJTWH4RVJBGKQ
 .text          0x00004980       0x2c C:/Users/ivpi/ncs/v1.8.0/nrfxlib/mpsl/lib/cortex-m4/soft-float/libmpsl.a(libmpsl_debug_soft__obfuscated.elf)
                0x00004980                sym_4WL3TG4Q7RCTFEMPQ2CQTOL4PAKUULDPJUM5DTY
 .text          0x000049ac       0x60 C:/Users/ivpi/ncs/v1.8.0/nrfxlib/mpsl/lib/cortex-m4/soft-float/libmpsl.a(libmpsl_debug_soft__obfuscated.elf)
                0x000049ac                sym_PAD7XREQQORPXRJMXMW2EYVS4S43S42A5D43SBA
 .text          0x00004a0c       0x34 C:/Users/ivpi/ncs/v1.8.0/nrfxlib/mpsl/lib/cortex-m4/soft-float/libmpsl.a(libmpsl_debug_soft__obfuscated.elf)
                0x00004a0c                sym_NIQMZN22R7GGCSNM3BZ25GTCR6D457XB3DIUGWA
 .text          0x00004a40        0xc C:/Users/ivpi/ncs/v1.8.0/nrfxlib/mpsl/lib/cortex-m4/soft-float/libmpsl.a(libmpsl_debug_soft__obfuscated.elf)
                0x00004a40                mpsl_fem_disable
 .text          0x00004a4c        0xc C:/Users/ivpi/ncs/v1.8.0/nrfxlib/mpsl/lib/cortex-m4/soft-float/libmpsl.a(libmpsl_debug_soft__obfuscated.elf)
                0x00004a4c                mpsl_fem_lna_configuration_clear
 .text          0x00004a58        0xc C:/Users/ivpi/ncs/v1.8.0/nrfxlib/mpsl/lib/cortex-m4/soft-float/libmpsl.a(libmpsl_debug_soft__obfuscated.elf)
                0x00004a58                mpsl_fem_lna_configuration_set
 .text          0x00004a64        0xc C:/Users/ivpi/ncs/v1.8.0/nrfxlib/mpsl/lib/cortex-m4/soft-float/libmpsl.a(libmpsl_debug_soft__obfuscated.elf)
                0x00004a64                mpsl_fem_pa_configuration_clear
 .text          0x00004a70        0xc C:/Users/ivpi/ncs/v1.8.0/nrfxlib/mpsl/lib/cortex-m4/soft-float/libmpsl.a(libmpsl_debug_soft__obfuscated.elf)
                0x00004a70                mpsl_fem_pa_configuration_set
 .text          0x00004a7c        0xc C:/Users/ivpi/ncs/v1.8.0/nrfxlib/mpsl/lib/cortex-m4/soft-float/libmpsl.a(libmpsl_debug_soft__obfuscated.elf)
                0x00004a7c                mpsl_fem_pa_is_configured
 .text          0x00004a88        0xc C:/Users/ivpi/ncs/v1.8.0/nrfxlib/mpsl/lib/cortex-m4/soft-float/libmpsl.a(libmpsl_debug_soft__obfuscated.elf)
                0x00004a88                mpsl_fem_device_config_254_apply_get
 .text          0x00004a94       0x68 C:/Users/ivpi/ncs/v1.8.0/nrfxlib/softdevice_controller/lib/cortex-m4/soft-float/libsoftdevice_controller_central.a(libsoftdevice_controller_s123_debug_soft__obfuscated.elf)
 .text          0x00004afc       0x64 C:/Users/ivpi/ncs/v1.8.0/nrfxlib/softdevice_controller/lib/cortex-m4/soft-float/libsoftdevice_controller_central.a(libsoftdevice_controller_s123_debug_soft__obfuscated.elf)
 .text          0x00004b60       0x1c C:/Users/ivpi/ncs/v1.8.0/nrfxlib/softdevice_controller/lib/cortex-m4/soft-float/libsoftdevice_controller_central.a(libsoftdevice_controller_s123_debug_soft__obfuscated.elf)
                0x00004b60                sdc_build_revision_get
 .text          0x00004b7c       0xb4 C:/Users/ivpi/ncs/v1.8.0/nrfxlib/softdevice_controller/lib/cortex-m4/soft-float/libsoftdevice_controller_central.a(libsoftdevice_controller_s123_debug_soft__obfuscated.elf)
                0x00004b7c                sdc_cfg_set
 .text          0x00004c30       0x50 C:/Users/ivpi/ncs/v1.8.0/nrfxlib/softdevice_controller/lib/cortex-m4/soft-float/libsoftdevice_controller_central.a(libsoftdevice_controller_s123_debug_soft__obfuscated.elf)
                0x00004c30                sdc_enable
 .text          0x00004c80       0x98 C:/Users/ivpi/ncs/v1.8.0/nrfxlib/softdevice_controller/lib/cortex-m4/soft-float/libsoftdevice_controller_central.a(libsoftdevice_controller_s123_debug_soft__obfuscated.elf)
                0x00004c80                sdc_init
 .text          0x00004d18       0x68 C:/Users/ivpi/ncs/v1.8.0/nrfxlib/softdevice_controller/lib/cortex-m4/soft-float/libsoftdevice_controller_central.a(libsoftdevice_controller_s123_debug_soft__obfuscated.elf)
                0x00004d18                sym_476LRB5XNUARAHCHHC7ZAIGPFC5VZ4W2N4467LI
 .text          0x00004d80       0x20 C:/Users/ivpi/ncs/v1.8.0/nrfxlib/softdevice_controller/lib/cortex-m4/soft-float/libsoftdevice_controller_central.a(libsoftdevice_controller_s123_debug_soft__obfuscated.elf)
                0x00004d80                sdc_support_dle
 .text          0x00004da0       0x20 C:/Users/ivpi/ncs/v1.8.0/nrfxlib/softdevice_controller/lib/cortex-m4/soft-float/libsoftdevice_controller_central.a(libsoftdevice_controller_s123_debug_soft__obfuscated.elf)
                0x00004da0                sdc_support_le_2m_phy
 .text          0x00004dc0       0x20 C:/Users/ivpi/ncs/v1.8.0/nrfxlib/softdevice_controller/lib/cortex-m4/soft-float/libsoftdevice_controller_central.a(libsoftdevice_controller_s123_debug_soft__obfuscated.elf)
                0x00004dc0                sdc_support_master
 .text          0x00004de0       0x24 C:/Users/ivpi/ncs/v1.8.0/nrfxlib/softdevice_controller/lib/cortex-m4/soft-float/libsoftdevice_controller_central.a(libsoftdevice_controller_s123_debug_soft__obfuscated.elf)
                0x00004de0                sdc_support_scan
 .text          0x00004e04       0x30 C:/Users/ivpi/ncs/v1.8.0/nrfxlib/softdevice_controller/lib/cortex-m4/soft-float/libsoftdevice_controller_central.a(libsoftdevice_controller_s123_debug_soft__obfuscated.elf)
 .text          0x00004e34       0x1c C:/Users/ivpi/ncs/v1.8.0/nrfxlib/softdevice_controller/lib/cortex-m4/soft-float/libsoftdevice_controller_central.a(libsoftdevice_controller_s123_debug_soft__obfuscated.elf)
                0x00004e34                sym_4BGPQMJJRBR2ET4K6M3CH3OLXQGTP2TS7FVXINA
 .text          0x00004e50       0x1c C:/Users/ivpi/ncs/v1.8.0/nrfxlib/softdevice_controller/lib/cortex-m4/soft-float/libsoftdevice_controller_central.a(libsoftdevice_controller_s123_debug_soft__obfuscated.elf)
                0x00004e50                sym_RC3WH4TL55HJBAU6BTOKWYOXZCF7BBTLBHIRO6A
 .text          0x00004e6c       0x1c C:/Users/ivpi/ncs/v1.8.0/nrfxlib/softdevice_controller/lib/cortex-m4/soft-float/libsoftdevice_controller_central.a(libsoftdevice_controller_s123_debug_soft__obfuscated.elf)
                0x00004e6c                sym_CVMXQJYKHZVHIOMGOYEICPLVAIQNUBL6USVNZSA
 .text          0x00004e88       0x1c C:/Users/ivpi/ncs/v1.8.0/nrfxlib/softdevice_controller/lib/cortex-m4/soft-float/libsoftdevice_controller_central.a(libsoftdevice_controller_s123_debug_soft__obfuscated.elf)
                0x00004e88                sym_EZ7BAEZZMYJFIJAONX254JF3WPGEXUT4NMP2WJQ
 .text          0x00004ea4       0x10 C:/Users/ivpi/ncs/v1.8.0/nrfxlib/softdevice_controller/lib/cortex-m4/soft-float/libsoftdevice_controller_central.a(libsoftdevice_controller_s123_debug_soft__obfuscated.elf)
                0x00004ea4                sdc_rand_source_register
 .text          0x00004eb4       0x50 C:/Users/ivpi/ncs/v1.8.0/nrfxlib/softdevice_controller/lib/cortex-m4/soft-float/libsoftdevice_controller_central.a(libsoftdevice_controller_s123_debug_soft__obfuscated.elf)
                0x00004eb4                sym_MEYOCD6AYGN6BYYH5M35H6GLLMHM6TYBBTCW2LI
 .text          0x00004f04       0x5c C:/Users/ivpi/ncs/v1.8.0/nrfxlib/softdevice_controller/lib/cortex-m4/soft-float/libsoftdevice_controller_central.a(libsoftdevice_controller_s123_debug_soft__obfuscated.elf)
 .text          0x00004f60       0x5c C:/Users/ivpi/ncs/v1.8.0/nrfxlib/softdevice_controller/lib/cortex-m4/soft-float/libsoftdevice_controller_central.a(libsoftdevice_controller_s123_debug_soft__obfuscated.elf)
 .text          0x00004fbc       0x38 C:/Users/ivpi/ncs/v1.8.0/nrfxlib/softdevice_controller/lib/cortex-m4/soft-float/libsoftdevice_controller_central.a(libsoftdevice_controller_s123_debug_soft__obfuscated.elf)
                0x00004fbc                sym_Z7NJGBYWCKFTEHRYWAIDKWPEUN45273QSWUA5CY
 .text          0x00004ff4       0x1c C:/Users/ivpi/ncs/v1.8.0/nrfxlib/softdevice_controller/lib/cortex-m4/soft-float/libsoftdevice_controller_central.a(libsoftdevice_controller_s123_debug_soft__obfuscated.elf)
                0x00004ff4                sym_CEENVC5DZRUT7MGF5LABXKT4NV7YUL5F6EX6TEQ
 .text          0x00005010        0xc C:/Users/ivpi/ncs/v1.8.0/nrfxlib/softdevice_controller/lib/cortex-m4/soft-float/libsoftdevice_controller_central.a(libsoftdevice_controller_s123_debug_soft__obfuscated.elf)
                0x00005010                sym_PPT6FEOF2T6DRALMCRRTUI7CHLEPBAN25HYV3KQ
 .text          0x0000501c       0x1c C:/Users/ivpi/ncs/v1.8.0/nrfxlib/softdevice_controller/lib/cortex-m4/soft-float/libsoftdevice_controller_central.a(libsoftdevice_controller_s123_debug_soft__obfuscated.elf)
                0x0000501c                sym_TU2SMBIUC7JL6C3K2XB6727DQLBLV5LEGIMZAFQ
 .text          0x00005038        0xc C:/Users/ivpi/ncs/v1.8.0/nrfxlib/softdevice_controller/lib/cortex-m4/soft-float/libsoftdevice_controller_central.a(libsoftdevice_controller_s123_debug_soft__obfuscated.elf)
                0x00005038                sym_CIVMWIRGIOQ374UFFPIFNN4ZGKYK2FRKTT6YRYA
 .text          0x00005044       0x1c C:/Users/ivpi/ncs/v1.8.0/nrfxlib/softdevice_controller/lib/cortex-m4/soft-float/libsoftdevice_controller_central.a(libsoftdevice_controller_s123_debug_soft__obfuscated.elf)
                0x00005044                sym_TG7NSIC2UKHCUBZWZ4K4EMD5QRI2QVSKVKV6CFQ
 .text          0x00005060       0x1c C:/Users/ivpi/ncs/v1.8.0/nrfxlib/softdevice_controller/lib/cortex-m4/soft-float/libsoftdevice_controller_central.a(libsoftdevice_controller_s123_debug_soft__obfuscated.elf)
                0x00005060                sdc_hci_cmd_cb_reset
 .text          0x0000507c        0xc C:/Users/ivpi/ncs/v1.8.0/nrfxlib/softdevice_controller/lib/cortex-m4/soft-float/libsoftdevice_controller_central.a(libsoftdevice_controller_s123_debug_soft__obfuscated.elf)
                0x0000507c                sym_G3KVRHCJDVHL7HV53526V3YI3DTK2IW2CADUWZQ
 .text          0x00005088       0x20 C:/Users/ivpi/ncs/v1.8.0/nrfxlib/softdevice_controller/lib/cortex-m4/soft-float/libsoftdevice_controller_central.a(libsoftdevice_controller_s123_debug_soft__obfuscated.elf)
                0x00005088                sdc_hci_cmd_vs_zephyr_read_version_info
 .text          0x000050a8       0x36 C:/Users/ivpi/ncs/v1.8.0/nrfxlib/softdevice_controller/lib/cortex-m4/soft-float/libsoftdevice_controller_central.a(libsoftdevice_controller_s123_debug_soft__obfuscated.elf)
                0x000050a8                sym_HNCDHITBYWLO4GMOSPKCO7YXRRWIUQ2IKIZ4C5A
 *fill*         0x000050de        0x2 
 .text          0x000050e0       0x18 C:/Users/ivpi/ncs/v1.8.0/nrfxlib/softdevice_controller/lib/cortex-m4/soft-float/libsoftdevice_controller_central.a(libsoftdevice_controller_s123_debug_soft__obfuscated.elf)
                0x000050e0                sym_XHE47EZYHONCPR22HUAZULMCALDJINMYREOFDEI
 .text          0x000050f8       0x80 C:/Users/ivpi/ncs/v1.8.0/nrfxlib/softdevice_controller/lib/cortex-m4/soft-float/libsoftdevice_controller_central.a(libsoftdevice_controller_s123_debug_soft__obfuscated.elf)
                0x000050f8                sym_EQ53CEL7EDVHMFMHMFPRRQU46C5YKKFEBAACFOA
 .text          0x00005178       0x4c C:/Users/ivpi/ncs/v1.8.0/nrfxlib/softdevice_controller/lib/cortex-m4/soft-float/libsoftdevice_controller_central.a(libsoftdevice_controller_s123_debug_soft__obfuscated.elf)
                0x00005178                sym_6I4XEOIW7LI2E3Z53L54ZHQQHYICXR4H4JQWXLA
 .text          0x000051c4       0x50 C:/Users/ivpi/ncs/v1.8.0/nrfxlib/softdevice_controller/lib/cortex-m4/soft-float/libsoftdevice_controller_central.a(libsoftdevice_controller_s123_debug_soft__obfuscated.elf)
                0x000051c4                sym_DMJHGENWVWA7ILXIIOOHU6SYMMXUDCUFUUBACLQ
 .text          0x00005214       0x54 C:/Users/ivpi/ncs/v1.8.0/nrfxlib/softdevice_controller/lib/cortex-m4/soft-float/libsoftdevice_controller_central.a(libsoftdevice_controller_s123_debug_soft__obfuscated.elf)
                0x00005214                sym_4AWF7EXI3MMHUULTY73E756U3IY5DEXOZ265MZY
 .text          0x00005268       0x70 C:/Users/ivpi/ncs/v1.8.0/nrfxlib/softdevice_controller/lib/cortex-m4/soft-float/libsoftdevice_controller_central.a(libsoftdevice_controller_s123_debug_soft__obfuscated.elf)
 .text          0x000052d8       0x20 C:/Users/ivpi/ncs/v1.8.0/nrfxlib/softdevice_controller/lib/cortex-m4/soft-float/libsoftdevice_controller_central.a(libsoftdevice_controller_s123_debug_soft__obfuscated.elf)
 .text          0x000052f8       0x64 C:/Users/ivpi/ncs/v1.8.0/nrfxlib/softdevice_controller/lib/cortex-m4/soft-float/libsoftdevice_controller_central.a(libsoftdevice_controller_s123_debug_soft__obfuscated.elf)
 .text          0x0000535c       0x14 C:/Users/ivpi/ncs/v1.8.0/nrfxlib/softdevice_controller/lib/cortex-m4/soft-float/libsoftdevice_controller_central.a(libsoftdevice_controller_s123_debug_soft__obfuscated.elf)
 .text          0x00005370        0xc C:/Users/ivpi/ncs/v1.8.0/nrfxlib/softdevice_controller/lib/cortex-m4/soft-float/libsoftdevice_controller_central.a(libsoftdevice_controller_s123_debug_soft__obfuscated.elf)
 .text          0x0000537c        0xc C:/Users/ivpi/ncs/v1.8.0/nrfxlib/softdevice_controller/lib/cortex-m4/soft-float/libsoftdevice_controller_central.a(libsoftdevice_controller_s123_debug_soft__obfuscated.elf)
 .text          0x00005388       0xa4 C:/Users/ivpi/ncs/v1.8.0/nrfxlib/softdevice_controller/lib/cortex-m4/soft-float/libsoftdevice_controller_central.a(libsoftdevice_controller_s123_debug_soft__obfuscated.elf)
                0x00005388                sym_24NU2MJKHN4R2Z7HXHMPDWTTDYSB32VL6HEQPZA
 .text          0x0000542c       0x58 C:/Users/ivpi/ncs/v1.8.0/nrfxlib/softdevice_controller/lib/cortex-m4/soft-float/libsoftdevice_controller_central.a(libsoftdevice_controller_s123_debug_soft__obfuscated.elf)
                0x0000542c                sym_3QFBRH4ZSIA64QP2I3K547Y5WIALGQTCBP5Y5SQ
 .text          0x00005484       0x68 C:/Users/ivpi/ncs/v1.8.0/nrfxlib/softdevice_controller/lib/cortex-m4/soft-float/libsoftdevice_controller_central.a(libsoftdevice_controller_s123_debug_soft__obfuscated.elf)
                0x00005484                sym_6DYG6C6ROXZA67GZINNB2XIQHL3KE2RCKK4QFXA
 .text          0x000054ec       0x28 C:/Users/ivpi/ncs/v1.8.0/nrfxlib/softdevice_controller/lib/cortex-m4/soft-float/libsoftdevice_controller_central.a(libsoftdevice_controller_s123_debug_soft__obfuscated.elf)
                0x000054ec                sym_NOQRMQ5IH6SQFJEPI5A3UBMITO54HG4WO4DTTXA
 .text          0x00005514       0x2c C:/Users/ivpi/ncs/v1.8.0/nrfxlib/softdevice_controller/lib/cortex-m4/soft-float/libsoftdevice_controller_central.a(libsoftdevice_controller_s123_debug_soft__obfuscated.elf)
                0x00005514                sym_YNBBHT54WKEGUNVC6TSBMRGLF67VFWBOYEMKGTQ
 .text          0x00005540       0x30 C:/Users/ivpi/ncs/v1.8.0/nrfxlib/softdevice_controller/lib/cortex-m4/soft-float/libsoftdevice_controller_central.a(libsoftdevice_controller_s123_debug_soft__obfuscated.elf)
                0x00005540                sym_35ZAQW4ABRMBYES2ZHPK63BHZAFFFC4WMGEJ6NA
 .text          0x00005570        0xc C:/Users/ivpi/ncs/v1.8.0/nrfxlib/softdevice_controller/lib/cortex-m4/soft-float/libsoftdevice_controller_central.a(libsoftdevice_controller_s123_debug_soft__obfuscated.elf)
                0x00005570                sym_T2QNNWUTM65WBDBLEARH7OL5MCXHDWSFLTDJXPA
 .text          0x0000557c        0xc C:/Users/ivpi/ncs/v1.8.0/nrfxlib/softdevice_controller/lib/cortex-m4/soft-float/libsoftdevice_controller_central.a(libsoftdevice_controller_s123_debug_soft__obfuscated.elf)
                0x0000557c                sym_GWOETDUP4AGSQI2MSVZQXBAMRLSGTNS7KFHSH6Q
 .text          0x00005588       0x3c C:/Users/ivpi/ncs/v1.8.0/nrfxlib/softdevice_controller/lib/cortex-m4/soft-float/libsoftdevice_controller_central.a(libsoftdevice_controller_s123_debug_soft__obfuscated.elf)
                0x00005588                sym_JKTUFSDBLEJK3JCIOVWBB4AVHFNXLCVLU47RLVA
 .text          0x000055c4       0x10 C:/Users/ivpi/ncs/v1.8.0/nrfxlib/softdevice_controller/lib/cortex-m4/soft-float/libsoftdevice_controller_central.a(libsoftdevice_controller_s123_debug_soft__obfuscated.elf)
                0x000055c4                sym_2KMY2O5SI5PPAQCNJOFFAGVJQKWBRKEGNZW2ZHQ
 .text          0x000055d4       0x30 C:/Users/ivpi/ncs/v1.8.0/nrfxlib/softdevice_controller/lib/cortex-m4/soft-float/libsoftdevice_controller_central.a(libsoftdevice_controller_s123_debug_soft__obfuscated.elf)
 .text          0x00005604       0x5c C:/Users/ivpi/ncs/v1.8.0/nrfxlib/softdevice_controller/lib/cortex-m4/soft-float/libsoftdevice_controller_central.a(libsoftdevice_controller_s123_debug_soft__obfuscated.elf)
 .text          0x00005660       0x6c C:/Users/ivpi/ncs/v1.8.0/nrfxlib/softdevice_controller/lib/cortex-m4/soft-float/libsoftdevice_controller_central.a(libsoftdevice_controller_s123_debug_soft__obfuscated.elf)
 .text          0x000056cc       0x30 C:/Users/ivpi/ncs/v1.8.0/nrfxlib/softdevice_controller/lib/cortex-m4/soft-float/libsoftdevice_controller_central.a(libsoftdevice_controller_s123_debug_soft__obfuscated.elf)
                0x000056cc                sym_E5WZNPP2DINHF6K4PHXLYLX5AXTYBQYGQESRSGQ
 .text          0x000056fc       0xd4 C:/Users/ivpi/ncs/v1.8.0/nrfxlib/softdevice_controller/lib/cortex-m4/soft-float/libsoftdevice_controller_central.a(libsoftdevice_controller_s123_debug_soft__obfuscated.elf)
                0x000056fc                sym_2ZCOT6ZEUU54S36NE627GOZVLBS26AFIUJKNLBI
 .text          0x000057d0       0x28 C:/Users/ivpi/ncs/v1.8.0/nrfxlib/softdevice_controller/lib/cortex-m4/soft-float/libsoftdevice_controller_central.a(libsoftdevice_controller_s123_debug_soft__obfuscated.elf)
                0x000057d0                sym_RZ4KEX57U2ASIFFSRQDHBCB7WVJNTOCZSYKJFSA
 .text          0x000057f8       0x4c C:/Users/ivpi/ncs/v1.8.0/nrfxlib/softdevice_controller/lib/cortex-m4/soft-float/libsoftdevice_controller_central.a(libsoftdevice_controller_s123_debug_soft__obfuscated.elf)
                0x000057f8                sym_YRXVGCYVFXOSIQO43AC5UEELHEXP2A4UAFUQRPI
 .text          0x00005844       0x10 C:/Users/ivpi/ncs/v1.8.0/nrfxlib/softdevice_controller/lib/cortex-m4/soft-float/libsoftdevice_controller_central.a(libsoftdevice_controller_s123_debug_soft__obfuscated.elf)
                0x00005844                sym_7YLXP6BHTAWWWMXLB5XOZU3Q27WEPTH5PONOKOI
 .text          0x00005854       0x28 C:/Users/ivpi/ncs/v1.8.0/nrfxlib/softdevice_controller/lib/cortex-m4/soft-float/libsoftdevice_controller_central.a(libsoftdevice_controller_s123_debug_soft__obfuscated.elf)
                0x00005854                sym_QFSP7NEBRUPCXI7KU3RYDOWD7SSPVNXVSULPYYY
 .text          0x0000587c        0xc C:/Users/ivpi/ncs/v1.8.0/nrfxlib/softdevice_controller/lib/cortex-m4/soft-float/libsoftdevice_controller_central.a(libsoftdevice_controller_s123_debug_soft__obfuscated.elf)
                0x0000587c                sym_O2AFZAWKVBYRIBDK67CHKRSMY4WR2S6V2VOPETI
 .text          0x00005888       0x24 C:/Users/ivpi/ncs/v1.8.0/nrfxlib/softdevice_controller/lib/cortex-m4/soft-float/libsoftdevice_controller_central.a(libsoftdevice_controller_s123_debug_soft__obfuscated.elf)
                0x00005888                sym_V7MOOXL5SOLISKFFGWJC7M3XDITU574WBQOXGWY
 .text          0x000058ac        0xc C:/Users/ivpi/ncs/v1.8.0/nrfxlib/softdevice_controller/lib/cortex-m4/soft-float/libsoftdevice_controller_central.a(libsoftdevice_controller_s123_debug_soft__obfuscated.elf)
                0x000058ac                sym_IXGTNRGKILIZPWG2NJIZ2ALUPW2IM3XFVCGJW2I
 .text          0x000058b8       0x2c C:/Users/ivpi/ncs/v1.8.0/nrfxlib/softdevice_controller/lib/cortex-m4/soft-float/libsoftdevice_controller_central.a(libsoftdevice_controller_s123_debug_soft__obfuscated.elf)
                0x000058b8                sym_54CHYGRI3UHSVLN5ZOGJESXNRISJW5CS4IYBN7Y
 .text          0x000058e4       0x28 C:/Users/ivpi/ncs/v1.8.0/nrfxlib/softdevice_controller/lib/cortex-m4/soft-float/libsoftdevice_controller_central.a(libsoftdevice_controller_s123_debug_soft__obfuscated.elf)
                0x000058e4                sym_AGWGY6I3YKHHV6TMAWL24HN4IKGOB7PZYXPWBRA
 .text          0x0000590c       0x24 C:/Users/ivpi/ncs/v1.8.0/nrfxlib/softdevice_controller/lib/cortex-m4/soft-float/libsoftdevice_controller_central.a(libsoftdevice_controller_s123_debug_soft__obfuscated.elf)
                0x0000590c                sym_JHXS4T25BAYOMDDZMWPX3HMPENRV73GSV2RYHAI
 .text          0x00005930       0x2c C:/Users/ivpi/ncs/v1.8.0/nrfxlib/softdevice_controller/lib/cortex-m4/soft-float/libsoftdevice_controller_central.a(libsoftdevice_controller_s123_debug_soft__obfuscated.elf)
                0x00005930                sym_65LA7GM3MU7DDFQKTB75BYTZMPMROSWKS3VXCNI
 .text          0x0000595c        0xc C:/Users/ivpi/ncs/v1.8.0/nrfxlib/softdevice_controller/lib/cortex-m4/soft-float/libsoftdevice_controller_central.a(libsoftdevice_controller_s123_debug_soft__obfuscated.elf)
                0x0000595c                sym_NKFCLZ5HTE6KVHDV5DGZ6TJP4KSZI43SYBECPRY
 .text          0x00005968       0x20 C:/Users/ivpi/ncs/v1.8.0/nrfxlib/softdevice_controller/lib/cortex-m4/soft-float/libsoftdevice_controller_central.a(libsoftdevice_controller_s123_debug_soft__obfuscated.elf)
                0x00005968                sym_MJCF2WRL4I323V23HKVENOJWV5IXH54R5X6LJRY
 .text          0x00005988       0x1c C:/Users/ivpi/ncs/v1.8.0/nrfxlib/softdevice_controller/lib/cortex-m4/soft-float/libsoftdevice_controller_central.a(libsoftdevice_controller_s123_debug_soft__obfuscated.elf)
 .text          0x000059a4       0x30 C:/Users/ivpi/ncs/v1.8.0/nrfxlib/softdevice_controller/lib/cortex-m4/soft-float/libsoftdevice_controller_central.a(libsoftdevice_controller_s123_debug_soft__obfuscated.elf)
                0x000059a4                sym_WCOWXKSKBH7DOKKKINFZAPWXKW4NYAUCJWTUKBI
 .text          0x000059d4       0x28 C:/Users/ivpi/ncs/v1.8.0/nrfxlib/softdevice_controller/lib/cortex-m4/soft-float/libsoftdevice_controller_central.a(libsoftdevice_controller_s123_debug_soft__obfuscated.elf)
                0x000059d4                sym_QKSVBALUN2V4XT4OCC56LE75IAYLDFRRIVLBZ2Q
 .text          0x000059fc       0x20 C:/Users/ivpi/ncs/v1.8.0/nrfxlib/softdevice_controller/lib/cortex-m4/soft-float/libsoftdevice_controller_central.a(libsoftdevice_controller_s123_debug_soft__obfuscated.elf)
                0x000059fc                sym_AO3U45UEGFLUPMT565ZR5UWUQUONF5AKILLCT3A
 .text          0x00005a1c        0xc C:/Users/ivpi/ncs/v1.8.0/nrfxlib/softdevice_controller/lib/cortex-m4/soft-float/libsoftdevice_controller_central.a(libsoftdevice_controller_s123_debug_soft__obfuscated.elf)
                0x00005a1c                sym_4UMPVHCMNEM5ENBBHCLGXZREGEKKHKHZOKNMH2I
 .text          0x00005a28       0x54 C:/Users/ivpi/ncs/v1.8.0/nrfxlib/softdevice_controller/lib/cortex-m4/soft-float/libsoftdevice_controller_central.a(libsoftdevice_controller_s123_debug_soft__obfuscated.elf)
                0x00005a28                sym_Y7AVZMA56ZL7YUO4EH7QCTNH6P3ZXX2D4F33L2I
 .text          0x00005a7c       0x28 C:/Users/ivpi/ncs/v1.8.0/nrfxlib/softdevice_controller/lib/cortex-m4/soft-float/libsoftdevice_controller_central.a(libsoftdevice_controller_s123_debug_soft__obfuscated.elf)
                0x00005a7c                sym_ULQ236TSMK6UJATLJCXSX5JBKSVB4ZM2NNU74PA
 .text          0x00005aa4        0xc C:/Users/ivpi/ncs/v1.8.0/nrfxlib/softdevice_controller/lib/cortex-m4/soft-float/libsoftdevice_controller_central.a(libsoftdevice_controller_s123_debug_soft__obfuscated.elf)
                0x00005aa4                sym_4OWM6DBJ6JLAWH2MVU52MKC56VOOJLN34T33LQA
 .text          0x00005ab0      0x1c4 C:/Users/ivpi/ncs/v1.8.0/nrfxlib/softdevice_controller/lib/cortex-m4/soft-float/libsoftdevice_controller_central.a(libsoftdevice_controller_s123_debug_soft__obfuscated.elf)
                0x00005ab0                sym_SQINY6V2VHFAHM5HL3H753H3QE3VQ7FWHCIJ57Q
 .text          0x00005c74       0xdc C:/Users/ivpi/ncs/v1.8.0/nrfxlib/softdevice_controller/lib/cortex-m4/soft-float/libsoftdevice_controller_central.a(libsoftdevice_controller_s123_debug_soft__obfuscated.elf)
                0x00005c74                sym_P6ESEOOF3E3ZRYNBCJWJZXMT4EPJJMHF472YBMQ
 .text          0x00005d50       0x1c C:/Users/ivpi/ncs/v1.8.0/nrfxlib/softdevice_controller/lib/cortex-m4/soft-float/libsoftdevice_controller_central.a(libsoftdevice_controller_s123_debug_soft__obfuscated.elf)
                0x00005d50                sym_CZFK26FRDZ53FUV75DOIMFWVD4RTHYB6I22U4LA
 .text          0x00005d6c       0x50 C:/Users/ivpi/ncs/v1.8.0/nrfxlib/softdevice_controller/lib/cortex-m4/soft-float/libsoftdevice_controller_central.a(libsoftdevice_controller_s123_debug_soft__obfuscated.elf)
                0x00005d6c                sym_WCN6C6ROB2XGQKTGXN5OMY5TLRX5IYOWNO7A6PQ
 .text          0x00005dbc       0x10 C:/Users/ivpi/ncs/v1.8.0/nrfxlib/softdevice_controller/lib/cortex-m4/soft-float/libsoftdevice_controller_central.a(libsoftdevice_controller_s123_debug_soft__obfuscated.elf)
 .text          0x00005dcc        0xc C:/Users/ivpi/ncs/v1.8.0/nrfxlib/softdevice_controller/lib/cortex-m4/soft-float/libsoftdevice_controller_central.a(libsoftdevice_controller_s123_debug_soft__obfuscated.elf)
 .text          0x00005dd8        0xc C:/Users/ivpi/ncs/v1.8.0/nrfxlib/softdevice_controller/lib/cortex-m4/soft-float/libsoftdevice_controller_central.a(libsoftdevice_controller_s123_debug_soft__obfuscated.elf)
 .text          0x00005de4        0xc C:/Users/ivpi/ncs/v1.8.0/nrfxlib/softdevice_controller/lib/cortex-m4/soft-float/libsoftdevice_controller_central.a(libsoftdevice_controller_s123_debug_soft__obfuscated.elf)
 .text          0x00005df0       0x4c C:/Users/ivpi/ncs/v1.8.0/nrfxlib/softdevice_controller/lib/cortex-m4/soft-float/libsoftdevice_controller_central.a(libsoftdevice_controller_s123_debug_soft__obfuscated.elf)
 .text          0x00005e3c       0x50 C:/Users/ivpi/ncs/v1.8.0/nrfxlib/softdevice_controller/lib/cortex-m4/soft-float/libsoftdevice_controller_central.a(libsoftdevice_controller_s123_debug_soft__obfuscated.elf)
 .text          0x00005e8c       0x28 C:/Users/ivpi/ncs/v1.8.0/nrfxlib/softdevice_controller/lib/cortex-m4/soft-float/libsoftdevice_controller_central.a(libsoftdevice_controller_s123_debug_soft__obfuscated.elf)
 .text          0x00005eb4       0x3c C:/Users/ivpi/ncs/v1.8.0/nrfxlib/softdevice_controller/lib/cortex-m4/soft-float/libsoftdevice_controller_central.a(libsoftdevice_controller_s123_debug_soft__obfuscated.elf)
 .text          0x00005ef0      0x178 C:/Users/ivpi/ncs/v1.8.0/nrfxlib/softdevice_controller/lib/cortex-m4/soft-float/libsoftdevice_controller_central.a(libsoftdevice_controller_s123_debug_soft__obfuscated.elf)
 .text          0x00006068       0xbc C:/Users/ivpi/ncs/v1.8.0/nrfxlib/softdevice_controller/lib/cortex-m4/soft-float/libsoftdevice_controller_central.a(libsoftdevice_controller_s123_debug_soft__obfuscated.elf)
 .text          0x00006124       0x48 C:/Users/ivpi/ncs/v1.8.0/nrfxlib/softdevice_controller/lib/cortex-m4/soft-float/libsoftdevice_controller_central.a(libsoftdevice_controller_s123_debug_soft__obfuscated.elf)
 .text          0x0000616c       0x2c C:/Users/ivpi/ncs/v1.8.0/nrfxlib/softdevice_controller/lib/cortex-m4/soft-float/libsoftdevice_controller_central.a(libsoftdevice_controller_s123_debug_soft__obfuscated.elf)
 .text          0x00006198       0x38 C:/Users/ivpi/ncs/v1.8.0/nrfxlib/softdevice_controller/lib/cortex-m4/soft-float/libsoftdevice_controller_central.a(libsoftdevice_controller_s123_debug_soft__obfuscated.elf)
 .text          0x000061d0       0x7c C:/Users/ivpi/ncs/v1.8.0/nrfxlib/softdevice_controller/lib/cortex-m4/soft-float/libsoftdevice_controller_central.a(libsoftdevice_controller_s123_debug_soft__obfuscated.elf)
 .text          0x0000624c       0x78 C:/Users/ivpi/ncs/v1.8.0/nrfxlib/softdevice_controller/lib/cortex-m4/soft-float/libsoftdevice_controller_central.a(libsoftdevice_controller_s123_debug_soft__obfuscated.elf)
 .text          0x000062c4       0x14 C:/Users/ivpi/ncs/v1.8.0/nrfxlib/softdevice_controller/lib/cortex-m4/soft-float/libsoftdevice_controller_central.a(libsoftdevice_controller_s123_debug_soft__obfuscated.elf)
 .text          0x000062d8       0x7c C:/Users/ivpi/ncs/v1.8.0/nrfxlib/softdevice_controller/lib/cortex-m4/soft-float/libsoftdevice_controller_central.a(libsoftdevice_controller_s123_debug_soft__obfuscated.elf)
 .text          0x00006354      0x184 C:/Users/ivpi/ncs/v1.8.0/nrfxlib/softdevice_controller/lib/cortex-m4/soft-float/libsoftdevice_controller_central.a(libsoftdevice_controller_s123_debug_soft__obfuscated.elf)
 .text          0x000064d8       0x10 C:/Users/ivpi/ncs/v1.8.0/nrfxlib/softdevice_controller/lib/cortex-m4/soft-float/libsoftdevice_controller_central.a(libsoftdevice_controller_s123_debug_soft__obfuscated.elf)
 .text          0x000064e8        0x8 C:/Users/ivpi/ncs/v1.8.0/nrfxlib/softdevice_controller/lib/cortex-m4/soft-float/libsoftdevice_controller_central.a(libsoftdevice_controller_s123_debug_soft__obfuscated.elf)
                0x000064e8                sym_3Q2UQ65DVTXA3EZPN34QXGGEFSEA6HOSHLFXCMI
 .text          0x000064f0       0x4c C:/Users/ivpi/ncs/v1.8.0/nrfxlib/softdevice_controller/lib/cortex-m4/soft-float/libsoftdevice_controller_central.a(libsoftdevice_controller_s123_debug_soft__obfuscated.elf)
                0x000064f0                sym_ZTNYVYBM2UM3CH2NF2DF4CYN3OTLVACDURSUDOQ
 .text          0x0000653c       0x18 C:/Users/ivpi/ncs/v1.8.0/nrfxlib/softdevice_controller/lib/cortex-m4/soft-float/libsoftdevice_controller_central.a(libsoftdevice_controller_s123_debug_soft__obfuscated.elf)
                0x0000653c                sym_BAUTABQSJLBAZ6GNH7KOF4MJMAA6NF7CDAZNOEQ
 .text          0x00006554       0x18 C:/Users/ivpi/ncs/v1.8.0/nrfxlib/softdevice_controller/lib/cortex-m4/soft-float/libsoftdevice_controller_central.a(libsoftdevice_controller_s123_debug_soft__obfuscated.elf)
                0x00006554                sym_F2LWAH27IT4H2IA7TZWGNABUCWINGT6MWXH2WIA
 .text          0x0000656c       0x1c C:/Users/ivpi/ncs/v1.8.0/nrfxlib/softdevice_controller/lib/cortex-m4/soft-float/libsoftdevice_controller_central.a(libsoftdevice_controller_s123_debug_soft__obfuscated.elf)
                0x0000656c                sym_GV7ZEDU63KACGR6K3NXW7W7XARTADNTCQ3P2HLA
 .text          0x00006588       0x50 C:/Users/ivpi/ncs/v1.8.0/nrfxlib/softdevice_controller/lib/cortex-m4/soft-float/libsoftdevice_controller_central.a(libsoftdevice_controller_s123_debug_soft__obfuscated.elf)
                0x00006588                sym_EV54ITVX6ZJNRIULZTHEWNSCWW5GNYKPCEWELSY
 .text          0x000065d8       0x4c C:/Users/ivpi/ncs/v1.8.0/nrfxlib/softdevice_controller/lib/cortex-m4/soft-float/libsoftdevice_controller_central.a(libsoftdevice_controller_s123_debug_soft__obfuscated.elf)
                0x000065d8                sym_3DXBFDJKO3IQEXOOHBMVXVTLDDG5FSS3TKAZNFY
 .text          0x00006624       0x18 C:/Users/ivpi/ncs/v1.8.0/nrfxlib/softdevice_controller/lib/cortex-m4/soft-float/libsoftdevice_controller_central.a(libsoftdevice_controller_s123_debug_soft__obfuscated.elf)
                0x00006624                sym_PLOW4TMGVQT52FP2ERNRL6S5EELE2YO563WRPJA
 .text          0x0000663c       0x28 C:/Users/ivpi/ncs/v1.8.0/nrfxlib/softdevice_controller/lib/cortex-m4/soft-float/libsoftdevice_controller_central.a(libsoftdevice_controller_s123_debug_soft__obfuscated.elf)
                0x0000663c                sym_DHR6XELGSD2MHYS7JWGEPSKXD43VLKKJDN33HMA
 .text          0x00006664       0x34 C:/Users/ivpi/ncs/v1.8.0/nrfxlib/softdevice_controller/lib/cortex-m4/soft-float/libsoftdevice_controller_central.a(libsoftdevice_controller_s123_debug_soft__obfuscated.elf)
                0x00006664                sym_62DUXM4M5AM4URNPP7IKDX3NCPAODBT4BMADGAY
 .text          0x00006698        0xc C:/Users/ivpi/ncs/v1.8.0/nrfxlib/softdevice_controller/lib/cortex-m4/soft-float/libsoftdevice_controller_central.a(libsoftdevice_controller_s123_debug_soft__obfuscated.elf)
                0x00006698                sym_R5RFYNEZN3LQHKUKJDN3JLSNHLY4DPKXW3KZMYA
 .text          0x000066a4        0xc C:/Users/ivpi/ncs/v1.8.0/nrfxlib/softdevice_controller/lib/cortex-m4/soft-float/libsoftdevice_controller_central.a(libsoftdevice_controller_s123_debug_soft__obfuscated.elf)
                0x000066a4                sym_WHSZ4VQHSDNZTVWJWAYGMNU7AWSUZKLKTBUNDPY
 .text          0x000066b0       0x34 C:/Users/ivpi/ncs/v1.8.0/nrfxlib/softdevice_controller/lib/cortex-m4/soft-float/libsoftdevice_controller_central.a(libsoftdevice_controller_s123_debug_soft__obfuscated.elf)
                0x000066b0                sym_YAOI5BW7G2C6EUUY2B4S7A3CWX63A6MP2T3O5KA
 .text          0x000066e4       0x24 C:/Users/ivpi/ncs/v1.8.0/nrfxlib/softdevice_controller/lib/cortex-m4/soft-float/libsoftdevice_controller_central.a(libsoftdevice_controller_s123_debug_soft__obfuscated.elf)
                0x000066e4                sym_IJTA37LCLZMYZVQ3I74HRUK4JDZEZR23VU3JFJI
 .text          0x00006708       0x8c C:/Users/ivpi/ncs/v1.8.0/nrfxlib/softdevice_controller/lib/cortex-m4/soft-float/libsoftdevice_controller_central.a(libsoftdevice_controller_s123_debug_soft__obfuscated.elf)
                0x00006708                sym_Z3745JZ5MC4MMBP2LFCOSP7OKPPVFDOPIURJWVQ
 .text          0x00006794       0x20 C:/Users/ivpi/ncs/v1.8.0/nrfxlib/softdevice_controller/lib/cortex-m4/soft-float/libsoftdevice_controller_central.a(libsoftdevice_controller_s123_debug_soft__obfuscated.elf)
                0x00006794                sym_FLX2PIIVHO3CLB5CJ7E7YSNFE2YWATNH27BL53A
 .text          0x000067b4        0xc C:/Users/ivpi/ncs/v1.8.0/nrfxlib/softdevice_controller/lib/cortex-m4/soft-float/libsoftdevice_controller_central.a(libsoftdevice_controller_s123_debug_soft__obfuscated.elf)
                0x000067b4                sym_RHRHCWPUPZHCOID576WBS7QZ2KAUT2GASS2T3QY
 .text          0x000067c0       0x1c C:/Users/ivpi/ncs/v1.8.0/nrfxlib/softdevice_controller/lib/cortex-m4/soft-float/libsoftdevice_controller_central.a(libsoftdevice_controller_s123_debug_soft__obfuscated.elf)
                0x000067c0                sym_62B4NCI2CQZLPPINCQVCHO6SYLZVDAWVVCHWS3I
 .text          0x000067dc       0x74 C:/Users/ivpi/ncs/v1.8.0/nrfxlib/softdevice_controller/lib/cortex-m4/soft-float/libsoftdevice_controller_central.a(libsoftdevice_controller_s123_debug_soft__obfuscated.elf)
                0x000067dc                sym_EFQGKM4FX4KOCTBEYNRZUVU5UGVDDD6DFLNBQVY
 .text          0x00006850       0x50 C:/Users/ivpi/ncs/v1.8.0/nrfxlib/softdevice_controller/lib/cortex-m4/soft-float/libsoftdevice_controller_central.a(libsoftdevice_controller_s123_debug_soft__obfuscated.elf)
                0x00006850                sym_GHVM34OXBYILMDKR3F5DVNCQCBMJUJL5PW2RQYQ
 .text          0x000068a0       0x38 C:/Users/ivpi/ncs/v1.8.0/nrfxlib/softdevice_controller/lib/cortex-m4/soft-float/libsoftdevice_controller_central.a(libsoftdevice_controller_s123_debug_soft__obfuscated.elf)
                0x000068a0                sym_KO3VCNGABVWM4325342CFFPZBSXFKFARUCMURAY
 .text          0x000068d8       0x74 C:/Users/ivpi/ncs/v1.8.0/nrfxlib/softdevice_controller/lib/cortex-m4/soft-float/libsoftdevice_controller_central.a(libsoftdevice_controller_s123_debug_soft__obfuscated.elf)
                0x000068d8                sym_NCQ5WTBCV7DGPK3QI3SSY5XGKOI2SE3XFCTKQKY
 .text          0x0000694c       0x30 C:/Users/ivpi/ncs/v1.8.0/nrfxlib/softdevice_controller/lib/cortex-m4/soft-float/libsoftdevice_controller_central.a(libsoftdevice_controller_s123_debug_soft__obfuscated.elf)
 .text          0x0000697c       0x28 C:/Users/ivpi/ncs/v1.8.0/nrfxlib/softdevice_controller/lib/cortex-m4/soft-float/libsoftdevice_controller_central.a(libsoftdevice_controller_s123_debug_soft__obfuscated.elf)
 .text          0x000069a4       0x38 C:/Users/ivpi/ncs/v1.8.0/nrfxlib/softdevice_controller/lib/cortex-m4/soft-float/libsoftdevice_controller_central.a(libsoftdevice_controller_s123_debug_soft__obfuscated.elf)
 .text          0x000069dc       0x44 C:/Users/ivpi/ncs/v1.8.0/nrfxlib/softdevice_controller/lib/cortex-m4/soft-float/libsoftdevice_controller_central.a(libsoftdevice_controller_s123_debug_soft__obfuscated.elf)
 .text          0x00006a20       0x4c C:/Users/ivpi/ncs/v1.8.0/nrfxlib/softdevice_controller/lib/cortex-m4/soft-float/libsoftdevice_controller_central.a(libsoftdevice_controller_s123_debug_soft__obfuscated.elf)
 .text          0x00006a6c       0x90 C:/Users/ivpi/ncs/v1.8.0/nrfxlib/softdevice_controller/lib/cortex-m4/soft-float/libsoftdevice_controller_central.a(libsoftdevice_controller_s123_debug_soft__obfuscated.elf)
 .text          0x00006afc       0x1c C:/Users/ivpi/ncs/v1.8.0/nrfxlib/softdevice_controller/lib/cortex-m4/soft-float/libsoftdevice_controller_central.a(libsoftdevice_controller_s123_debug_soft__obfuscated.elf)
 .text          0x00006b18       0x80 C:/Users/ivpi/ncs/v1.8.0/nrfxlib/softdevice_controller/lib/cortex-m4/soft-float/libsoftdevice_controller_central.a(libsoftdevice_controller_s123_debug_soft__obfuscated.elf)
                0x00006b18                sym_I6CP23ODGJWRR4E4LKGCN5RJCVBTXYTDYCCXNSQ
 .text          0x00006b98       0x60 C:/Users/ivpi/ncs/v1.8.0/nrfxlib/softdevice_controller/lib/cortex-m4/soft-float/libsoftdevice_controller_central.a(libsoftdevice_controller_s123_debug_soft__obfuscated.elf)
 .text          0x00006bf8       0x2c C:/Users/ivpi/ncs/v1.8.0/nrfxlib/softdevice_controller/lib/cortex-m4/soft-float/libsoftdevice_controller_central.a(libsoftdevice_controller_s123_debug_soft__obfuscated.elf)
                0x00006bf8                sym_RQLOJUGFCKCS5YSXHMF5LIHXPBLO5AO63KQE3GQ
 .text          0x00006c24       0x1c C:/Users/ivpi/ncs/v1.8.0/nrfxlib/softdevice_controller/lib/cortex-m4/soft-float/libsoftdevice_controller_central.a(libsoftdevice_controller_s123_debug_soft__obfuscated.elf)
                0x00006c24                sym_MAOKHHVPGVT23KVRN33B7KPEJU6F55EB66KOGDQ
 .text          0x00006c40       0xa6 C:/Users/ivpi/ncs/v1.8.0/nrfxlib/softdevice_controller/lib/cortex-m4/soft-float/libsoftdevice_controller_central.a(libsoftdevice_controller_s123_debug_soft__obfuscated.elf)
                0x00006c40                sym_KHCOV3Y476ESNIVYZPGAZMIYAIZNR3YMGCWNDEQ
 *fill*         0x00006ce6        0x2 
 .text          0x00006ce8       0x86 C:/Users/ivpi/ncs/v1.8.0/nrfxlib/softdevice_controller/lib/cortex-m4/soft-float/libsoftdevice_controller_central.a(libsoftdevice_controller_s123_debug_soft__obfuscated.elf)
 *fill*         0x00006d6e        0x2 
 .text          0x00006d70       0x20 C:/Users/ivpi/ncs/v1.8.0/nrfxlib/softdevice_controller/lib/cortex-m4/soft-float/libsoftdevice_controller_central.a(libsoftdevice_controller_s123_debug_soft__obfuscated.elf)
                0x00006d70                sym_AQNKAYNIT4GTGTVAKOZJZSWZBN4I6FFKO6L5AXA
 .text          0x00006d90       0x28 C:/Users/ivpi/ncs/v1.8.0/nrfxlib/softdevice_controller/lib/cortex-m4/soft-float/libsoftdevice_controller_central.a(libsoftdevice_controller_s123_debug_soft__obfuscated.elf)
                0x00006d90                sym_ASSU5HSD7LU7BXC2C2QNNVLB6AOHO4SQ3KK3OJY
 .text          0x00006db8       0xa4 C:/Users/ivpi/ncs/v1.8.0/nrfxlib/softdevice_controller/lib/cortex-m4/soft-float/libsoftdevice_controller_central.a(libsoftdevice_controller_s123_debug_soft__obfuscated.elf)
                0x00006db8                sym_2NLJY3RIUYXQOZYTZ6WNJA5SS4UKGFLVECP5SQA
 .text          0x00006e5c      0x13c C:/Users/ivpi/ncs/v1.8.0/nrfxlib/softdevice_controller/lib/cortex-m4/soft-float/libsoftdevice_controller_central.a(libsoftdevice_controller_s123_debug_soft__obfuscated.elf)
                0x00006e5c                sym_FTGDIHB35XVITI7QRBPNULMZCYC2B7JJ7JXVWYA
 .text          0x00006f98       0x7c C:/Users/ivpi/ncs/v1.8.0/nrfxlib/softdevice_controller/lib/cortex-m4/soft-float/libsoftdevice_controller_central.a(libsoftdevice_controller_s123_debug_soft__obfuscated.elf)
                0x00006f98                sym_T3BW2IY7GGCYVBUXRHPEV6YGKLT3RH2Z7GCJRQI
 .text          0x00007014       0x54 C:/Users/ivpi/ncs/v1.8.0/nrfxlib/softdevice_controller/lib/cortex-m4/soft-float/libsoftdevice_controller_central.a(libsoftdevice_controller_s123_debug_soft__obfuscated.elf)
                0x00007014                sym_BBCGHL23UJV466BYW2SHQ2OBUQH4NLFTPMY4GQA
 .text          0x00007068       0x34 C:/Users/ivpi/ncs/v1.8.0/nrfxlib/softdevice_controller/lib/cortex-m4/soft-float/libsoftdevice_controller_central.a(libsoftdevice_controller_s123_debug_soft__obfuscated.elf)
                0x00007068                sym_ZUFGUNQKQRINYDDQ2AFT3BJLR3IFVV6WJFPT3PA
 .text          0x0000709c       0xe0 C:/Users/ivpi/ncs/v1.8.0/nrfxlib/softdevice_controller/lib/cortex-m4/soft-float/libsoftdevice_controller_central.a(libsoftdevice_controller_s123_debug_soft__obfuscated.elf)
 .text          0x0000717c       0x9c C:/Users/ivpi/ncs/v1.8.0/nrfxlib/softdevice_controller/lib/cortex-m4/soft-float/libsoftdevice_controller_central.a(libsoftdevice_controller_s123_debug_soft__obfuscated.elf)
 .text          0x00007218       0xb8 C:/Users/ivpi/ncs/v1.8.0/nrfxlib/softdevice_controller/lib/cortex-m4/soft-float/libsoftdevice_controller_central.a(libsoftdevice_controller_s123_debug_soft__obfuscated.elf)
 .text          0x000072d0       0x2c C:/Users/ivpi/ncs/v1.8.0/nrfxlib/softdevice_controller/lib/cortex-m4/soft-float/libsoftdevice_controller_central.a(libsoftdevice_controller_s123_debug_soft__obfuscated.elf)
                0x000072d0                sym_YCGK7WNXKD6OBWJXKZPNCNC4IVXYKAWKFKPJJ3Q
 .text          0x000072fc       0x6c C:/Users/ivpi/ncs/v1.8.0/nrfxlib/softdevice_controller/lib/cortex-m4/soft-float/libsoftdevice_controller_central.a(libsoftdevice_controller_s123_debug_soft__obfuscated.elf)
                0x000072fc                sym_HRCF6LWSDWPWEZA7S5YQFCNRDXXCJA6WGOZECRY
 .text          0x00007368       0x9c C:/Users/ivpi/ncs/v1.8.0/nrfxlib/softdevice_controller/lib/cortex-m4/soft-float/libsoftdevice_controller_central.a(libsoftdevice_controller_s123_debug_soft__obfuscated.elf)
                0x00007368                sym_DP474BSWQ6W7M27XE2M7XMGWSDEQ3KL66B2SR5Q
 .text          0x00007404        0xc C:/Users/ivpi/ncs/v1.8.0/nrfxlib/softdevice_controller/lib/cortex-m4/soft-float/libsoftdevice_controller_central.a(libsoftdevice_controller_s123_debug_soft__obfuscated.elf)
                0x00007404                sym_LSVSDRPU6I3TDCLLOUEM2V2AVGSQ7RX4GJRYLGY
 .text          0x00007410       0x84 C:/Users/ivpi/ncs/v1.8.0/nrfxlib/softdevice_controller/lib/cortex-m4/soft-float/libsoftdevice_controller_central.a(libsoftdevice_controller_s123_debug_soft__obfuscated.elf)
                0x00007410                sym_CAWX7VFIWXNZLGUALKXHPOWKG5OUKQTCDAWDIJQ
 .text          0x00007494       0x2c C:/Users/ivpi/ncs/v1.8.0/nrfxlib/softdevice_controller/lib/cortex-m4/soft-float/libsoftdevice_controller_central.a(libsoftdevice_controller_s123_debug_soft__obfuscated.elf)
                0x00007494                sym_UNILPC3WRTR35RH7UOHDW2CBEPUWSJ7EITIV3ZY
 .text          0x000074c0       0x24 C:/Users/ivpi/ncs/v1.8.0/nrfxlib/softdevice_controller/lib/cortex-m4/soft-float/libsoftdevice_controller_central.a(libsoftdevice_controller_s123_debug_soft__obfuscated.elf)
                0x000074c0                sym_BWOW7IRAHQYZVS3PPGHEV5NC5WFIEH4A4RVZSCY
 .text          0x000074e4       0x6c C:/Users/ivpi/ncs/v1.8.0/nrfxlib/softdevice_controller/lib/cortex-m4/soft-float/libsoftdevice_controller_central.a(libsoftdevice_controller_s123_debug_soft__obfuscated.elf)
                0x000074e4                sym_QHGHSVTF7L437YVLUCKKPDATAJPGFRYC4WKEE3Q
 .text          0x00007550       0x10 C:/Users/ivpi/ncs/v1.8.0/nrfxlib/softdevice_controller/lib/cortex-m4/soft-float/libsoftdevice_controller_central.a(libsoftdevice_controller_s123_debug_soft__obfuscated.elf)
                0x00007550                sym_VK3LYWW654ZNWB44W7VFNFGOUDPRKIGF72NOIJQ
 .text          0x00007560       0x30 C:/Users/ivpi/ncs/v1.8.0/nrfxlib/softdevice_controller/lib/cortex-m4/soft-float/libsoftdevice_controller_central.a(libsoftdevice_controller_s123_debug_soft__obfuscated.elf)
                0x00007560                sym_E2CRP72QBQBK56N4JLXHAC3TVB4DCKBR4JCPWZI
 .text          0x00007590       0x2c C:/Users/ivpi/ncs/v1.8.0/nrfxlib/softdevice_controller/lib/cortex-m4/soft-float/libsoftdevice_controller_central.a(libsoftdevice_controller_s123_debug_soft__obfuscated.elf)
                0x00007590                sym_NN7F2AFPNY6STZCCSXFBV5372QVP4U2ULKNO6YY
 .text          0x000075bc       0x48 C:/Users/ivpi/ncs/v1.8.0/nrfxlib/softdevice_controller/lib/cortex-m4/soft-float/libsoftdevice_controller_central.a(libsoftdevice_controller_s123_debug_soft__obfuscated.elf)
                0x000075bc                sym_CWCJBYNEE73YTWZDQ2FWMB5MOYKQIAA5AHOKAEI
 .text          0x00007604       0x54 C:/Users/ivpi/ncs/v1.8.0/nrfxlib/softdevice_controller/lib/cortex-m4/soft-float/libsoftdevice_controller_central.a(libsoftdevice_controller_s123_debug_soft__obfuscated.elf)
                0x00007604                sym_DKYSP3NMOGW5WL2AN37B2ETSQMQQZYB63CFPVXY
 .text          0x00007658       0x10 C:/Users/ivpi/ncs/v1.8.0/nrfxlib/softdevice_controller/lib/cortex-m4/soft-float/libsoftdevice_controller_central.a(libsoftdevice_controller_s123_debug_soft__obfuscated.elf)
                0x00007658                sym_NMZIVYO7OGKV6EPWB3U2ZSNCJRLWT2HQRLXCNFQ
 .text          0x00007668       0x10 C:/Users/ivpi/ncs/v1.8.0/nrfxlib/softdevice_controller/lib/cortex-m4/soft-float/libsoftdevice_controller_central.a(libsoftdevice_controller_s123_debug_soft__obfuscated.elf)
                0x00007668                sym_WYXBJE6NWBKILRWDCM2MMYJSSQVAUS4Y4CIL3JA
 .text          0x00007678       0x34 C:/Users/ivpi/ncs/v1.8.0/nrfxlib/softdevice_controller/lib/cortex-m4/soft-float/libsoftdevice_controller_central.a(libsoftdevice_controller_s123_debug_soft__obfuscated.elf)
                0x00007678                sym_MVPTAXVMKKJKZSZY7URPZXTLDWW3HFU23KIS2JY
 .text          0x000076ac       0x6c C:/Users/ivpi/ncs/v1.8.0/nrfxlib/softdevice_controller/lib/cortex-m4/soft-float/libsoftdevice_controller_central.a(libsoftdevice_controller_s123_debug_soft__obfuscated.elf)
                0x000076ac                sym_DT76CGJPKTZTBYTJ74CI3APDNUWUPZSXP2BUGWY
 .text          0x00007718       0x1c C:/Users/ivpi/ncs/v1.8.0/nrfxlib/softdevice_controller/lib/cortex-m4/soft-float/libsoftdevice_controller_central.a(libsoftdevice_controller_s123_debug_soft__obfuscated.elf)
                0x00007718                sym_MWLD7ADI4DKLCCAP7TV4Z4ALM2E7XBXHCX6LARQ
 .text          0x00007734       0x1c C:/Users/ivpi/ncs/v1.8.0/nrfxlib/softdevice_controller/lib/cortex-m4/soft-float/libsoftdevice_controller_central.a(libsoftdevice_controller_s123_debug_soft__obfuscated.elf)
                0x00007734                sym_HTKBM4AXPDDAEAMJNV3SEGKNDOKHE4XGMB7II5Q
 .text          0x00007750       0x10 C:/Users/ivpi/ncs/v1.8.0/nrfxlib/softdevice_controller/lib/cortex-m4/soft-float/libsoftdevice_controller_central.a(libsoftdevice_controller_s123_debug_soft__obfuscated.elf)
                0x00007750                sym_2QCSOYKJNF32ZBJORU6CJN7O5NDB7M3GD4LTM7A
 .text          0x00007760       0x3c C:/Users/ivpi/ncs/v1.8.0/nrfxlib/softdevice_controller/lib/cortex-m4/soft-float/libsoftdevice_controller_central.a(libsoftdevice_controller_s123_debug_soft__obfuscated.elf)
                0x00007760                sym_Y3LLBAILR6W7PLNIFAS76NKLAMZYWOKXIQMSIJY
 .text          0x0000779c        0xc C:/Users/ivpi/ncs/v1.8.0/nrfxlib/softdevice_controller/lib/cortex-m4/soft-float/libsoftdevice_controller_central.a(libsoftdevice_controller_s123_debug_soft__obfuscated.elf)
                0x0000779c                sym_KTO2H4NDIYSSQUUKE3NMMN4YAJAKAHZE3TQVHOY
 .text          0x000077a8       0x24 C:/Users/ivpi/ncs/v1.8.0/nrfxlib/softdevice_controller/lib/cortex-m4/soft-float/libsoftdevice_controller_central.a(libsoftdevice_controller_s123_debug_soft__obfuscated.elf)
                0x000077a8                sym_MTC4J2MZE6VAAPCSLUXPAJHBAOGCFLQEYGARL6I
 .text          0x000077cc       0x30 C:/Users/ivpi/ncs/v1.8.0/nrfxlib/softdevice_controller/lib/cortex-m4/soft-float/libsoftdevice_controller_central.a(libsoftdevice_controller_s123_debug_soft__obfuscated.elf)
                0x000077cc                sym_SPOA75Q2J6LVU6OSBDIHNSVXF4UIA7YYLMJNW6Y
 .text          0x000077fc       0x10 C:/Users/ivpi/ncs/v1.8.0/nrfxlib/softdevice_controller/lib/cortex-m4/soft-float/libsoftdevice_controller_central.a(libsoftdevice_controller_s123_debug_soft__obfuscated.elf)
                0x000077fc                sym_C6DXC74AFTZZCXMRWBEAHQAQL3FVDNYSC45JP5Q
 .text          0x0000780c       0x3c C:/Users/ivpi/ncs/v1.8.0/nrfxlib/softdevice_controller/lib/cortex-m4/soft-float/libsoftdevice_controller_central.a(libsoftdevice_controller_s123_debug_soft__obfuscated.elf)
                0x0000780c                sym_2P3U35PVPGI22WKCAIMTRDZZMPBUUYDSHVM74OA
 .text          0x00007848       0x24 C:/Users/ivpi/ncs/v1.8.0/nrfxlib/softdevice_controller/lib/cortex-m4/soft-float/libsoftdevice_controller_central.a(libsoftdevice_controller_s123_debug_soft__obfuscated.elf)
 .text          0x0000786c       0x50 C:/Users/ivpi/ncs/v1.8.0/nrfxlib/softdevice_controller/lib/cortex-m4/soft-float/libsoftdevice_controller_central.a(libsoftdevice_controller_s123_debug_soft__obfuscated.elf)
 .text          0x000078bc       0x8c C:/Users/ivpi/ncs/v1.8.0/nrfxlib/softdevice_controller/lib/cortex-m4/soft-float/libsoftdevice_controller_central.a(libsoftdevice_controller_s123_debug_soft__obfuscated.elf)
 .text          0x00007948       0x7c C:/Users/ivpi/ncs/v1.8.0/nrfxlib/softdevice_controller/lib/cortex-m4/soft-float/libsoftdevice_controller_central.a(libsoftdevice_controller_s123_debug_soft__obfuscated.elf)
 .text          0x000079c4       0x5c C:/Users/ivpi/ncs/v1.8.0/nrfxlib/softdevice_controller/lib/cortex-m4/soft-float/libsoftdevice_controller_central.a(libsoftdevice_controller_s123_debug_soft__obfuscated.elf)
 .text          0x00007a20       0x54 C:/Users/ivpi/ncs/v1.8.0/nrfxlib/softdevice_controller/lib/cortex-m4/soft-float/libsoftdevice_controller_central.a(libsoftdevice_controller_s123_debug_soft__obfuscated.elf)
 .text          0x00007a74       0x18 C:/Users/ivpi/ncs/v1.8.0/nrfxlib/softdevice_controller/lib/cortex-m4/soft-float/libsoftdevice_controller_central.a(libsoftdevice_controller_s123_debug_soft__obfuscated.elf)
 .text          0x00007a8c       0x28 C:/Users/ivpi/ncs/v1.8.0/nrfxlib/softdevice_controller/lib/cortex-m4/soft-float/libsoftdevice_controller_central.a(libsoftdevice_controller_s123_debug_soft__obfuscated.elf)
 .text          0x00007ab4       0xfc C:/Users/ivpi/ncs/v1.8.0/nrfxlib/softdevice_controller/lib/cortex-m4/soft-float/libsoftdevice_controller_central.a(libsoftdevice_controller_s123_debug_soft__obfuscated.elf)
 .text          0x00007bb0       0xec C:/Users/ivpi/ncs/v1.8.0/nrfxlib/softdevice_controller/lib/cortex-m4/soft-float/libsoftdevice_controller_central.a(libsoftdevice_controller_s123_debug_soft__obfuscated.elf)
 .text          0x00007c9c      0x1a4 C:/Users/ivpi/ncs/v1.8.0/nrfxlib/softdevice_controller/lib/cortex-m4/soft-float/libsoftdevice_controller_central.a(libsoftdevice_controller_s123_debug_soft__obfuscated.elf)
 .text          0x00007e40      0x104 C:/Users/ivpi/ncs/v1.8.0/nrfxlib/softdevice_controller/lib/cortex-m4/soft-float/libsoftdevice_controller_central.a(libsoftdevice_controller_s123_debug_soft__obfuscated.elf)
 .text          0x00007f44       0x7c C:/Users/ivpi/ncs/v1.8.0/nrfxlib/softdevice_controller/lib/cortex-m4/soft-float/libsoftdevice_controller_central.a(libsoftdevice_controller_s123_debug_soft__obfuscated.elf)
 .text          0x00007fc0       0x84 C:/Users/ivpi/ncs/v1.8.0/nrfxlib/softdevice_controller/lib/cortex-m4/soft-float/libsoftdevice_controller_central.a(libsoftdevice_controller_s123_debug_soft__obfuscated.elf)
 .text          0x00008044       0x4c C:/Users/ivpi/ncs/v1.8.0/nrfxlib/softdevice_controller/lib/cortex-m4/soft-float/libsoftdevice_controller_central.a(libsoftdevice_controller_s123_debug_soft__obfuscated.elf)
 .text          0x00008090       0x34 C:/Users/ivpi/ncs/v1.8.0/nrfxlib/softdevice_controller/lib/cortex-m4/soft-float/libsoftdevice_controller_central.a(libsoftdevice_controller_s123_debug_soft__obfuscated.elf)
 .text          0x000080c4       0x18 C:/Users/ivpi/ncs/v1.8.0/nrfxlib/softdevice_controller/lib/cortex-m4/soft-float/libsoftdevice_controller_central.a(libsoftdevice_controller_s123_debug_soft__obfuscated.elf)
 .text          0x000080dc       0x24 C:/Users/ivpi/ncs/v1.8.0/nrfxlib/softdevice_controller/lib/cortex-m4/soft-float/libsoftdevice_controller_central.a(libsoftdevice_controller_s123_debug_soft__obfuscated.elf)
 .text          0x00008100       0xd4 C:/Users/ivpi/ncs/v1.8.0/nrfxlib/softdevice_controller/lib/cortex-m4/soft-float/libsoftdevice_controller_central.a(libsoftdevice_controller_s123_debug_soft__obfuscated.elf)
 .text          0x000081d4       0x54 C:/Users/ivpi/ncs/v1.8.0/nrfxlib/softdevice_controller/lib/cortex-m4/soft-float/libsoftdevice_controller_central.a(libsoftdevice_controller_s123_debug_soft__obfuscated.elf)
 .text          0x00008228       0x24 C:/Users/ivpi/ncs/v1.8.0/nrfxlib/softdevice_controller/lib/cortex-m4/soft-float/libsoftdevice_controller_central.a(libsoftdevice_controller_s123_debug_soft__obfuscated.elf)
 .text          0x0000824c       0x38 C:/Users/ivpi/ncs/v1.8.0/nrfxlib/softdevice_controller/lib/cortex-m4/soft-float/libsoftdevice_controller_central.a(libsoftdevice_controller_s123_debug_soft__obfuscated.elf)
 .text          0x00008284       0x44 C:/Users/ivpi/ncs/v1.8.0/nrfxlib/softdevice_controller/lib/cortex-m4/soft-float/libsoftdevice_controller_central.a(libsoftdevice_controller_s123_debug_soft__obfuscated.elf)
 .text          0x000082c8       0xe0 C:/Users/ivpi/ncs/v1.8.0/nrfxlib/softdevice_controller/lib/cortex-m4/soft-float/libsoftdevice_controller_central.a(libsoftdevice_controller_s123_debug_soft__obfuscated.elf)
 .text          0x000083a8       0x30 C:/Users/ivpi/ncs/v1.8.0/nrfxlib/softdevice_controller/lib/cortex-m4/soft-float/libsoftdevice_controller_central.a(libsoftdevice_controller_s123_debug_soft__obfuscated.elf)
 .text          0x000083d8       0x50 C:/Users/ivpi/ncs/v1.8.0/nrfxlib/softdevice_controller/lib/cortex-m4/soft-float/libsoftdevice_controller_central.a(libsoftdevice_controller_s123_debug_soft__obfuscated.elf)
 .text          0x00008428       0x20 C:/Users/ivpi/ncs/v1.8.0/nrfxlib/softdevice_controller/lib/cortex-m4/soft-float/libsoftdevice_controller_central.a(libsoftdevice_controller_s123_debug_soft__obfuscated.elf)
 .text          0x00008448       0x10 C:/Users/ivpi/ncs/v1.8.0/nrfxlib/softdevice_controller/lib/cortex-m4/soft-float/libsoftdevice_controller_central.a(libsoftdevice_controller_s123_debug_soft__obfuscated.elf)
 .text          0x00008458       0x9c C:/Users/ivpi/ncs/v1.8.0/nrfxlib/softdevice_controller/lib/cortex-m4/soft-float/libsoftdevice_controller_central.a(libsoftdevice_controller_s123_debug_soft__obfuscated.elf)
 .text          0x000084f4       0x84 C:/Users/ivpi/ncs/v1.8.0/nrfxlib/softdevice_controller/lib/cortex-m4/soft-float/libsoftdevice_controller_central.a(libsoftdevice_controller_s123_debug_soft__obfuscated.elf)
 .text          0x00008578       0x34 C:/Users/ivpi/ncs/v1.8.0/nrfxlib/softdevice_controller/lib/cortex-m4/soft-float/libsoftdevice_controller_central.a(libsoftdevice_controller_s123_debug_soft__obfuscated.elf)
 .text          0x000085ac       0x84 C:/Users/ivpi/ncs/v1.8.0/nrfxlib/softdevice_controller/lib/cortex-m4/soft-float/libsoftdevice_controller_central.a(libsoftdevice_controller_s123_debug_soft__obfuscated.elf)
 .text          0x00008630       0x3c C:/Users/ivpi/ncs/v1.8.0/nrfxlib/softdevice_controller/lib/cortex-m4/soft-float/libsoftdevice_controller_central.a(libsoftdevice_controller_s123_debug_soft__obfuscated.elf)
 .text          0x0000866c        0x8 C:/Users/ivpi/ncs/v1.8.0/nrfxlib/softdevice_controller/lib/cortex-m4/soft-float/libsoftdevice_controller_central.a(libsoftdevice_controller_s123_debug_soft__obfuscated.elf)
 .text          0x00008674        0x8 C:/Users/ivpi/ncs/v1.8.0/nrfxlib/softdevice_controller/lib/cortex-m4/soft-float/libsoftdevice_controller_central.a(libsoftdevice_controller_s123_debug_soft__obfuscated.elf)
 .text          0x0000867c        0x8 C:/Users/ivpi/ncs/v1.8.0/nrfxlib/softdevice_controller/lib/cortex-m4/soft-float/libsoftdevice_controller_central.a(libsoftdevice_controller_s123_debug_soft__obfuscated.elf)
 .text          0x00008684        0x8 C:/Users/ivpi/ncs/v1.8.0/nrfxlib/softdevice_controller/lib/cortex-m4/soft-float/libsoftdevice_controller_central.a(libsoftdevice_controller_s123_debug_soft__obfuscated.elf)
 .text          0x0000868c       0x1c C:/Users/ivpi/ncs/v1.8.0/nrfxlib/softdevice_controller/lib/cortex-m4/soft-float/libsoftdevice_controller_central.a(libsoftdevice_controller_s123_debug_soft__obfuscated.elf)
 .text          0x000086a8       0x10 C:/Users/ivpi/ncs/v1.8.0/nrfxlib/softdevice_controller/lib/cortex-m4/soft-float/libsoftdevice_controller_central.a(libsoftdevice_controller_s123_debug_soft__obfuscated.elf)
 .text          0x000086b8       0xea C:/Users/ivpi/ncs/v1.8.0/nrfxlib/softdevice_controller/lib/cortex-m4/soft-float/libsoftdevice_controller_central.a(libsoftdevice_controller_s123_debug_soft__obfuscated.elf)
                0x000086b8                sym_APQBQYVRLINLVCFXLBBEITGXGOI22AKEZA4TBXI
 *fill*         0x000087a2        0x2 
 .text          0x000087a4       0x70 C:/Users/ivpi/ncs/v1.8.0/nrfxlib/softdevice_controller/lib/cortex-m4/soft-float/libsoftdevice_controller_central.a(libsoftdevice_controller_s123_debug_soft__obfuscated.elf)
                0x000087a4                sym_H6SJIQXHKN7VVG6C62ASOS3CUN62ZMELS5YDO4I
 .text          0x00008814       0x3c C:/Users/ivpi/ncs/v1.8.0/nrfxlib/softdevice_controller/lib/cortex-m4/soft-float/libsoftdevice_controller_central.a(libsoftdevice_controller_s123_debug_soft__obfuscated.elf)
                0x00008814                sym_64HX2E4XZUI7W6V3KWAXUMCQ3Y3TK7QM4TKA7RQ
 .text          0x00008850       0x88 C:/Users/ivpi/ncs/v1.8.0/nrfxlib/softdevice_controller/lib/cortex-m4/soft-float/libsoftdevice_controller_central.a(libsoftdevice_controller_s123_debug_soft__obfuscated.elf)
                0x00008850                sym_NMFSQPWNRCV6HXBI7IE26MSQQN35QYITSFUP7UQ
 .text          0x000088d8       0x10 C:/Users/ivpi/ncs/v1.8.0/nrfxlib/softdevice_controller/lib/cortex-m4/soft-float/libsoftdevice_controller_central.a(libsoftdevice_controller_s123_debug_soft__obfuscated.elf)
                0x000088d8                sym_3FFXBKVY5X23ZTRFF54SFBJLPNCARR3MOC6ZW4Q
 .text          0x000088e8        0xc C:/Users/ivpi/ncs/v1.8.0/nrfxlib/softdevice_controller/lib/cortex-m4/soft-float/libsoftdevice_controller_central.a(libsoftdevice_controller_s123_debug_soft__obfuscated.elf)
                0x000088e8                sym_QH6ACNASCZIPLGXDLTGSQRSHW5NB7ZQTZZRK4YA
 .text          0x000088f4       0x28 C:/Users/ivpi/ncs/v1.8.0/nrfxlib/softdevice_controller/lib/cortex-m4/soft-float/libsoftdevice_controller_central.a(libsoftdevice_controller_s123_debug_soft__obfuscated.elf)
                0x000088f4                sym_D32O5UGH4Z5UIIID2WCPPQW5AIZTB7O27GPHRFY
 .text          0x0000891c       0x18 C:/Users/ivpi/ncs/v1.8.0/nrfxlib/softdevice_controller/lib/cortex-m4/soft-float/libsoftdevice_controller_central.a(libsoftdevice_controller_s123_debug_soft__obfuscated.elf)
                0x0000891c                sym_PZUNZTYT7AZJNJFZS5D6BQSK2VUJ7IAMM34PDSQ
 .text          0x00008934       0x78 C:/Users/ivpi/ncs/v1.8.0/nrfxlib/softdevice_controller/lib/cortex-m4/soft-float/libsoftdevice_controller_central.a(libsoftdevice_controller_s123_debug_soft__obfuscated.elf)
                0x00008934                sym_QEQ3U44ESDZWCO3BSF6YRZCNVA53QKJJDYOH4IA
 .text          0x000089ac       0x6c C:/Users/ivpi/ncs/v1.8.0/nrfxlib/softdevice_controller/lib/cortex-m4/soft-float/libsoftdevice_controller_central.a(libsoftdevice_controller_s123_debug_soft__obfuscated.elf)
                0x000089ac                sym_FD3YSKMJFZZ6QLBN5QYR4W3IEFZPNIDML2SRNFA
 .text          0x00008a18        0xc C:/Users/ivpi/ncs/v1.8.0/nrfxlib/softdevice_controller/lib/cortex-m4/soft-float/libsoftdevice_controller_central.a(libsoftdevice_controller_s123_debug_soft__obfuscated.elf)
                0x00008a18                sym_N4O5U3NJSTCGLBUPXQCZS42TMU5XHBTVV6MIOFQ
 .text          0x00008a24       0x38 C:/Users/ivpi/ncs/v1.8.0/nrfxlib/softdevice_controller/lib/cortex-m4/soft-float/libsoftdevice_controller_central.a(libsoftdevice_controller_s123_debug_soft__obfuscated.elf)
                0x00008a24                sym_G3T75QYGDXLADVOG7TRD7S7FJG34FXA2B745E2A
 .text          0x00008a5c       0x44 C:/Users/ivpi/ncs/v1.8.0/nrfxlib/softdevice_controller/lib/cortex-m4/soft-float/libsoftdevice_controller_central.a(libsoftdevice_controller_s123_debug_soft__obfuscated.elf)
                0x00008a5c                sym_SVA6DLBGPY6XV2V2F4HOMHWDPSDIRD722L2FDEI
 .text          0x00008aa0       0x70 C:/Users/ivpi/ncs/v1.8.0/nrfxlib/softdevice_controller/lib/cortex-m4/soft-float/libsoftdevice_controller_central.a(libsoftdevice_controller_s123_debug_soft__obfuscated.elf)
                0x00008aa0                sym_75TAEO5RFHKNVZFZHMOMYUKRALUIDEKJ3QZBZUI
 .text          0x00008b10       0x64 C:/Users/ivpi/ncs/v1.8.0/nrfxlib/softdevice_controller/lib/cortex-m4/soft-float/libsoftdevice_controller_central.a(libsoftdevice_controller_s123_debug_soft__obfuscated.elf)
                0x00008b10                sym_FWBDPDM7VY7WBRWZ3WP5JROXJKUZAWVORDIS6GI
 .text          0x00008b74       0x9c C:/Users/ivpi/ncs/v1.8.0/nrfxlib/softdevice_controller/lib/cortex-m4/soft-float/libsoftdevice_controller_central.a(libsoftdevice_controller_s123_debug_soft__obfuscated.elf)
                0x00008b74                sym_DZTS4L2RU3BVZZFRH3V4WKNMY7L544NVD52YT6Q
 .text          0x00008c10       0x68 C:/Users/ivpi/ncs/v1.8.0/nrfxlib/softdevice_controller/lib/cortex-m4/soft-float/libsoftdevice_controller_central.a(libsoftdevice_controller_s123_debug_soft__obfuscated.elf)
 .text          0x00008c78       0x20 C:/Users/ivpi/ncs/v1.8.0/nrfxlib/softdevice_controller/lib/cortex-m4/soft-float/libsoftdevice_controller_central.a(libsoftdevice_controller_s123_debug_soft__obfuscated.elf)
 .text          0x00008c98       0x7c C:/Users/ivpi/ncs/v1.8.0/nrfxlib/softdevice_controller/lib/cortex-m4/soft-float/libsoftdevice_controller_central.a(libsoftdevice_controller_s123_debug_soft__obfuscated.elf)
 .text          0x00008d14      0x118 C:/Users/ivpi/ncs/v1.8.0/nrfxlib/softdevice_controller/lib/cortex-m4/soft-float/libsoftdevice_controller_central.a(libsoftdevice_controller_s123_debug_soft__obfuscated.elf)
 .text          0x00008e2c       0x34 C:/Users/ivpi/ncs/v1.8.0/nrfxlib/softdevice_controller/lib/cortex-m4/soft-float/libsoftdevice_controller_central.a(libsoftdevice_controller_s123_debug_soft__obfuscated.elf)
 .text          0x00008e60       0x38 C:/Users/ivpi/ncs/v1.8.0/nrfxlib/softdevice_controller/lib/cortex-m4/soft-float/libsoftdevice_controller_central.a(libsoftdevice_controller_s123_debug_soft__obfuscated.elf)
 .text          0x00008e98       0xf4 C:/Users/ivpi/ncs/v1.8.0/nrfxlib/softdevice_controller/lib/cortex-m4/soft-float/libsoftdevice_controller_central.a(libsoftdevice_controller_s123_debug_soft__obfuscated.elf)
 .text          0x00008f8c       0x20 C:/Users/ivpi/ncs/v1.8.0/nrfxlib/softdevice_controller/lib/cortex-m4/soft-float/libsoftdevice_controller_central.a(libsoftdevice_controller_s123_debug_soft__obfuscated.elf)
 .text          0x00008fac       0x54 C:/Users/ivpi/ncs/v1.8.0/nrfxlib/softdevice_controller/lib/cortex-m4/soft-float/libsoftdevice_controller_central.a(libsoftdevice_controller_s123_debug_soft__obfuscated.elf)
 .text          0x00009000       0xf8 C:/Users/ivpi/ncs/v1.8.0/nrfxlib/softdevice_controller/lib/cortex-m4/soft-float/libsoftdevice_controller_central.a(libsoftdevice_controller_s123_debug_soft__obfuscated.elf)
 .text          0x000090f8      0x15c C:/Users/ivpi/ncs/v1.8.0/nrfxlib/softdevice_controller/lib/cortex-m4/soft-float/libsoftdevice_controller_central.a(libsoftdevice_controller_s123_debug_soft__obfuscated.elf)
 .text          0x00009254       0x88 C:/Users/ivpi/ncs/v1.8.0/nrfxlib/softdevice_controller/lib/cortex-m4/soft-float/libsoftdevice_controller_central.a(libsoftdevice_controller_s123_debug_soft__obfuscated.elf)
 .text          0x000092dc       0x28 C:/Users/ivpi/ncs/v1.8.0/nrfxlib/softdevice_controller/lib/cortex-m4/soft-float/libsoftdevice_controller_central.a(libsoftdevice_controller_s123_debug_soft__obfuscated.elf)
 .text          0x00009304       0x78 C:/Users/ivpi/ncs/v1.8.0/nrfxlib/softdevice_controller/lib/cortex-m4/soft-float/libsoftdevice_controller_central.a(libsoftdevice_controller_s123_debug_soft__obfuscated.elf)
 .text          0x0000937c       0x94 C:/Users/ivpi/ncs/v1.8.0/nrfxlib/softdevice_controller/lib/cortex-m4/soft-float/libsoftdevice_controller_central.a(libsoftdevice_controller_s123_debug_soft__obfuscated.elf)
 .text          0x00009410      0x234 C:/Users/ivpi/ncs/v1.8.0/nrfxlib/softdevice_controller/lib/cortex-m4/soft-float/libsoftdevice_controller_central.a(libsoftdevice_controller_s123_debug_soft__obfuscated.elf)
 .text          0x00009644       0x2c C:/Users/ivpi/ncs/v1.8.0/nrfxlib/softdevice_controller/lib/cortex-m4/soft-float/libsoftdevice_controller_central.a(libsoftdevice_controller_s123_debug_soft__obfuscated.elf)
 .text          0x00009670       0x54 C:/Users/ivpi/ncs/v1.8.0/nrfxlib/softdevice_controller/lib/cortex-m4/soft-float/libsoftdevice_controller_central.a(libsoftdevice_controller_s123_debug_soft__obfuscated.elf)
 .text          0x000096c4       0x34 C:/Users/ivpi/ncs/v1.8.0/nrfxlib/softdevice_controller/lib/cortex-m4/soft-float/libsoftdevice_controller_central.a(libsoftdevice_controller_s123_debug_soft__obfuscated.elf)
 .text          0x000096f8       0x18 C:/Users/ivpi/ncs/v1.8.0/nrfxlib/softdevice_controller/lib/cortex-m4/soft-float/libsoftdevice_controller_central.a(libsoftdevice_controller_s123_debug_soft__obfuscated.elf)
 .text          0x00009710       0x24 C:/Users/ivpi/ncs/v1.8.0/nrfxlib/softdevice_controller/lib/cortex-m4/soft-float/libsoftdevice_controller_central.a(libsoftdevice_controller_s123_debug_soft__obfuscated.elf)
 .text          0x00009734       0x44 C:/Users/ivpi/ncs/v1.8.0/nrfxlib/softdevice_controller/lib/cortex-m4/soft-float/libsoftdevice_controller_central.a(libsoftdevice_controller_s123_debug_soft__obfuscated.elf)
 .text          0x00009778       0x30 C:/Users/ivpi/ncs/v1.8.0/nrfxlib/softdevice_controller/lib/cortex-m4/soft-float/libsoftdevice_controller_central.a(libsoftdevice_controller_s123_debug_soft__obfuscated.elf)
                0x00009778                sym_MGQDGNJ74VJJHVTKWJOWJH5EBSV45Q2XONQQ5WQ
 .text          0x000097a8      0x20c C:/Users/ivpi/ncs/v1.8.0/nrfxlib/softdevice_controller/lib/cortex-m4/soft-float/libsoftdevice_controller_central.a(libsoftdevice_controller_s123_debug_soft__obfuscated.elf)
                0x000097a8                sym_7O4TUQ5M7Q3KRCIQ2SPFGVQDIFYV727FSNLFGKI
 .text          0x000099b4       0x5c C:/Users/ivpi/ncs/v1.8.0/nrfxlib/softdevice_controller/lib/cortex-m4/soft-float/libsoftdevice_controller_central.a(libsoftdevice_controller_s123_debug_soft__obfuscated.elf)
                0x000099b4                sym_XMSQSHOMUQJNNSSEXDAX4NHMQIFY5G5ZMQIBDRA
 .text          0x00009a10       0xd8 C:/Users/ivpi/ncs/v1.8.0/nrfxlib/softdevice_controller/lib/cortex-m4/soft-float/libsoftdevice_controller_central.a(libsoftdevice_controller_s123_debug_soft__obfuscated.elf)
                0x00009a10                sym_JMIQO3ILZD7SKROBEXXUMUGX2B5S6MSFF2CM3XY
 .text          0x00009ae8       0x30 C:/Users/ivpi/ncs/v1.8.0/nrfxlib/softdevice_controller/lib/cortex-m4/soft-float/libsoftdevice_controller_central.a(libsoftdevice_controller_s123_debug_soft__obfuscated.elf)
                0x00009ae8                sym_MEJ7N2FHYOI6WKBF6QPZGKUNC3JXLY6XDOIDFTY
 .text          0x00009b18       0xec C:/Users/ivpi/ncs/v1.8.0/nrfxlib/softdevice_controller/lib/cortex-m4/soft-float/libsoftdevice_controller_central.a(libsoftdevice_controller_s123_debug_soft__obfuscated.elf)
                0x00009b18                sym_C4R73COZU7NKK6UAUGTJ6HNWDG7QPVROF5RMZMA
 .text          0x00009c04       0x3c C:/Users/ivpi/ncs/v1.8.0/nrfxlib/softdevice_controller/lib/cortex-m4/soft-float/libsoftdevice_controller_central.a(libsoftdevice_controller_s123_debug_soft__obfuscated.elf)
 .text          0x00009c40       0x34 C:/Users/ivpi/ncs/v1.8.0/nrfxlib/softdevice_controller/lib/cortex-m4/soft-float/libsoftdevice_controller_central.a(libsoftdevice_controller_s123_debug_soft__obfuscated.elf)
 .text          0x00009c74       0xb0 C:/Users/ivpi/ncs/v1.8.0/nrfxlib/softdevice_controller/lib/cortex-m4/soft-float/libsoftdevice_controller_central.a(libsoftdevice_controller_s123_debug_soft__obfuscated.elf)
 .text          0x00009d24       0x38 C:/Users/ivpi/ncs/v1.8.0/nrfxlib/softdevice_controller/lib/cortex-m4/soft-float/libsoftdevice_controller_central.a(libsoftdevice_controller_s123_debug_soft__obfuscated.elf)
 .text          0x00009d5c      0x224 C:/Users/ivpi/ncs/v1.8.0/nrfxlib/softdevice_controller/lib/cortex-m4/soft-float/libsoftdevice_controller_central.a(libsoftdevice_controller_s123_debug_soft__obfuscated.elf)
 .text          0x00009f80       0x30 C:/Users/ivpi/ncs/v1.8.0/nrfxlib/softdevice_controller/lib/cortex-m4/soft-float/libsoftdevice_controller_central.a(libsoftdevice_controller_s123_debug_soft__obfuscated.elf)
 .text          0x00009fb0       0x94 C:/Users/ivpi/ncs/v1.8.0/nrfxlib/softdevice_controller/lib/cortex-m4/soft-float/libsoftdevice_controller_central.a(libsoftdevice_controller_s123_debug_soft__obfuscated.elf)
 .text          0x0000a044       0x84 C:/Users/ivpi/ncs/v1.8.0/nrfxlib/softdevice_controller/lib/cortex-m4/soft-float/libsoftdevice_controller_central.a(libsoftdevice_controller_s123_debug_soft__obfuscated.elf)
 .text          0x0000a0c8       0x4c C:/Users/ivpi/ncs/v1.8.0/nrfxlib/softdevice_controller/lib/cortex-m4/soft-float/libsoftdevice_controller_central.a(libsoftdevice_controller_s123_debug_soft__obfuscated.elf)
 .text          0x0000a114      0x1e0 C:/Users/ivpi/ncs/v1.8.0/nrfxlib/softdevice_controller/lib/cortex-m4/soft-float/libsoftdevice_controller_central.a(libsoftdevice_controller_s123_debug_soft__obfuscated.elf)
 .text          0x0000a2f4       0xa8 C:/Users/ivpi/ncs/v1.8.0/nrfxlib/softdevice_controller/lib/cortex-m4/soft-float/libsoftdevice_controller_central.a(libsoftdevice_controller_s123_debug_soft__obfuscated.elf)
 .text          0x0000a39c       0x54 C:/Users/ivpi/ncs/v1.8.0/nrfxlib/softdevice_controller/lib/cortex-m4/soft-float/libsoftdevice_controller_central.a(libsoftdevice_controller_s123_debug_soft__obfuscated.elf)
 .text          0x0000a3f0      0x158 C:/Users/ivpi/ncs/v1.8.0/nrfxlib/softdevice_controller/lib/cortex-m4/soft-float/libsoftdevice_controller_central.a(libsoftdevice_controller_s123_debug_soft__obfuscated.elf)
 .text          0x0000a548       0x80 C:/Users/ivpi/ncs/v1.8.0/nrfxlib/softdevice_controller/lib/cortex-m4/soft-float/libsoftdevice_controller_central.a(libsoftdevice_controller_s123_debug_soft__obfuscated.elf)
 .text          0x0000a5c8       0x88 C:/Users/ivpi/ncs/v1.8.0/nrfxlib/softdevice_controller/lib/cortex-m4/soft-float/libsoftdevice_controller_central.a(libsoftdevice_controller_s123_debug_soft__obfuscated.elf)
 .text          0x0000a650       0x88 C:/Users/ivpi/ncs/v1.8.0/nrfxlib/softdevice_controller/lib/cortex-m4/soft-float/libsoftdevice_controller_central.a(libsoftdevice_controller_s123_debug_soft__obfuscated.elf)
 .text          0x0000a6d8       0x48 C:/Users/ivpi/ncs/v1.8.0/nrfxlib/softdevice_controller/lib/cortex-m4/soft-float/libsoftdevice_controller_central.a(libsoftdevice_controller_s123_debug_soft__obfuscated.elf)
 .text          0x0000a720       0x44 C:/Users/ivpi/ncs/v1.8.0/nrfxlib/softdevice_controller/lib/cortex-m4/soft-float/libsoftdevice_controller_central.a(libsoftdevice_controller_s123_debug_soft__obfuscated.elf)
 .text          0x0000a764       0x4c C:/Users/ivpi/ncs/v1.8.0/nrfxlib/softdevice_controller/lib/cortex-m4/soft-float/libsoftdevice_controller_central.a(libsoftdevice_controller_s123_debug_soft__obfuscated.elf)
 .text          0x0000a7b0       0x38 C:/Users/ivpi/ncs/v1.8.0/nrfxlib/softdevice_controller/lib/cortex-m4/soft-float/libsoftdevice_controller_central.a(libsoftdevice_controller_s123_debug_soft__obfuscated.elf)
 .text          0x0000a7e8       0x7c C:/Users/ivpi/ncs/v1.8.0/nrfxlib/softdevice_controller/lib/cortex-m4/soft-float/libsoftdevice_controller_central.a(libsoftdevice_controller_s123_debug_soft__obfuscated.elf)
 .text          0x0000a864       0x70 C:/Users/ivpi/ncs/v1.8.0/nrfxlib/softdevice_controller/lib/cortex-m4/soft-float/libsoftdevice_controller_central.a(libsoftdevice_controller_s123_debug_soft__obfuscated.elf)
 .text          0x0000a8d4       0xcc C:/Users/ivpi/ncs/v1.8.0/nrfxlib/softdevice_controller/lib/cortex-m4/soft-float/libsoftdevice_controller_central.a(libsoftdevice_controller_s123_debug_soft__obfuscated.elf)
 .text          0x0000a9a0       0x70 C:/Users/ivpi/ncs/v1.8.0/nrfxlib/softdevice_controller/lib/cortex-m4/soft-float/libsoftdevice_controller_central.a(libsoftdevice_controller_s123_debug_soft__obfuscated.elf)
 .text          0x0000aa10       0x34 C:/Users/ivpi/ncs/v1.8.0/nrfxlib/softdevice_controller/lib/cortex-m4/soft-float/libsoftdevice_controller_central.a(libsoftdevice_controller_s123_debug_soft__obfuscated.elf)
 .text          0x0000aa44       0x2c C:/Users/ivpi/ncs/v1.8.0/nrfxlib/softdevice_controller/lib/cortex-m4/soft-float/libsoftdevice_controller_central.a(libsoftdevice_controller_s123_debug_soft__obfuscated.elf)
 .text          0x0000aa70       0x24 C:/Users/ivpi/ncs/v1.8.0/nrfxlib/softdevice_controller/lib/cortex-m4/soft-float/libsoftdevice_controller_central.a(libsoftdevice_controller_s123_debug_soft__obfuscated.elf)
 .text          0x0000aa94      0x110 C:/Users/ivpi/ncs/v1.8.0/nrfxlib/softdevice_controller/lib/cortex-m4/soft-float/libsoftdevice_controller_central.a(libsoftdevice_controller_s123_debug_soft__obfuscated.elf)
 .text          0x0000aba4       0x68 C:/Users/ivpi/ncs/v1.8.0/nrfxlib/softdevice_controller/lib/cortex-m4/soft-float/libsoftdevice_controller_central.a(libsoftdevice_controller_s123_debug_soft__obfuscated.elf)
 .text          0x0000ac0c       0x24 C:/Users/ivpi/ncs/v1.8.0/nrfxlib/softdevice_controller/lib/cortex-m4/soft-float/libsoftdevice_controller_central.a(libsoftdevice_controller_s123_debug_soft__obfuscated.elf)