Archive member included to satisfy reference by file (symbol)

app/libapp.a(main.c.obj)      (--whole-archive)
zephyr/libzephyr.a(cbprintf.c.obj)
                              (--whole-archive)
zephyr/libzephyr.a(cbprintf_packaged.c.obj)
                              (--whole-archive)
zephyr/libzephyr.a(crc32c_sw.c.obj)
                              (--whole-archive)
zephyr/libzephyr.a(crc32_sw.c.obj)
                              (--whole-archive)
zephyr/libzephyr.a(crc16_sw.c.obj)
                              (--whole-archive)
zephyr/libzephyr.a(crc8_sw.c.obj)
                              (--whole-archive)
zephyr/libzephyr.a(crc7_sw.c.obj)
                              (--whole-archive)
zephyr/libzephyr.a(dec.c.obj)
                              (--whole-archive)
zephyr/libzephyr.a(fdtable.c.obj)
                              (--whole-archive)
zephyr/libzephyr.a(hex.c.obj)
                              (--whole-archive)
zephyr/libzephyr.a(notify.c.obj)
                              (--whole-archive)
zephyr/libzephyr.a(printk.c.obj)
                              (--whole-archive)
zephyr/libzephyr.a(onoff.c.obj)
                              (--whole-archive)
zephyr/libzephyr.a(rb.c.obj)  (--whole-archive)
zephyr/libzephyr.a(sem.c.obj)
                              (--whole-archive)
zephyr/libzephyr.a(thread_entry.c.obj)
                              (--whole-archive)
zephyr/libzephyr.a(timeutil.c.obj)
                              (--whole-archive)
zephyr/libzephyr.a(heap.c.obj)
                              (--whole-archive)
zephyr/libzephyr.a(heap-validate.c.obj)
                              (--whole-archive)
zephyr/libzephyr.a(bitarray.c.obj)
                              (--whole-archive)
zephyr/libzephyr.a(cbprintf_complete.c.obj)
                              (--whole-archive)
zephyr/libzephyr.a(assert.c.obj)
                              (--whole-archive)
zephyr/libzephyr.a(reboot.c.obj)
                              (--whole-archive)
zephyr/libzephyr.a(configs.c.obj)
                              (--whole-archive)
zephyr/libzephyr.a(soc_nrf_common.S.obj)
                              (--whole-archive)
zephyr/libzephyr.a(validate_base_addresses.c.obj)
                              (--whole-archive)
zephyr/libzephyr.a(validate_enabled_instances.c.obj)
                              (--whole-archive)
zephyr/libzephyr.a(getline.c.obj)
                              (--whole-archive)
zephyr/libzephyr.a(addr_utils.c.obj)
                              (--whole-archive)
zephyr/libzephyr.a(power.c.obj)
                              (--whole-archive)
zephyr/libzephyr.a(pm_ctrl.c.obj)
                              (--whole-archive)
zephyr/libzephyr.a(policy_residency.c.obj)
                              (--whole-archive)
zephyr/libzephyr.a(tracing_none.c.obj)
                              (--whole-archive)
zephyr/libzephyr.a(scan.c.obj)
                              (--whole-archive)
zephyr/libzephyr.a(utils.c.obj)
                              (--whole-archive)
zephyr/libzephyr.a(aes_decrypt.c.obj)
                              (--whole-archive)
zephyr/libzephyr.a(aes_encrypt.c.obj)
                              (--whole-archive)
zephyr/libzephyr.a(cmac_mode.c.obj)
                              (--whole-archive)
zephyr/arch/common/libarch__common.a(sw_isr_common.c.obj)
                              (--whole-archive)
zephyr/arch/arch/arm/core/aarch32/libarch__arm__core__aarch32.a(cpu_idle.S.obj)
                              (--whole-archive)
zephyr/arch/arch/arm/core/aarch32/libarch__arm__core__aarch32.a(fatal.c.obj)
                              (--whole-archive)
zephyr/arch/arch/arm/core/aarch32/libarch__arm__core__aarch32.a(irq_manage.c.obj)
                              (--whole-archive)
zephyr/arch/arch/arm/core/aarch32/libarch__arm__core__aarch32.a(nmi.c.obj)
                              (--whole-archive)
zephyr/arch/arch/arm/core/aarch32/libarch__arm__core__aarch32.a(nmi_on_reset.S.obj)
                              (--whole-archive)
zephyr/arch/arch/arm/core/aarch32/libarch__arm__core__aarch32.a(prep_c.c.obj)
                              (--whole-archive)
zephyr/arch/arch/arm/core/aarch32/libarch__arm__core__aarch32.a(swap.c.obj)
                              (--whole-archive)
zephyr/arch/arch/arm/core/aarch32/libarch__arm__core__aarch32.a(swap_helper.S.obj)
                              (--whole-archive)
zephyr/arch/arch/arm/core/aarch32/libarch__arm__core__aarch32.a(thread.c.obj)
                              (--whole-archive)
zephyr/arch/arch/arm/core/aarch32/libarch__arm__core__aarch32.a(isr_wrapper.S.obj)
                              (--whole-archive)
zephyr/arch/arch/arm/core/aarch32/cortex_m/libarch__arm__core__aarch32__cortex_m.a(exc_exit.S.obj)
                              (--whole-archive)
zephyr/arch/arch/arm/core/aarch32/cortex_m/libarch__arm__core__aarch32__cortex_m.a(fault.c.obj)
                              (--whole-archive)
[...]
Memory Configuration

Name             Origin             Length             Attributes
FLASH            0x00000000         0x00080000         xr
SRAM             0x20000000         0x00020000         xw
IDT_LIST         0xfffff7ff         0x00000800         xw
*default*        0x00000000         0xffffffff

Linker script and memory map

LOAD zephyr/CMakeFiles/zephyr_prebuilt.dir/misc/empty_file.c.obj
                0x00000020                _region_min_align = 0x20

.rel.plt        0x00000000        0x0
 *(SORT_BY_ALIGNMENT(.rel.plt))
                [!provide]                PROVIDE (__rel_iplt_start = .)
 *(SORT_BY_ALIGNMENT(.rel.iplt))
 .rel.iplt      0x00000000        0x0 app/libapp.a(main.c.obj)
                [!provide]                PROVIDE (__rel_iplt_end = .)

.rela.plt       0x00000000        0x0
 *(SORT_BY_ALIGNMENT(.rela.plt))
                [!provide]                PROVIDE (__rela_iplt_start = .)
 *(SORT_BY_ALIGNMENT(.rela.iplt))
                [!provide]                PROVIDE (__rela_iplt_end = .)

.rel.dyn
 *(SORT_BY_ALIGNMENT(.rel.*))

.rela.dyn
 *(SORT_BY_ALIGNMENT(.rela.*))

/DISCARD/
 *(SORT_BY_ALIGNMENT(.plt))
 *(SORT_BY_ALIGNMENT(.iplt))
 *(SORT_BY_ALIGNMENT(.got.plt))
 *(SORT_BY_ALIGNMENT(.igot.plt))
 *(SORT_BY_ALIGNMENT(.got))
 *(SORT_BY_ALIGNMENT(.igot))
 *(SORT_BY_ALIGNMENT(.note.GNU-stack))
                0x00000000                __rom_region_start = 0x0

rom_start       0x00000000      0x100
                0x00000000                . = 0x0
                0x00000000                . = ALIGN (0x4)
                0x00000000                . = ALIGN (0x80)
                0x00000000                . = ALIGN (0x100)
                0x00000000                _vector_start = .
 *(SORT_BY_ALIGNMENT(.exc_vector_table))
 *(SORT_BY_ALIGNMENT(.exc_vector_table.*))
 .exc_vector_table._vector_table_section
                0x00000000       0x40 zephyr/arch/arch/arm/core/aarch32/cortex_m/libarch__arm__core__aarch32__cortex_m.a(vector_table.S.obj)
                0x00000000                _vector_table
 *(SORT_BY_ALIGNMENT(.gnu.linkonce.irq_vector_table*))
 .gnu.linkonce.irq_vector_table
                0x00000040       0xc0 zephyr/arch/common/libisr_tables.a(isr_tables.c.obj)
                0x00000040                _irq_vector_table
 *(SORT_BY_ALIGNMENT(.vectors))
                0x00000100                _vector_end = .

text            0x00000100    0x1ff70
                0x00000100                __text_region_start = .
 *(SORT_BY_ALIGNMENT(.text))
 .text          0x00000100       0x30 c:/users/ivpi/ncs/v1.8.0/toolchain/opt/bin/../lib/gcc/arm-none-eabi/9.2.1/thumb/v7e-m/nofp\libgcc.a(_aeabi_uldivmod.o)
                0x00000100                __aeabi_uldivmod
 .text          0x00000130      0x2c0 c:/users/ivpi/ncs/v1.8.0/toolchain/opt/bin/../lib/gcc/arm-none-eabi/9.2.1/thumb/v7e-m/nofp\libgcc.a(_udivmoddi4.o)
                0x00000130                __udivmoddi4
 .text          0x000003f0        0x4 c:/users/ivpi/ncs/v1.8.0/toolchain/opt/bin/../lib/gcc/arm-none-eabi/9.2.1/thumb/v7e-m/nofp\libgcc.a(_dvmd_tls.o)
                0x000003f0                __aeabi_idiv0
                0x000003f0                __aeabi_ldiv0
 .text          0x000003f4       0x34 C:/Users/ivpi/ncs/v1.8.0/nrfxlib/mpsl/lib/cortex-m4/soft-float/libmpsl.a(libmpsl_debug_soft__obfuscated.elf)
                0x000003f4                sym_QV6CME4HLWJA6KQZ7HE7ECNT7UGKOYHKNHH6E7I
 .text          0x00000428        0xc C:/Users/ivpi/ncs/v1.8.0/nrfxlib/mpsl/lib/cortex-m4/soft-float/libmpsl.a(libmpsl_debug_soft__obfuscated.elf)
                0x00000428                sym_SKFSQME5SGNPYLL7B75KY7PHXFYWSRI2HSTT45A
 .text          0x00000434       0x1c C:/Users/ivpi/ncs/v1.8.0/nrfxlib/mpsl/lib/cortex-m4/soft-float/libmpsl.a(libmpsl_debug_soft__obfuscated.elf)
                0x00000434                sym_4RNEPYYQOFM4LAOGLN2TB27X7L3XBISTGAWYOHQ
 .text          0x00000450       0x78 C:/Users/ivpi/ncs/v1.8.0/nrfxlib/mpsl/lib/cortex-m4/soft-float/libmpsl.a(libmpsl_debug_soft__obfuscated.elf)
 .text          0x000004c8      0x2f8 C:/Users/ivpi/ncs/v1.8.0/nrfxlib/mpsl/lib/cortex-m4/soft-float/libmpsl.a(libmpsl_debug_soft__obfuscated.elf)
 .text          0x000007c0      0x100 C:/Users/ivpi/ncs/v1.8.0/nrfxlib/mpsl/lib/cortex-m4/soft-float/libmpsl.a(libmpsl_debug_soft__obfuscated.elf)
 .text          0x000008c0      0x520 C:/Users/ivpi/ncs/v1.8.0/nrfxlib/mpsl/lib/cortex-m4/soft-float/libmpsl.a(libmpsl_debug_soft__obfuscated.elf)
 .text          0x00000de0      0x1a8 C:/Users/ivpi/ncs/v1.8.0/nrfxlib/mpsl/lib/cortex-m4/soft-float/libmpsl.a(libmpsl_debug_soft__obfuscated.elf)
 .text          0x00000f88       0x60 C:/Users/ivpi/ncs/v1.8.0/nrfxlib/mpsl/lib/cortex-m4/soft-float/libmpsl.a(libmpsl_debug_soft__obfuscated.elf)
 .text          0x00000fe8       0xd0 C:/Users/ivpi/ncs/v1.8.0/nrfxlib/mpsl/lib/cortex-m4/soft-float/libmpsl.a(libmpsl_debug_soft__obfuscated.elf)
 .text          0x000010b8       0x74 C:/Users/ivpi/ncs/v1.8.0/nrfxlib/mpsl/lib/cortex-m4/soft-float/libmpsl.a(libmpsl_debug_soft__obfuscated.elf)
 .text          0x0000112c       0x60 C:/Users/ivpi/ncs/v1.8.0/nrfxlib/mpsl/lib/cortex-m4/soft-float/libmpsl.a(libmpsl_debug_soft__obfuscated.elf)
 .text          0x0000118c      0x198 C:/Users/ivpi/ncs/v1.8.0/nrfxlib/mpsl/lib/cortex-m4/soft-float/libmpsl.a(libmpsl_debug_soft__obfuscated.elf)
 .text          0x00001324       0x20 C:/Users/ivpi/ncs/v1.8.0/nrfxlib/mpsl/lib/cortex-m4/soft-float/libmpsl.a(libmpsl_debug_soft__obfuscated.elf)
                0x00001324                sym_RWBLK2534FJMTER76IYUPZQ3YF74JEALZ2OBIDI
 .text          0x00001344      0x184 C:/Users/ivpi/ncs/v1.8.0/nrfxlib/mpsl/lib/cortex-m4/soft-float/libmpsl.a(libmpsl_debug_soft__obfuscated.elf)
                0x00001344                sym_QWOE5H22ZADGJX5JSROW7BOI32Z6PPEEJCISNOQ
 .text          0x000014c8       0x94 C:/Users/ivpi/ncs/v1.8.0/nrfxlib/mpsl/lib/cortex-m4/soft-float/libmpsl.a(libmpsl_debug_soft__obfuscated.elf)
                0x000014c8                sym_FWJGAV6HUABGKXBT6K4XJ76WZDWHK3EOQOQRNOI
 .text          0x0000155c       0x20 C:/Users/ivpi/ncs/v1.8.0/nrfxlib/mpsl/lib/cortex-m4/soft-float/libmpsl.a(libmpsl_debug_soft__obfuscated.elf)
                0x0000155c                sym_HVFGTYCGAECGUJHOFSPMGUV2G4PTWWUYTJVAPNA
 .text          0x0000157c       0x64 C:/Users/ivpi/ncs/v1.8.0/nrfxlib/mpsl/lib/cortex-m4/soft-float/libmpsl.a(libmpsl_debug_soft__obfuscated.elf)
                0x0000157c                sym_2O2USXABBLL6KC7E5NJFOHR6JLZMSV4AU5ZYH3Q
 .text          0x000015e0       0x48 C:/Users/ivpi/ncs/v1.8.0/nrfxlib/mpsl/lib/cortex-m4/soft-float/libmpsl.a(libmpsl_debug_soft__obfuscated.elf)
                0x000015e0                sym_VDVM4QLBTRUPEGCBUXIK25LH2KVQWBZXHRBYEFY
 .text          0x00001628       0x28 C:/Users/ivpi/ncs/v1.8.0/nrfxlib/mpsl/lib/cortex-m4/soft-float/libmpsl.a(libmpsl_debug_soft__obfuscated.elf)
                0x00001628                sym_W447CEMR6K6QRW3N63PRPIR7NK6ENOSBFXLCPRQ
 .text          0x00001650       0x40 C:/Users/ivpi/ncs/v1.8.0/nrfxlib/mpsl/lib/cortex-m4/soft-float/libmpsl.a(libmpsl_debug_soft__obfuscated.elf)
                0x00001650                sym_UY2NI5OOASY6266A2A7GY3XEUA5M2CDE2WTVEIY
 .text          0x00001690      0x1cc C:/Users/ivpi/ncs/v1.8.0/nrfxlib/mpsl/lib/cortex-m4/soft-float/libmpsl.a(libmpsl_debug_soft__obfuscated.elf)
                0x00001690                sym_J5F7QGRFPKMLWRNSXZXS5YI7BM4DUTISCOASCOA
 .text          0x0000185c      0x39c C:/Users/ivpi/ncs/v1.8.0/nrfxlib/mpsl/lib/cortex-m4/soft-float/libmpsl.a(libmpsl_debug_soft__obfuscated.elf)
                0x0000185c                sym_NFDFVOR5BUFND4TNTGYIYR4ARXJRXWSQ4PVFUKY
 .text          0x00001bf8      0x2c4 C:/Users/ivpi/ncs/v1.8.0/nrfxlib/mpsl/lib/cortex-m4/soft-float/libmpsl.a(libmpsl_debug_soft__obfuscated.elf)
                0x00001bf8                sym_CVH6S6LMSFPC2RM6I6LYWFRVOJUD3A6OCMG7AAI
 .text          0x00001ebc      0x238 C:/Users/ivpi/ncs/v1.8.0/nrfxlib/mpsl/lib/cortex-m4/soft-float/libmpsl.a(libmpsl_debug_soft__obfuscated.elf)
                0x00001ebc                sym_R4Y3KWNYX4PGGLE5X2L7DXMWMJUY3DOXD7LSUKY
 .text          0x000020f4       0x44 C:/Users/ivpi/ncs/v1.8.0/nrfxlib/mpsl/lib/cortex-m4/soft-float/libmpsl.a(libmpsl_debug_soft__obfuscated.elf)
                0x000020f4                sym_CFZK3G6ZC4ONUAYO2UALWQ4CBO7A6ADNAS2FS7Y
 .text          0x00002138      0x218 C:/Users/ivpi/ncs/v1.8.0/nrfxlib/mpsl/lib/cortex-m4/soft-float/libmpsl.a(libmpsl_debug_soft__obfuscated.elf)
                0x00002138                sym_DQFOGVCNU4NTOMWSL3IYDNCMIXT2LT7SZHL5IHI
 .text          0x00002350       0x50 C:/Users/ivpi/ncs/v1.8.0/nrfxlib/mpsl/lib/cortex-m4/soft-float/libmpsl.a(libmpsl_debug_soft__obfuscated.elf)
                0x00002350                sym_RPHL2J7CVNKM6GKLDIFI4NVAPZE2FHTYW4VJSJI
 .text          0x000023a0      0x1c4 C:/Users/ivpi/ncs/v1.8.0/nrfxlib/mpsl/lib/cortex-m4/soft-float/libmpsl.a(libmpsl_debug_soft__obfuscated.elf)
                0x000023a0                sym_SFR5TVV24PZRIRC5QGOHL2X436PUHKRY2QWKP5Y
 .text          0x00002564       0xe0 C:/Users/ivpi/ncs/v1.8.0/nrfxlib/mpsl/lib/cortex-m4/soft-float/libmpsl.a(libmpsl_debug_soft__obfuscated.elf)
                0x00002564                sym_URFU24FFGR2HYB6CCPIPKPNZNMTWHKDYOATUJNY
 .text          0x00002644       0x8c C:/Users/ivpi/ncs/v1.8.0/nrfxlib/mpsl/lib/cortex-m4/soft-float/libmpsl.a(libmpsl_debug_soft__obfuscated.elf)
                0x00002644                sym_ZC6NJBPUISWILQK6OTOBMJVVUT63JRIDGH5WNCY
 .text          0x000026d0       0x3c C:/Users/ivpi/ncs/v1.8.0/nrfxlib/mpsl/lib/cortex-m4/soft-float/libmpsl.a(libmpsl_debug_soft__obfuscated.elf)
                0x000026d0                sym_4FXF7BZT2IZ3YRYSE3Z2XCICKWZPGDZTXL2ECZQ
 .text          0x0000270c       0x38 C:/Users/ivpi/ncs/v1.8.0/nrfxlib/mpsl/lib/cortex-m4/soft-float/libmpsl.a(libmpsl_debug_soft__obfuscated.elf)
                0x0000270c                sym_PITJNQC6YSCEFAH23N5QRORZDKCSKOAUGBUS6GA
 .text          0x00002744       0x5c C:/Users/ivpi/ncs/v1.8.0/nrfxlib/mpsl/lib/cortex-m4/soft-float/libmpsl.a(libmpsl_debug_soft__obfuscated.elf)
                0x00002744                sym_AOU55ZK756JLPLCLZ5TZSSVKOAWWFUNQZATBXUI
 .text          0x000027a0       0xfc C:/Users/ivpi/ncs/v1.8.0/nrfxlib/mpsl/lib/cortex-m4/soft-float/libmpsl.a(libmpsl_debug_soft__obfuscated.elf)
                0x000027a0                MPSL_IRQ_RTC0_Handler
 .text          0x0000289c       0xf8 C:/Users/ivpi/ncs/v1.8.0/nrfxlib/mpsl/lib/cortex-m4/soft-float/libmpsl.a(libmpsl_debug_soft__obfuscated.elf)
                0x0000289c                MPSL_IRQ_TIMER0_Handler
 .text          0x00002994       0x5c C:/Users/ivpi/ncs/v1.8.0/nrfxlib/mpsl/lib/cortex-m4/soft-float/libmpsl.a(libmpsl_debug_soft__obfuscated.elf)
 .text          0x000029f0        0xc C:/Users/ivpi/ncs/v1.8.0/nrfxlib/mpsl/lib/cortex-m4/soft-float/libmpsl.a(libmpsl_debug_soft__obfuscated.elf)
                0x000029f0                sym_M4DIQOXJAE3BNHQBIUCZXAABSM24CWUEJOCU7DY
 .text          0x000029fc      0x134 C:/Users/ivpi/ncs/v1.8.0/nrfxlib/mpsl/lib/cortex-m4/soft-float/libmpsl.a(libmpsl_debug_soft__obfuscated.elf)
                0x000029fc                sym_2ZDZA75WOMRNSQ6XL7IZWAQKYFFSRJOGBGKPTIQ
 .text          0x00002b30       0xcc C:/Users/ivpi/ncs/v1.8.0/nrfxlib/mpsl/lib/cortex-m4/soft-float/libmpsl.a(libmpsl_debug_soft__obfuscated.elf)
                0x00002b30                sym_UGOJA475OXR5HR5WFINUK27HP5BRGNWCZXQLKDI
 .text          0x00002bfc        0xc C:/Users/ivpi/ncs/v1.8.0/nrfxlib/mpsl/lib/cortex-m4/soft-float/libmpsl.a(libmpsl_debug_soft__obfuscated.elf)
                0x00002bfc                sym_RUQO26WM5KVVEW7O3OHCXPO7LLLXRBDPIPSWIWY
 .text          0x00002c08       0xf4 C:/Users/ivpi/ncs/v1.8.0/nrfxlib/mpsl/lib/cortex-m4/soft-float/libmpsl.a(libmpsl_debug_soft__obfuscated.elf)
                0x00002c08                sym_QUBGY7RMPG7R5F6DVNURH4AVGDAWMK46YXU4DRA
 .text          0x00002cfc      0x190 C:/Users/ivpi/ncs/v1.8.0/nrfxlib/mpsl/lib/cortex-m4/soft-float/libmpsl.a(libmpsl_debug_soft__obfuscated.elf)
                0x00002cfc                sym_X2K67YH6UCW6TFK6NTLPZZFGWYHTTPZYK5PXHNQ
 .text          0x00002e8c       0xd0 C:/Users/ivpi/ncs/v1.8.0/nrfxlib/mpsl/lib/cortex-m4/soft-float/libmpsl.a(libmpsl_debug_soft__obfuscated.elf)
                0x00002e8c                sym_TSYEIN5CZPQE3YK6VECZD5C2M4LMXKKH6O7LNAY
 .text          0x00002f5c       0x94 C:/Users/ivpi/ncs/v1.8.0/nrfxlib/mpsl/lib/cortex-m4/soft-float/libmpsl.a(libmpsl_debug_soft__obfuscated.elf)
                0x00002f5c                sym_OLTN5HGCU3P74AJAQRGNYBUXASUKWF3RI2Q3H5Q
 .text          0x00002ff0       0x28 C:/Users/ivpi/ncs/v1.8.0/nrfxlib/mpsl/lib/cortex-m4/soft-float/libmpsl.a(libmpsl_debug_soft__obfuscated.elf)
                0x00002ff0                sym_CPXNCG66C5WXYS4GOKTR2JEIS45ZVRZUCBYX34I
 .text          0x00003018       0x34 C:/Users/ivpi/ncs/v1.8.0/nrfxlib/mpsl/lib/cortex-m4/soft-float/libmpsl.a(libmpsl_debug_soft__obfuscated.elf)
                0x00003018                sym_CQWZ455IMTLTPY5LEEZHXHRRNX223B3HTDD45HA
 .text          0x0000304c       0x78 C:/Users/ivpi/ncs/v1.8.0/nrfxlib/mpsl/lib/cortex-m4/soft-float/libmpsl.a(libmpsl_debug_soft__obfuscated.elf)
                0x0000304c                sym_3SK52U5TD4ACVVYKWS6UI6ZPWKSLV6BW5IGCPJI
 .text          0x000030c4       0x64 C:/Users/ivpi/ncs/v1.8.0/nrfxlib/mpsl/lib/cortex-m4/soft-float/libmpsl.a(libmpsl_debug_soft__obfuscated.elf)
                0x000030c4                MPSL_IRQ_CLOCK_Handler
 .text          0x00003128       0x24 C:/Users/ivpi/ncs/v1.8.0/nrfxlib/mpsl/lib/cortex-m4/soft-float/libmpsl.a(libmpsl_debug_soft__obfuscated.elf)
 .text          0x0000314c       0x34 C:/Users/ivpi/ncs/v1.8.0/nrfxlib/mpsl/lib/cortex-m4/soft-float/libmpsl.a(libmpsl_debug_soft__obfuscated.elf)
 .text          0x00003180       0x54 C:/Users/ivpi/ncs/v1.8.0/nrfxlib/mpsl/lib/cortex-m4/soft-float/libmpsl.a(libmpsl_debug_soft__obfuscated.elf)
 .text          0x000031d4       0xc8 C:/Users/ivpi/ncs/v1.8.0/nrfxlib/mpsl/lib/cortex-m4/soft-float/libmpsl.a(libmpsl_debug_soft__obfuscated.elf)
 .text          0x0000329c      0x18c C:/Users/ivpi/ncs/v1.8.0/nrfxlib/mpsl/lib/cortex-m4/soft-float/libmpsl.a(libmpsl_debug_soft__obfuscated.elf)
 .text          0x00003428       0x38 C:/Users/ivpi/ncs/v1.8.0/nrfxlib/mpsl/lib/cortex-m4/soft-float/libmpsl.a(libmpsl_debug_soft__obfuscated.elf)
                0x00003428                sym_AF5XKA2WT4DMFZTLKHOBWE7E2EZAMLDDFPQGGTQ
 .text          0x00003460       0x28 C:/Users/ivpi/ncs/v1.8.0/nrfxlib/mpsl/lib/cortex-m4/soft-float/libmpsl.a(libmpsl_debug_soft__obfuscated.elf)
                0x00003460                sym_PEUB6CZG5CWXXD4M2S6OVBXZGDFOG4XII7USUDQ
 .text          0x00003488       0x1c C:/Users/ivpi/ncs/v1.8.0/nrfxlib/mpsl/lib/cortex-m4/soft-float/libmpsl.a(libmpsl_debug_soft__obfuscated.elf)
                0x00003488                mpsl_clock_hfclk_release
 .text          0x000034a4       0x38 C:/Users/ivpi/ncs/v1.8.0/nrfxlib/mpsl/lib/cortex-m4/soft-float/libmpsl.a(libmpsl_debug_soft__obfuscated.elf)
                0x000034a4                mpsl_clock_hfclk_request
 .text          0x000034dc       0x1c C:/Users/ivpi/ncs/v1.8.0/nrfxlib/mpsl/lib/cortex-m4/soft-float/libmpsl.a(libmpsl_debug_soft__obfuscated.elf)
                0x000034dc                sym_MXEZOAVPP5LXUOZ6LJGDWJ57JEG5BZ5YB7LCG7Y
 .text          0x000034f8       0x38 C:/Users/ivpi/ncs/v1.8.0/nrfxlib/mpsl/lib/cortex-m4/soft-float/libmpsl.a(libmpsl_debug_soft__obfuscated.elf)
                0x000034f8                sym_UZOVMIXHY2SDZSVAWFRK4RKQPHXNS37P2CLQ57A
 .text          0x00003530       0xa4 C:/Users/ivpi/ncs/v1.8.0/nrfxlib/mpsl/lib/cortex-m4/soft-float/libmpsl.a(libmpsl_debug_soft__obfuscated.elf)
                0x00003530                sym_FYHKZOVAJN6VDDHY43FT7PF4YLRDHWRTEWHFG6I
 .text          0x000035d4        0xc C:/Users/ivpi/ncs/v1.8.0/nrfxlib/mpsl/lib/cortex-m4/soft-float/libmpsl.a(libmpsl_debug_soft__obfuscated.elf)
                0x000035d4                sym_ETIE3PCEXQYLK2GIVZENQ6V7PLBRV57MB7BDMNY
 .text          0x000035e0       0x10 C:/Users/ivpi/ncs/v1.8.0/nrfxlib/mpsl/lib/cortex-m4/soft-float/libmpsl.a(libmpsl_debug_soft__obfuscated.elf)
                0x000035e0                sym_4CZSFTTT34WDYFZKE2NSCSVSYLPHLZYN7QUTGHY
 .text          0x000035f0       0x84 C:/Users/ivpi/ncs/v1.8.0/nrfxlib/mpsl/lib/cortex-m4/soft-float/libmpsl.a(libmpsl_debug_soft__obfuscated.elf)
                0x000035f0                sym_A4JUKJUCTJV55V2WD6TXU63VO5GAMB4XA4EE56Q
 .text          0x00003674       0x18 C:/Users/ivpi/ncs/v1.8.0/nrfxlib/mpsl/lib/cortex-m4/soft-float/libmpsl.a(libmpsl_debug_soft__obfuscated.elf)
                0x00003674                sym_4PX37LW4KIUYQZ73JWLPH5GAGIRWAKTV3E6F62Q
 .text          0x0000368c        0xc C:/Users/ivpi/ncs/v1.8.0/nrfxlib/mpsl/lib/cortex-m4/soft-float/libmpsl.a(libmpsl_debug_soft__obfuscated.elf)
                0x0000368c                sym_PIRI3CTIHOPR5MPDQRHBJRRZEA2NVOD4J3GXGOA
 .text          0x00003698       0x1c C:/Users/ivpi/ncs/v1.8.0/nrfxlib/mpsl/lib/cortex-m4/soft-float/libmpsl.a(libmpsl_debug_soft__obfuscated.elf)
                0x00003698                sym_LIY23QT3GHIV7NCGJ6ZW6LB2ZUSI56CIFCL6HUY
 .text          0x000036b4       0x18 C:/Users/ivpi/ncs/v1.8.0/nrfxlib/mpsl/lib/cortex-m4/soft-float/libmpsl.a(libmpsl_debug_soft__obfuscated.elf)
                0x000036b4                sym_XK3TMLCZALCYYWGULGHQIRSOBMPIIPJ7HEMOZIQ
 .text          0x000036cc       0x10 C:/Users/ivpi/ncs/v1.8.0/nrfxlib/mpsl/lib/cortex-m4/soft-float/libmpsl.a(libmpsl_debug_soft__obfuscated.elf)
                0x000036cc                sym_7BUNPUBNWNFVXXIMNFFNK765OVON5LBIUZ66QRI
 .text          0x000036dc       0x30 C:/Users/ivpi/ncs/v1.8.0/nrfxlib/mpsl/lib/cortex-m4/soft-float/libmpsl.a(libmpsl_debug_soft__obfuscated.elf)
 .text          0x0000370c       0x10 C:/Users/ivpi/ncs/v1.8.0/nrfxlib/mpsl/lib/cortex-m4/soft-float/libmpsl.a(libmpsl_debug_soft__obfuscated.elf)
                0x0000370c                sym_4JLKMM32SOXCP6XBYAWZDUIMUJIYXLKKDBOFLHI
 .text          0x0000371c       0x20 C:/Users/ivpi/ncs/v1.8.0/nrfxlib/mpsl/lib/cortex-m4/soft-float/libmpsl.a(libmpsl_debug_soft__obfuscated.elf)
 .text          0x0000373c       0x24 C:/Users/ivpi/ncs/v1.8.0/nrfxlib/mpsl/lib/cortex-m4/soft-float/libmpsl.a(libmpsl_debug_soft__obfuscated.elf)
 .text          0x00003760       0x48 C:/Users/ivpi/ncs/v1.8.0/nrfxlib/mpsl/lib/cortex-m4/soft-float/libmpsl.a(libmpsl_debug_soft__obfuscated.elf)
                0x00003760                sym_S2UAPMFVIQXDUOA6CV7GJMB33TYHEUH5D6LHO5Q
 .text          0x000037a8       0x68 C:/Users/ivpi/ncs/v1.8.0/nrfxlib/mpsl/lib/cortex-m4/soft-float/libmpsl.a(libmpsl_debug_soft__obfuscated.elf)
                0x000037a8                mpsl_init
 .text          0x00003810        0xc C:/Users/ivpi/ncs/v1.8.0/nrfxlib/mpsl/lib/cortex-m4/soft-float/libmpsl.a(libmpsl_debug_soft__obfuscated.elf)
                0x00003810                mpsl_is_initialized
 .text          0x0000381c       0x24 C:/Users/ivpi/ncs/v1.8.0/nrfxlib/mpsl/lib/cortex-m4/soft-float/libmpsl.a(libmpsl_debug_soft__obfuscated.elf)
                0x0000381c                sym_XR32KBBIVYD5OVRJM2RBQ57EGCCM2C3F5IY6OHQ
 .text          0x00003840       0x84 C:/Users/ivpi/ncs/v1.8.0/nrfxlib/mpsl/lib/cortex-m4/soft-float/libmpsl.a(libmpsl_debug_soft__obfuscated.elf)
                0x00003840                mpsl_temperature_get
 .text          0x000038c4       0x3c C:/Users/ivpi/ncs/v1.8.0/nrfxlib/mpsl/lib/cortex-m4/soft-float/libmpsl.a(libmpsl_debug_soft__obfuscated.elf)
                0x000038c4                sym_W7ROFHNOSDKPIRUKDGIZZ5YR3MC3DAM2YLJOUIA
 .text          0x00003900       0x38 C:/Users/ivpi/ncs/v1.8.0/nrfxlib/mpsl/lib/cortex-m4/soft-float/libmpsl.a(libmpsl_debug_soft__obfuscated.elf)
                0x00003900                sym_GURZ3AH6X65RGSKYMYNWZVP6HM56LA5MRAQWT6Q
 .text          0x00003938       0x48 C:/Users/ivpi/ncs/v1.8.0/nrfxlib/mpsl/lib/cortex-m4/soft-float/libmpsl.a(libmpsl_debug_soft__obfuscated.elf)
                0x00003938                sym_VWGRUQT3LYZHLYS5KJ7UOCJEHLDJTWH4RVJBGKQ
 .text          0x00003980       0x2c C:/Users/ivpi/ncs/v1.8.0/nrfxlib/mpsl/lib/cortex-m4/soft-float/libmpsl.a(libmpsl_debug_soft__obfuscated.elf)
                0x00003980                sym_4WL3TG4Q7RCTFEMPQ2CQTOL4PAKUULDPJUM5DTY
 .text          0x000039ac       0x60 C:/Users/ivpi/ncs/v1.8.0/nrfxlib/mpsl/lib/cortex-m4/soft-float/libmpsl.a(libmpsl_debug_soft__obfuscated.elf)
                0x000039ac                sym_PAD7XREQQORPXRJMXMW2EYVS4S43S42A5D43SBA
 .text          0x00003a0c       0x34 C:/Users/ivpi/ncs/v1.8.0/nrfxlib/mpsl/lib/cortex-m4/soft-float/libmpsl.a(libmpsl_debug_soft__obfuscated.elf)
                0x00003a0c                sym_NIQMZN22R7GGCSNM3BZ25GTCR6D457XB3DIUGWA
 .text          0x00003a40        0xc C:/Users/ivpi/ncs/v1.8.0/nrfxlib/mpsl/lib/cortex-m4/soft-float/libmpsl.a(libmpsl_debug_soft__obfuscated.elf)
                0x00003a40                mpsl_fem_disable
 .text          0x00003a4c        0xc C:/Users/ivpi/ncs/v1.8.0/nrfxlib/mpsl/lib/cortex-m4/soft-float/libmpsl.a(libmpsl_debug_soft__obfuscated.elf)
                0x00003a4c                mpsl_fem_lna_configuration_clear
 .text          0x00003a58        0xc C:/Users/ivpi/ncs/v1.8.0/nrfxlib/mpsl/lib/cortex-m4/soft-float/libmpsl.a(libmpsl_debug_soft__obfuscated.elf)
                0x00003a58                mpsl_fem_lna_configuration_set
 .text          0x00003a64        0xc C:/Users/ivpi/ncs/v1.8.0/nrfxlib/mpsl/lib/cortex-m4/soft-float/libmpsl.a(libmpsl_debug_soft__obfuscated.elf)
                0x00003a64                mpsl_fem_pa_configuration_clear
 .text          0x00003a70        0xc C:/Users/ivpi/ncs/v1.8.0/nrfxlib/mpsl/lib/cortex-m4/soft-float/libmpsl.a(libmpsl_debug_soft__obfuscated.elf)
                0x00003a70                mpsl_fem_pa_configuration_set
 .text          0x00003a7c        0xc C:/Users/ivpi/ncs/v1.8.0/nrfxlib/mpsl/lib/cortex-m4/soft-float/libmpsl.a(libmpsl_debug_soft__obfuscated.elf)
                0x00003a7c                mpsl_fem_pa_is_configured
 .text          0x00003a88        0xc C:/Users/ivpi/ncs/v1.8.0/nrfxlib/mpsl/lib/cortex-m4/soft-float/libmpsl.a(libmpsl_debug_soft__obfuscated.elf)
                0x00003a88                mpsl_fem_device_config_254_apply_get
 .text          0x00003a94       0x68 C:/Users/ivpi/ncs/v1.8.0/nrfxlib/softdevice_controller/lib/cortex-m4/soft-float/libsoftdevice_controller_central.a(libsoftdevice_controller_s123_debug_soft__obfuscated.elf)
 .text          0x00003afc       0x64 C:/Users/ivpi/ncs/v1.8.0/nrfxlib/softdevice_controller/lib/cortex-m4/soft-float/libsoftdevice_controller_central.a(libsoftdevice_controller_s123_debug_soft__obfuscated.elf)
 .text          0x00003b60       0x1c C:/Users/ivpi/ncs/v1.8.0/nrfxlib/softdevice_controller/lib/cortex-m4/soft-float/libsoftdevice_controller_central.a(libsoftdevice_controller_s123_debug_soft__obfuscated.elf)
                0x00003b60                sdc_build_revision_get
 .text          0x00003b7c       0xb4 C:/Users/ivpi/ncs/v1.8.0/nrfxlib/softdevice_controller/lib/cortex-m4/soft-float/libsoftdevice_controller_central.a(libsoftdevice_controller_s123_debug_soft__obfuscated.elf)
                0x00003b7c                sdc_cfg_set
 .text          0x00003c30       0x50 C:/Users/ivpi/ncs/v1.8.0/nrfxlib/softdevice_controller/lib/cortex-m4/soft-float/libsoftdevice_controller_central.a(libsoftdevice_controller_s123_debug_soft__obfuscated.elf)
                0x00003c30                sdc_enable
 .text          0x00003c80       0x98 C:/Users/ivpi/ncs/v1.8.0/nrfxlib/softdevice_controller/lib/cortex-m4/soft-float/libsoftdevice_controller_central.a(libsoftdevice_controller_s123_debug_soft__obfuscated.elf)
                0x00003c80                sdc_init
 .text          0x00003d18       0x68 C:/Users/ivpi/ncs/v1.8.0/nrfxlib/softdevice_controller/lib/cortex-m4/soft-float/libsoftdevice_controller_central.a(libsoftdevice_controller_s123_debug_soft__obfuscated.elf)
                0x00003d18                sym_476LRB5XNUARAHCHHC7ZAIGPFC5VZ4W2N4467LI
 .text          0x00003d80       0x20 C:/Users/ivpi/ncs/v1.8.0/nrfxlib/softdevice_controller/lib/cortex-m4/soft-float/libsoftdevice_controller_central.a(libsoftdevice_controller_s123_debug_soft__obfuscated.elf)
                0x00003d80                sdc_support_dle
 .text          0x00003da0       0x20 C:/Users/ivpi/ncs/v1.8.0/nrfxlib/softdevice_controller/lib/cortex-m4/soft-float/libsoftdevice_controller_central.a(libsoftdevice_controller_s123_debug_soft__obfuscated.elf)
                0x00003da0                sdc_support_le_2m_phy
 .text          0x00003dc0       0x20 C:/Users/ivpi/ncs/v1.8.0/nrfxlib/softdevice_controller/lib/cortex-m4/soft-float/libsoftdevice_controller_central.a(libsoftdevice_controller_s123_debug_soft__obfuscated.elf)
                0x00003dc0                sdc_support_master
 .text          0x00003de0       0x24 C:/Users/ivpi/ncs/v1.8.0/nrfxlib/softdevice_controller/lib/cortex-m4/soft-float/libsoftdevice_controller_central.a(libsoftdevice_controller_s123_debug_soft__obfuscated.elf)
                0x00003de0                sdc_support_scan
 .text          0x00003e04       0x30 C:/Users/ivpi/ncs/v1.8.0/nrfxlib/softdevice_controller/lib/cortex-m4/soft-float/libsoftdevice_controller_central.a(libsoftdevice_controller_s123_debug_soft__obfuscated.elf)
 .text          0x00003e34       0x1c C:/Users/ivpi/ncs/v1.8.0/nrfxlib/softdevice_controller/lib/cortex-m4/soft-float/libsoftdevice_controller_central.a(libsoftdevice_controller_s123_debug_soft__obfuscated.elf)
                0x00003e34                sym_4BGPQMJJRBR2ET4K6M3CH3OLXQGTP2TS7FVXINA
 .text          0x00003e50       0x1c C:/Users/ivpi/ncs/v1.8.0/nrfxlib/softdevice_controller/lib/cortex-m4/soft-float/libsoftdevice_controller_central.a(libsoftdevice_controller_s123_debug_soft__obfuscated.elf)
                0x00003e50                sym_RC3WH4TL55HJBAU6BTOKWYOXZCF7BBTLBHIRO6A
 .text          0x00003e6c       0x1c C:/Users/ivpi/ncs/v1.8.0/nrfxlib/softdevice_controller/lib/cortex-m4/soft-float/libsoftdevice_controller_central.a(libsoftdevice_controller_s123_debug_soft__obfuscated.elf)
                0x00003e6c                sym_CVMXQJYKHZVHIOMGOYEICPLVAIQNUBL6USVNZSA
 .text          0x00003e88       0x1c C:/Users/ivpi/ncs/v1.8.0/nrfxlib/softdevice_controller/lib/cortex-m4/soft-float/libsoftdevice_controller_central.a(libsoftdevice_controller_s123_debug_soft__obfuscated.elf)
                0x00003e88                sym_EZ7BAEZZMYJFIJAONX254JF3WPGEXUT4NMP2WJQ
 .text          0x00003ea4       0x10 C:/Users/ivpi/ncs/v1.8.0/nrfxlib/softdevice_controller/lib/cortex-m4/soft-float/libsoftdevice_controller_central.a(libsoftdevice_controller_s123_debug_soft__obfuscated.elf)
                0x00003ea4                sdc_rand_source_register
 .text          0x00003eb4       0x50 C:/Users/ivpi/ncs/v1.8.0/nrfxlib/softdevice_controller/lib/cortex-m4/soft-float/libsoftdevice_controller_central.a(libsoftdevice_controller_s123_debug_soft__obfuscated.elf)
                0x00003eb4                sym_MEYOCD6AYGN6BYYH5M35H6GLLMHM6TYBBTCW2LI
 .text          0x00003f04       0x5c C:/Users/ivpi/ncs/v1.8.0/nrfxlib/softdevice_controller/lib/cortex-m4/soft-float/libsoftdevice_controller_central.a(libsoftdevice_controller_s123_debug_soft__obfuscated.elf)
 .text          0x00003f60       0x5c C:/Users/ivpi/ncs/v1.8.0/nrfxlib/softdevice_controller/lib/cortex-m4/soft-float/libsoftdevice_controller_central.a(libsoftdevice_controller_s123_debug_soft__obfuscated.elf)
 .text          0x00003fbc       0x38 C:/Users/ivpi/ncs/v1.8.0/nrfxlib/softdevice_controller/lib/cortex-m4/soft-float/libsoftdevice_controller_central.a(libsoftdevice_controller_s123_debug_soft__obfuscated.elf)
                0x00003fbc                sym_Z7NJGBYWCKFTEHRYWAIDKWPEUN45273QSWUA5CY
 .text          0x00003ff4       0x1c C:/Users/ivpi/ncs/v1.8.0/nrfxlib/softdevice_controller/lib/cortex-m4/soft-float/libsoftdevice_controller_central.a(libsoftdevice_controller_s123_debug_soft__obfuscated.elf)
                0x00003ff4                sym_CEENVC5DZRUT7MGF5LABXKT4NV7YUL5F6EX6TEQ
 .text          0x00004010        0xc C:/Users/ivpi/ncs/v1.8.0/nrfxlib/softdevice_controller/lib/cortex-m4/soft-float/libsoftdevice_controller_central.a(libsoftdevice_controller_s123_debug_soft__obfuscated.elf)
                0x00004010                sym_PPT6FEOF2T6DRALMCRRTUI7CHLEPBAN25HYV3KQ
 .text          0x0000401c       0x1c C:/Users/ivpi/ncs/v1.8.0/nrfxlib/softdevice_controller/lib/cortex-m4/soft-float/libsoftdevice_controller_central.a(libsoftdevice_controller_s123_debug_soft__obfuscated.elf)
                0x0000401c                sym_TU2SMBIUC7JL6C3K2XB6727DQLBLV5LEGIMZAFQ
 .text          0x00004038        0xc C:/Users/ivpi/ncs/v1.8.0/nrfxlib/softdevice_controller/lib/cortex-m4/soft-float/libsoftdevice_controller_central.a(libsoftdevice_controller_s123_debug_soft__obfuscated.elf)
                0x00004038                sym_CIVMWIRGIOQ374UFFPIFNN4ZGKYK2FRKTT6YRYA
 .text          0x00004044       0x1c C:/Users/ivpi/ncs/v1.8.0/nrfxlib/softdevice_controller/lib/cortex-m4/soft-float/libsoftdevice_controller_central.a(libsoftdevice_controller_s123_debug_soft__obfuscated.elf)
                0x00004044                sym_TG7NSIC2UKHCUBZWZ4K4EMD5QRI2QVSKVKV6CFQ
 .text          0x00004060       0x1c C:/Users/ivpi/ncs/v1.8.0/nrfxlib/softdevice_controller/lib/cortex-m4/soft-float/libsoftdevice_controller_central.a(libsoftdevice_controller_s123_debug_soft__obfuscated.elf)
                0x00004060                sdc_hci_cmd_cb_reset
 .text          0x0000407c        0xc C:/Users/ivpi/ncs/v1.8.0/nrfxlib/softdevice_controller/lib/cortex-m4/soft-float/libsoftdevice_controller_central.a(libsoftdevice_controller_s123_debug_soft__obfuscated.elf)
                0x0000407c                sym_G3KVRHCJDVHL7HV53526V3YI3DTK2IW2CADUWZQ
 .text          0x00004088       0x20 C:/Users/ivpi/ncs/v1.8.0/nrfxlib/softdevice_controller/lib/cortex-m4/soft-float/libsoftdevice_controller_central.a(libsoftdevice_controller_s123_debug_soft__obfuscated.elf)
                0x00004088                sdc_hci_cmd_vs_zephyr_read_version_info
 .text          0x000040a8       0x36 C:/Users/ivpi/ncs/v1.8.0/nrfxlib/softdevice_controller/lib/cortex-m4/soft-float/libsoftdevice_controller_central.a(libsoftdevice_controller_s123_debug_soft__obfuscated.elf)
                0x000040a8                sym_HNCDHITBYWLO4GMOSPKCO7YXRRWIUQ2IKIZ4C5A
 *fill*         0x000040de        0x2 
 .text          0x000040e0       0x18 C:/Users/ivpi/ncs/v1.8.0/nrfxlib/softdevice_controller/lib/cortex-m4/soft-float/libsoftdevice_controller_central.a(libsoftdevice_controller_s123_debug_soft__obfuscated.elf)
                0x000040e0                sym_XHE47EZYHONCPR22HUAZULMCALDJINMYREOFDEI
 .text          0x000040f8       0x80 C:/Users/ivpi/ncs/v1.8.0/nrfxlib/softdevice_controller/lib/cortex-m4/soft-float/libsoftdevice_controller_central.a(libsoftdevice_controller_s123_debug_soft__obfuscated.elf)
                0x000040f8                sym_EQ53CEL7EDVHMFMHMFPRRQU46C5YKKFEBAACFOA
 .text          0x00004178       0x4c C:/Users/ivpi/ncs/v1.8.0/nrfxlib/softdevice_controller/lib/cortex-m4/soft-float/libsoftdevice_controller_central.a(libsoftdevice_controller_s123_debug_soft__obfuscated.elf)
                0x00004178                sym_6I4XEOIW7LI2E3Z53L54ZHQQHYICXR4H4JQWXLA
 .text          0x000041c4       0x50 C:/Users/ivpi/ncs/v1.8.0/nrfxlib/softdevice_controller/lib/cortex-m4/soft-float/libsoftdevice_controller_central.a(libsoftdevice_controller_s123_debug_soft__obfuscated.elf)
                0x000041c4                sym_DMJHGENWVWA7ILXIIOOHU6SYMMXUDCUFUUBACLQ
 .text          0x00004214       0x54 C:/Users/ivpi/ncs/v1.8.0/nrfxlib/softdevice_controller/lib/cortex-m4/soft-float/libsoftdevice_controller_central.a(libsoftdevice_controller_s123_debug_soft__obfuscated.elf)
                0x00004214                sym_4AWF7EXI3MMHUULTY73E756U3IY5DEXOZ265MZY
 .text          0x00004268       0x70 C:/Users/ivpi/ncs/v1.8.0/nrfxlib/softdevice_controller/lib/cortex-m4/soft-float/libsoftdevice_controller_central.a(libsoftdevice_controller_s123_debug_soft__obfuscated.elf)
 .text          0x000042d8       0x20 C:/Users/ivpi/ncs/v1.8.0/nrfxlib/softdevice_controller/lib/cortex-m4/soft-float/libsoftdevice_controller_central.a(libsoftdevice_controller_s123_debug_soft__obfuscated.elf)
 .text          0x000042f8       0x64 C:/Users/ivpi/ncs/v1.8.0/nrfxlib/softdevice_controller/lib/cortex-m4/soft-float/libsoftdevice_controller_central.a(libsoftdevice_controller_s123_debug_soft__obfuscated.elf)
 .text          0x0000435c       0x14 C:/Users/ivpi/ncs/v1.8.0/nrfxlib/softdevice_controller/lib/cortex-m4/soft-float/libsoftdevice_controller_central.a(libsoftdevice_controller_s123_debug_soft__obfuscated.elf)
 .text          0x00004370        0xc C:/Users/ivpi/ncs/v1.8.0/nrfxlib/softdevice_controller/lib/cortex-m4/soft-float/libsoftdevice_controller_central.a(libsoftdevice_controller_s123_debug_soft__obfuscated.elf)
 .text          0x0000437c        0xc C:/Users/ivpi/ncs/v1.8.0/nrfxlib/softdevice_controller/lib/cortex-m4/soft-float/libsoftdevice_controller_central.a(libsoftdevice_controller_s123_debug_soft__obfuscated.elf)
 .text          0x00004388       0xa4 C:/Users/ivpi/ncs/v1.8.0/nrfxlib/softdevice_controller/lib/cortex-m4/soft-float/libsoftdevice_controller_central.a(libsoftdevice_controller_s123_debug_soft__obfuscated.elf)
                0x00004388                sym_24NU2MJKHN4R2Z7HXHMPDWTTDYSB32VL6HEQPZA
 .text          0x0000442c       0x58 C:/Users/ivpi/ncs/v1.8.0/nrfxlib/softdevice_controller/lib/cortex-m4/soft-float/libsoftdevice_controller_central.a(libsoftdevice_controller_s123_debug_soft__obfuscated.elf)
                0x0000442c                sym_3QFBRH4ZSIA64QP2I3K547Y5WIALGQTCBP5Y5SQ
 .text          0x00004484       0x68 C:/Users/ivpi/ncs/v1.8.0/nrfxlib/softdevice_controller/lib/cortex-m4/soft-float/libsoftdevice_controller_central.a(libsoftdevice_controller_s123_debug_soft__obfuscated.elf)
                0x00004484                sym_6DYG6C6ROXZA67GZINNB2XIQHL3KE2RCKK4QFXA
 .text          0x000044ec       0x28 C:/Users/ivpi/ncs/v1.8.0/nrfxlib/softdevice_controller/lib/cortex-m4/soft-float/libsoftdevice_controller_central.a(libsoftdevice_controller_s123_debug_soft__obfuscated.elf)
                0x000044ec                sym_NOQRMQ5IH6SQFJEPI5A3UBMITO54HG4WO4DTTXA
 .text          0x00004514       0x2c C:/Users/ivpi/ncs/v1.8.0/nrfxlib/softdevice_controller/lib/cortex-m4/soft-float/libsoftdevice_controller_central.a(libsoftdevice_controller_s123_debug_soft__obfuscated.elf)
                0x00004514                sym_YNBBHT54WKEGUNVC6TSBMRGLF67VFWBOYEMKGTQ
 .text          0x00004540       0x30 C:/Users/ivpi/ncs/v1.8.0/nrfxlib/softdevice_controller/lib/cortex-m4/soft-float/libsoftdevice_controller_central.a(libsoftdevice_controller_s123_debug_soft__obfuscated.elf)
                0x00004540                sym_35ZAQW4ABRMBYES2ZHPK63BHZAFFFC4WMGEJ6NA
 .text          0x00004570        0xc C:/Users/ivpi/ncs/v1.8.0/nrfxlib/softdevice_controller/lib/cortex-m4/soft-float/libsoftdevice_controller_central.a(libsoftdevice_controller_s123_debug_soft__obfuscated.elf)
                0x00004570                sym_T2QNNWUTM65WBDBLEARH7OL5MCXHDWSFLTDJXPA
 .text          0x0000457c        0xc C:/Users/ivpi/ncs/v1.8.0/nrfxlib/softdevice_controller/lib/cortex-m4/soft-float/libsoftdevice_controller_central.a(libsoftdevice_controller_s123_debug_soft__obfuscated.elf)
                0x0000457c                sym_GWOETDUP4AGSQI2MSVZQXBAMRLSGTNS7KFHSH6Q
 .text          0x00004588       0x3c C:/Users/ivpi/ncs/v1.8.0/nrfxlib/softdevice_controller/lib/cortex-m4/soft-float/libsoftdevice_controller_central.a(libsoftdevice_controller_s123_debug_soft__obfuscated.elf)
                0x00004588                sym_JKTUFSDBLEJK3JCIOVWBB4AVHFNXLCVLU47RLVA
 .text          0x000045c4       0x10 C:/Users/ivpi/ncs/v1.8.0/nrfxlib/softdevice_controller/lib/cortex-m4/soft-float/libsoftdevice_controller_central.a(libsoftdevice_controller_s123_debug_soft__obfuscated.elf)
                0x000045c4                sym_2KMY2O5SI5PPAQCNJOFFAGVJQKWBRKEGNZW2ZHQ
 .text          0x000045d4       0x30 C:/Users/ivpi/ncs/v1.8.0/nrfxlib/softdevice_controller/lib/cortex-m4/soft-float/libsoftdevice_controller_central.a(libsoftdevice_controller_s123_debug_soft__obfuscated.elf)
 .text          0x00004604       0x5c C:/Users/ivpi/ncs/v1.8.0/nrfxlib/softdevice_controller/lib/cortex-m4/soft-float/libsoftdevice_controller_central.a(libsoftdevice_controller_s123_debug_soft__obfuscated.elf)
 .text          0x00004660       0x6c C:/Users/ivpi/ncs/v1.8.0/nrfxlib/softdevice_controller/lib/cortex-m4/soft-float/libsoftdevice_controller_central.a(libsoftdevice_controller_s123_debug_soft__obfuscated.elf)
 .text          0x000046cc       0x30 C:/Users/ivpi/ncs/v1.8.0/nrfxlib/softdevice_controller/lib/cortex-m4/soft-float/libsoftdevice_controller_central.a(libsoftdevice_controller_s123_debug_soft__obfuscated.elf)
                0x000046cc                sym_E5WZNPP2DINHF6K4PHXLYLX5AXTYBQYGQESRSGQ
 .text          0x000046fc       0xd4 C:/Users/ivpi/ncs/v1.8.0/nrfxlib/softdevice_controller/lib/cortex-m4/soft-float/libsoftdevice_controller_central.a(libsoftdevice_controller_s123_debug_soft__obfuscated.elf)
                0x000046fc                sym_2ZCOT6ZEUU54S36NE627GOZVLBS26AFIUJKNLBI
 .text          0x000047d0       0x28 C:/Users/ivpi/ncs/v1.8.0/nrfxlib/softdevice_controller/lib/cortex-m4/soft-float/libsoftdevice_controller_central.a(libsoftdevice_controller_s123_debug_soft__obfuscated.elf)
                0x000047d0                sym_RZ4KEX57U2ASIFFSRQDHBCB7WVJNTOCZSYKJFSA
 .text          0x000047f8       0x4c C:/Users/ivpi/ncs/v1.8.0/nrfxlib/softdevice_controller/lib/cortex-m4/soft-float/libsoftdevice_controller_central.a(libsoftdevice_controller_s123_debug_soft__obfuscated.elf)
                0x000047f8                sym_YRXVGCYVFXOSIQO43AC5UEELHEXP2A4UAFUQRPI
 .text          0x00004844       0x10 C:/Users/ivpi/ncs/v1.8.0/nrfxlib/softdevice_controller/lib/cortex-m4/soft-float/libsoftdevice_controller_central.a(libsoftdevice_controller_s123_debug_soft__obfuscated.elf)
                0x00004844                sym_7YLXP6BHTAWWWMXLB5XOZU3Q27WEPTH5PONOKOI
 .text          0x00004854       0x28 C:/Users/ivpi/ncs/v1.8.0/nrfxlib/softdevice_controller/lib/cortex-m4/soft-float/libsoftdevice_controller_central.a(libsoftdevice_controller_s123_debug_soft__obfuscated.elf)
                0x00004854                sym_QFSP7NEBRUPCXI7KU3RYDOWD7SSPVNXVSULPYYY
 .text          0x0000487c        0xc C:/Users/ivpi/ncs/v1.8.0/nrfxlib/softdevice_controller/lib/cortex-m4/soft-float/libsoftdevice_controller_central.a(libsoftdevice_controller_s123_debug_soft__obfuscated.elf)
                0x0000487c                sym_O2AFZAWKVBYRIBDK67CHKRSMY4WR2S6V2VOPETI
 .text          0x00004888       0x24 C:/Users/ivpi/ncs/v1.8.0/nrfxlib/softdevice_controller/lib/cortex-m4/soft-float/libsoftdevice_controller_central.a(libsoftdevice_controller_s123_debug_soft__obfuscated.elf)
                0x00004888                sym_V7MOOXL5SOLISKFFGWJC7M3XDITU574WBQOXGWY
 .text          0x000048ac        0xc C:/Users/ivpi/ncs/v1.8.0/nrfxlib/softdevice_controller/lib/cortex-m4/soft-float/libsoftdevice_controller_central.a(libsoftdevice_controller_s123_debug_soft__obfuscated.elf)
                0x000048ac                sym_IXGTNRGKILIZPWG2NJIZ2ALUPW2IM3XFVCGJW2I
 .text          0x000048b8       0x2c C:/Users/ivpi/ncs/v1.8.0/nrfxlib/softdevice_controller/lib/cortex-m4/soft-float/libsoftdevice_controller_central.a(libsoftdevice_controller_s123_debug_soft__obfuscated.elf)
                0x000048b8                sym_54CHYGRI3UHSVLN5ZOGJESXNRISJW5CS4IYBN7Y
 .text          0x000048e4       0x28 C:/Users/ivpi/ncs/v1.8.0/nrfxlib/softdevice_controller/lib/cortex-m4/soft-float/libsoftdevice_controller_central.a(libsoftdevice_controller_s123_debug_soft__obfuscated.elf)
                0x000048e4                sym_AGWGY6I3YKHHV6TMAWL24HN4IKGOB7PZYXPWBRA
 .text          0x0000490c       0x24 C:/Users/ivpi/ncs/v1.8.0/nrfxlib/softdevice_controller/lib/cortex-m4/soft-float/libsoftdevice_controller_central.a(libsoftdevice_controller_s123_debug_soft__obfuscated.elf)
                0x0000490c                sym_JHXS4T25BAYOMDDZMWPX3HMPENRV73GSV2RYHAI
 .text          0x00004930       0x2c C:/Users/ivpi/ncs/v1.8.0/nrfxlib/softdevice_controller/lib/cortex-m4/soft-float/libsoftdevice_controller_central.a(libsoftdevice_controller_s123_debug_soft__obfuscated.elf)
                0x00004930                sym_65LA7GM3MU7DDFQKTB75BYTZMPMROSWKS3VXCNI
 .text          0x0000495c        0xc C:/Users/ivpi/ncs/v1.8.0/nrfxlib/softdevice_controller/lib/cortex-m4/soft-float/libsoftdevice_controller_central.a(libsoftdevice_controller_s123_debug_soft__obfuscated.elf)
                0x0000495c                sym_NKFCLZ5HTE6KVHDV5DGZ6TJP4KSZI43SYBECPRY
 .text          0x00004968       0x20 C:/Users/ivpi/ncs/v1.8.0/nrfxlib/softdevice_controller/lib/cortex-m4/soft-float/libsoftdevice_controller_central.a(libsoftdevice_controller_s123_debug_soft__obfuscated.elf)
                0x00004968                sym_MJCF2WRL4I323V23HKVENOJWV5IXH54R5X6LJRY
 .text          0x00004988       0x1c C:/Users/ivpi/ncs/v1.8.0/nrfxlib/softdevice_controller/lib/cortex-m4/soft-float/libsoftdevice_controller_central.a(libsoftdevice_controller_s123_debug_soft__obfuscated.elf)
 .text          0x000049a4       0x30 C:/Users/ivpi/ncs/v1.8.0/nrfxlib/softdevice_controller/lib/cortex-m4/soft-float/libsoftdevice_controller_central.a(libsoftdevice_controller_s123_debug_soft__obfuscated.elf)
                0x000049a4                sym_WCOWXKSKBH7DOKKKINFZAPWXKW4NYAUCJWTUKBI
 .text          0x000049d4       0x28 C:/Users/ivpi/ncs/v1.8.0/nrfxlib/softdevice_controller/lib/cortex-m4/soft-float/libsoftdevice_controller_central.a(libsoftdevice_controller_s123_debug_soft__obfuscated.elf)
                0x000049d4                sym_QKSVBALUN2V4XT4OCC56LE75IAYLDFRRIVLBZ2Q
 .text          0x000049fc       0x20 C:/Users/ivpi/ncs/v1.8.0/nrfxlib/softdevice_controller/lib/cortex-m4/soft-float/libsoftdevice_controller_central.a(libsoftdevice_controller_s123_debug_soft__obfuscated.elf)
                0x000049fc                sym_AO3U45UEGFLUPMT565ZR5UWUQUONF5AKILLCT3A
 .text          0x00004a1c        0xc C:/Users/ivpi/ncs/v1.8.0/nrfxlib/softdevice_controller/lib/cortex-m4/soft-float/libsoftdevice_controller_central.a(libsoftdevice_controller_s123_debug_soft__obfuscated.elf)
                0x00004a1c                sym_4UMPVHCMNEM5ENBBHCLGXZREGEKKHKHZOKNMH2I
 .text          0x00004a28       0x54 C:/Users/ivpi/ncs/v1.8.0/nrfxlib/softdevice_controller/lib/cortex-m4/soft-float/libsoftdevice_controller_central.a(libsoftdevice_controller_s123_debug_soft__obfuscated.elf)
                0x00004a28                sym_Y7AVZMA56ZL7YUO4EH7QCTNH6P3ZXX2D4F33L2I
 .text          0x00004a7c       0x28 C:/Users/ivpi/ncs/v1.8.0/nrfxlib/softdevice_controller/lib/cortex-m4/soft-float/libsoftdevice_controller_central.a(libsoftdevice_controller_s123_debug_soft__obfuscated.elf)
                0x00004a7c                sym_ULQ236TSMK6UJATLJCXSX5JBKSVB4ZM2NNU74PA
 .text          0x00004aa4        0xc C:/Users/ivpi/ncs/v1.8.0/nrfxlib/softdevice_controller/lib/cortex-m4/soft-float/libsoftdevice_controller_central.a(libsoftdevice_controller_s123_debug_soft__obfuscated.elf)
                0x00004aa4                sym_4OWM6DBJ6JLAWH2MVU52MKC56VOOJLN34T33LQA
 .text          0x00004ab0      0x1c4 C:/Users/ivpi/ncs/v1.8.0/nrfxlib/softdevice_controller/lib/cortex-m4/soft-float/libsoftdevice_controller_central.a(libsoftdevice_controller_s123_debug_soft__obfuscated.elf)
                0x00004ab0                sym_SQINY6V2VHFAHM5HL3H753H3QE3VQ7FWHCIJ57Q
 .text          0x00004c74       0xdc C:/Users/ivpi/ncs/v1.8.0/nrfxlib/softdevice_controller/lib/cortex-m4/soft-float/libsoftdevice_controller_central.a(libsoftdevice_controller_s123_debug_soft__obfuscated.elf)
                0x00004c74                sym_P6ESEOOF3E3ZRYNBCJWJZXMT4EPJJMHF472YBMQ
 .text          0x00004d50       0x1c C:/Users/ivpi/ncs/v1.8.0/nrfxlib/softdevice_controller/lib/cortex-m4/soft-float/libsoftdevice_controller_central.a(libsoftdevice_controller_s123_debug_soft__obfuscated.elf)
                0x00004d50                sym_CZFK26FRDZ53FUV75DOIMFWVD4RTHYB6I22U4LA
 .text          0x00004d6c       0x50 C:/Users/ivpi/ncs/v1.8.0/nrfxlib/softdevice_controller/lib/cortex-m4/soft-float/libsoftdevice_controller_central.a(libsoftdevice_controller_s123_debug_soft__obfuscated.elf)
                0x00004d6c                sym_WCN6C6ROB2XGQKTGXN5OMY5TLRX5IYOWNO7A6PQ
 .text          0x00004dbc       0x10 C:/Users/ivpi/ncs/v1.8.0/nrfxlib/softdevice_controller/lib/cortex-m4/soft-float/libsoftdevice_controller_central.a(libsoftdevice_controller_s123_debug_soft__obfuscated.elf)
 .text          0x00004dcc        0xc C:/Users/ivpi/ncs/v1.8.0/nrfxlib/softdevice_controller/lib/cortex-m4/soft-float/libsoftdevice_controller_central.a(libsoftdevice_controller_s123_debug_soft__obfuscated.elf)
 .text          0x00004dd8        0xc C:/Users/ivpi/ncs/v1.8.0/nrfxlib/softdevice_controller/lib/cortex-m4/soft-float/libsoftdevice_controller_central.a(libsoftdevice_controller_s123_debug_soft__obfuscated.elf)
 .text          0x00004de4        0xc C:/Users/ivpi/ncs/v1.8.0/nrfxlib/softdevice_controller/lib/cortex-m4/soft-float/libsoftdevice_controller_central.a(libsoftdevice_controller_s123_debug_soft__obfuscated.elf)
 .text          0x00004df0       0x4c C:/Users/ivpi/ncs/v1.8.0/nrfxlib/softdevice_controller/lib/cortex-m4/soft-float/libsoftdevice_controller_central.a(libsoftdevice_controller_s123_debug_soft__obfuscated.elf)
 .text          0x00004e3c       0x50 C:/Users/ivpi/ncs/v1.8.0/nrfxlib/softdevice_controller/lib/cortex-m4/soft-float/libsoftdevice_controller_central.a(libsoftdevice_controller_s123_debug_soft__obfuscated.elf)
 .text          0x00004e8c       0x28 C:/Users/ivpi/ncs/v1.8.0/nrfxlib/softdevice_controller/lib/cortex-m4/soft-float/libsoftdevice_controller_central.a(libsoftdevice_controller_s123_debug_soft__obfuscated.elf)
 .text          0x00004eb4       0x3c C:/Users/ivpi/ncs/v1.8.0/nrfxlib/softdevice_controller/lib/cortex-m4/soft-float/libsoftdevice_controller_central.a(libsoftdevice_controller_s123_debug_soft__obfuscated.elf)
 .text          0x00004ef0      0x178 C:/Users/ivpi/ncs/v1.8.0/nrfxlib/softdevice_controller/lib/cortex-m4/soft-float/libsoftdevice_controller_central.a(libsoftdevice_controller_s123_debug_soft__obfuscated.elf)
 .text          0x00005068       0xbc C:/Users/ivpi/ncs/v1.8.0/nrfxlib/softdevice_controller/lib/cortex-m4/soft-float/libsoftdevice_controller_central.a(libsoftdevice_controller_s123_debug_soft__obfuscated.elf)
 .text          0x00005124       0x48 C:/Users/ivpi/ncs/v1.8.0/nrfxlib/softdevice_controller/lib/cortex-m4/soft-float/libsoftdevice_controller_central.a(libsoftdevice_controller_s123_debug_soft__obfuscated.elf)
 .text          0x0000516c       0x2c C:/Users/ivpi/ncs/v1.8.0/nrfxlib/softdevice_controller/lib/cortex-m4/soft-float/libsoftdevice_controller_central.a(libsoftdevice_controller_s123_debug_soft__obfuscated.elf)
 .text          0x00005198       0x38 C:/Users/ivpi/ncs/v1.8.0/nrfxlib/softdevice_controller/lib/cortex-m4/soft-float/libsoftdevice_controller_central.a(libsoftdevice_controller_s123_debug_soft__obfuscated.elf)
 .text          0x000051d0       0x7c C:/Users/ivpi/ncs/v1.8.0/nrfxlib/softdevice_controller/lib/cortex-m4/soft-float/libsoftdevice_controller_central.a(libsoftdevice_controller_s123_debug_soft__obfuscated.elf)
 .text          0x0000524c       0x78 C:/Users/ivpi/ncs/v1.8.0/nrfxlib/softdevice_controller/lib/cortex-m4/soft-float/libsoftdevice_controller_central.a(libsoftdevice_controller_s123_debug_soft__obfuscated.elf)
 .text          0x000052c4       0x14 C:/Users/ivpi/ncs/v1.8.0/nrfxlib/softdevice_controller/lib/cortex-m4/soft-float/libsoftdevice_controller_central.a(libsoftdevice_controller_s123_debug_soft__obfuscated.elf)
 .text          0x000052d8       0x7c C:/Users/ivpi/ncs/v1.8.0/nrfxlib/softdevice_controller/lib/cortex-m4/soft-float/libsoftdevice_controller_central.a(libsoftdevice_controller_s123_debug_soft__obfuscated.elf)
 .text          0x00005354      0x184 C:/Users/ivpi/ncs/v1.8.0/nrfxlib/softdevice_controller/lib/cortex-m4/soft-float/libsoftdevice_controller_central.a(libsoftdevice_controller_s123_debug_soft__obfuscated.elf)
 .text          0x000054d8       0x10 C:/Users/ivpi/ncs/v1.8.0/nrfxlib/softdevice_controller/lib/cortex-m4/soft-float/libsoftdevice_controller_central.a(libsoftdevice_controller_s123_debug_soft__obfuscated.elf)
 .text          0x000054e8        0x8 C:/Users/ivpi/ncs/v1.8.0/nrfxlib/softdevice_controller/lib/cortex-m4/soft-float/libsoftdevice_controller_central.a(libsoftdevice_controller_s123_debug_soft__obfuscated.elf)
                0x000054e8                sym_3Q2UQ65DVTXA3EZPN34QXGGEFSEA6HOSHLFXCMI
 .text          0x000054f0       0x4c C:/Users/ivpi/ncs/v1.8.0/nrfxlib/softdevice_controller/lib/cortex-m4/soft-float/libsoftdevice_controller_central.a(libsoftdevice_controller_s123_debug_soft__obfuscated.elf)
                0x000054f0                sym_ZTNYVYBM2UM3CH2NF2DF4CYN3OTLVACDURSUDOQ
 .text          0x0000553c       0x18 C:/Users/ivpi/ncs/v1.8.0/nrfxlib/softdevice_controller/lib/cortex-m4/soft-float/libsoftdevice_controller_central.a(libsoftdevice_controller_s123_debug_soft__obfuscated.elf)
                0x0000553c                sym_BAUTABQSJLBAZ6GNH7KOF4MJMAA6NF7CDAZNOEQ
 .text          0x00005554       0x18 C:/Users/ivpi/ncs/v1.8.0/nrfxlib/softdevice_controller/lib/cortex-m4/soft-float/libsoftdevice_controller_central.a(libsoftdevice_controller_s123_debug_soft__obfuscated.elf)
                0x00005554                sym_F2LWAH27IT4H2IA7TZWGNABUCWINGT6MWXH2WIA
 .text          0x0000556c       0x1c C:/Users/ivpi/ncs/v1.8.0/nrfxlib/softdevice_controller/lib/cortex-m4/soft-float/libsoftdevice_controller_central.a(libsoftdevice_controller_s123_debug_soft__obfuscated.elf)
                0x0000556c                sym_GV7ZEDU63KACGR6K3NXW7W7XARTADNTCQ3P2HLA
 .text          0x00005588       0x50 C:/Users/ivpi/ncs/v1.8.0/nrfxlib/softdevice_controller/lib/cortex-m4/soft-float/libsoftdevice_controller_central.a(libsoftdevice_controller_s123_debug_soft__obfuscated.elf)
                0x00005588                sym_EV54ITVX6ZJNRIULZTHEWNSCWW5GNYKPCEWELSY
 .text          0x000055d8       0x4c C:/Users/ivpi/ncs/v1.8.0/nrfxlib/softdevice_controller/lib/cortex-m4/soft-float/libsoftdevice_controller_central.a(libsoftdevice_controller_s123_debug_soft__obfuscated.elf)
                0x000055d8                sym_3DXBFDJKO3IQEXOOHBMVXVTLDDG5FSS3TKAZNFY
 .text          0x00005624       0x18 C:/Users/ivpi/ncs/v1.8.0/nrfxlib/softdevice_controller/lib/cortex-m4/soft-float/libsoftdevice_controller_central.a(libsoftdevice_controller_s123_debug_soft__obfuscated.elf)
                0x00005624                sym_PLOW4TMGVQT52FP2ERNRL6S5EELE2YO563WRPJA
 .text          0x0000563c       0x28 C:/Users/ivpi/ncs/v1.8.0/nrfxlib/softdevice_controller/lib/cortex-m4/soft-float/libsoftdevice_controller_central.a(libsoftdevice_controller_s123_debug_soft__obfuscated.elf)
                0x0000563c                sym_DHR6XELGSD2MHYS7JWGEPSKXD43VLKKJDN33HMA
 .text          0x00005664       0x34 C:/Users/ivpi/ncs/v1.8.0/nrfxlib/softdevice_controller/lib/cortex-m4/soft-float/libsoftdevice_controller_central.a(libsoftdevice_controller_s123_debug_soft__obfuscated.elf)
                0x00005664                sym_62DUXM4M5AM4URNPP7IKDX3NCPAODBT4BMADGAY
 .text          0x00005698        0xc C:/Users/ivpi/ncs/v1.8.0/nrfxlib/softdevice_controller/lib/cortex-m4/soft-float/libsoftdevice_controller_central.a(libsoftdevice_controller_s123_debug_soft__obfuscated.elf)
                0x00005698                sym_R5RFYNEZN3LQHKUKJDN3JLSNHLY4DPKXW3KZMYA
 .text          0x000056a4        0xc C:/Users/ivpi/ncs/v1.8.0/nrfxlib/softdevice_controller/lib/cortex-m4/soft-float/libsoftdevice_controller_central.a(libsoftdevice_controller_s123_debug_soft__obfuscated.elf)
                0x000056a4                sym_WHSZ4VQHSDNZTVWJWAYGMNU7AWSUZKLKTBUNDPY
 .text          0x000056b0       0x34 C:/Users/ivpi/ncs/v1.8.0/nrfxlib/softdevice_controller/lib/cortex-m4/soft-float/libsoftdevice_controller_central.a(libsoftdevice_controller_s123_debug_soft__obfuscated.elf)
                0x000056b0                sym_YAOI5BW7G2C6EUUY2B4S7A3CWX63A6MP2T3O5KA
 .text          0x000056e4       0x24 C:/Users/ivpi/ncs/v1.8.0/nrfxlib/softdevice_controller/lib/cortex-m4/soft-float/libsoftdevice_controller_central.a(libsoftdevice_controller_s123_debug_soft__obfuscated.elf)
                0x000056e4                sym_IJTA37LCLZMYZVQ3I74HRUK4JDZEZR23VU3JFJI
 .text          0x00005708       0x8c C:/Users/ivpi/ncs/v1.8.0/nrfxlib/softdevice_controller/lib/cortex-m4/soft-float/libsoftdevice_controller_central.a(libsoftdevice_controller_s123_debug_soft__obfuscated.elf)
                0x00005708                sym_Z3745JZ5MC4MMBP2LFCOSP7OKPPVFDOPIURJWVQ
 .text          0x00005794       0x20 C:/Users/ivpi/ncs/v1.8.0/nrfxlib/softdevice_controller/lib/cortex-m4/soft-float/libsoftdevice_controller_central.a(libsoftdevice_controller_s123_debug_soft__obfuscated.elf)
                0x00005794                sym_FLX2PIIVHO3CLB5CJ7E7YSNFE2YWATNH27BL53A
 .text          0x000057b4        0xc C:/Users/ivpi/ncs/v1.8.0/nrfxlib/softdevice_controller/lib/cortex-m4/soft-float/libsoftdevice_controller_central.a(libsoftdevice_controller_s123_debug_soft__obfuscated.elf)
                0x000057b4                sym_RHRHCWPUPZHCOID576WBS7QZ2KAUT2GASS2T3QY
 .text          0x000057c0       0x1c C:/Users/ivpi/ncs/v1.8.0/nrfxlib/softdevice_controller/lib/cortex-m4/soft-float/libsoftdevice_controller_central.a(libsoftdevice_controller_s123_debug_soft__obfuscated.elf)
                0x000057c0                sym_62B4NCI2CQZLPPINCQVCHO6SYLZVDAWVVCHWS3I
 .text          0x000057dc       0x74 C:/Users/ivpi/ncs/v1.8.0/nrfxlib/softdevice_controller/lib/cortex-m4/soft-float/libsoftdevice_controller_central.a(libsoftdevice_controller_s123_debug_soft__obfuscated.elf)
                0x000057dc                sym_EFQGKM4FX4KOCTBEYNRZUVU5UGVDDD6DFLNBQVY
 .text          0x00005850       0x50 C:/Users/ivpi/ncs/v1.8.0/nrfxlib/softdevice_controller/lib/cortex-m4/soft-float/libsoftdevice_controller_central.a(libsoftdevice_controller_s123_debug_soft__obfuscated.elf)
                0x00005850                sym_GHVM34OXBYILMDKR3F5DVNCQCBMJUJL5PW2RQYQ
 .text          0x000058a0       0x38 C:/Users/ivpi/ncs/v1.8.0/nrfxlib/softdevice_controller/lib/cortex-m4/soft-float/libsoftdevice_controller_central.a(libsoftdevice_controller_s123_debug_soft__obfuscated.elf)
                0x000058a0                sym_KO3VCNGABVWM4325342CFFPZBSXFKFARUCMURAY
 .text          0x000058d8       0x74 C:/Users/ivpi/ncs/v1.8.0/nrfxlib/softdevice_controller/lib/cortex-m4/soft-float/libsoftdevice_controller_central.a(libsoftdevice_controller_s123_debug_soft__obfuscated.elf)
                0x000058d8                sym_NCQ5WTBCV7DGPK3QI3SSY5XGKOI2SE3XFCTKQKY
 .text          0x0000594c       0x30 C:/Users/ivpi/ncs/v1.8.0/nrfxlib/softdevice_controller/lib/cortex-m4/soft-float/libsoftdevice_controller_central.a(libsoftdevice_controller_s123_debug_soft__obfuscated.elf)
 .text          0x0000597c       0x28 C:/Users/ivpi/ncs/v1.8.0/nrfxlib/softdevice_controller/lib/cortex-m4/soft-float/libsoftdevice_controller_central.a(libsoftdevice_controller_s123_debug_soft__obfuscated.elf)
 .text          0x000059a4       0x38 C:/Users/ivpi/ncs/v1.8.0/nrfxlib/softdevice_controller/lib/cortex-m4/soft-float/libsoftdevice_controller_central.a(libsoftdevice_controller_s123_debug_soft__obfuscated.elf)
 .text          0x000059dc       0x44 C:/Users/ivpi/ncs/v1.8.0/nrfxlib/softdevice_controller/lib/cortex-m4/soft-float/libsoftdevice_controller_central.a(libsoftdevice_controller_s123_debug_soft__obfuscated.elf)
 .text          0x00005a20       0x4c C:/Users/ivpi/ncs/v1.8.0/nrfxlib/softdevice_controller/lib/cortex-m4/soft-float/libsoftdevice_controller_central.a(libsoftdevice_controller_s123_debug_soft__obfuscated.elf)
 .text          0x00005a6c       0x90 C:/Users/ivpi/ncs/v1.8.0/nrfxlib/softdevice_controller/lib/cortex-m4/soft-float/libsoftdevice_controller_central.a(libsoftdevice_controller_s123_debug_soft__obfuscated.elf)
 .text          0x00005afc       0x1c C:/Users/ivpi/ncs/v1.8.0/nrfxlib/softdevice_controller/lib/cortex-m4/soft-float/libsoftdevice_controller_central.a(libsoftdevice_controller_s123_debug_soft__obfuscated.elf)
 .text          0x00005b18       0x80 C:/Users/ivpi/ncs/v1.8.0/nrfxlib/softdevice_controller/lib/cortex-m4/soft-float/libsoftdevice_controller_central.a(libsoftdevice_controller_s123_debug_soft__obfuscated.elf)
                0x00005b18                sym_I6CP23ODGJWRR4E4LKGCN5RJCVBTXYTDYCCXNSQ
 .text          0x00005b98       0x60 C:/Users/ivpi/ncs/v1.8.0/nrfxlib/softdevice_controller/lib/cortex-m4/soft-float/libsoftdevice_controller_central.a(libsoftdevice_controller_s123_debug_soft__obfuscated.elf)
 .text          0x00005bf8       0x2c C:/Users/ivpi/ncs/v1.8.0/nrfxlib/softdevice_controller/lib/cortex-m4/soft-float/libsoftdevice_controller_central.a(libsoftdevice_controller_s123_debug_soft__obfuscated.elf)
                0x00005bf8                sym_RQLOJUGFCKCS5YSXHMF5LIHXPBLO5AO63KQE3GQ
 .text          0x00005c24       0x1c C:/Users/ivpi/ncs/v1.8.0/nrfxlib/softdevice_controller/lib/cortex-m4/soft-float/libsoftdevice_controller_central.a(libsoftdevice_controller_s123_debug_soft__obfuscated.elf)
                0x00005c24                sym_MAOKHHVPGVT23KVRN33B7KPEJU6F55EB66KOGDQ
 .text          0x00005c40       0xa6 C:/Users/ivpi/ncs/v1.8.0/nrfxlib/softdevice_controller/lib/cortex-m4/soft-float/libsoftdevice_controller_central.a(libsoftdevice_controller_s123_debug_soft__obfuscated.elf)
                0x00005c40                sym_KHCOV3Y476ESNIVYZPGAZMIYAIZNR3YMGCWNDEQ
 *fill*         0x00005ce6        0x2 
 .text          0x00005ce8       0x86 C:/Users/ivpi/ncs/v1.8.0/nrfxlib/softdevice_controller/lib/cortex-m4/soft-float/libsoftdevice_controller_central.a(libsoftdevice_controller_s123_debug_soft__obfuscated.elf)
 *fill*         0x00005d6e        0x2 
 .text          0x00005d70       0x20 C:/Users/ivpi/ncs/v1.8.0/nrfxlib/softdevice_controller/lib/cortex-m4/soft-float/libsoftdevice_controller_central.a(libsoftdevice_controller_s123_debug_soft__obfuscated.elf)
                0x00005d70                sym_AQNKAYNIT4GTGTVAKOZJZSWZBN4I6FFKO6L5AXA
 .text          0x00005d90       0x28 C:/Users/ivpi/ncs/v1.8.0/nrfxlib/softdevice_controller/lib/cortex-m4/soft-float/libsoftdevice_controller_central.a(libsoftdevice_controller_s123_debug_soft__obfuscated.elf)
                0x00005d90                sym_ASSU5HSD7LU7BXC2C2QNNVLB6AOHO4SQ3KK3OJY
 .text          0x00005db8       0xa4 C:/Users/ivpi/ncs/v1.8.0/nrfxlib/softdevice_controller/lib/cortex-m4/soft-float/libsoftdevice_controller_central.a(libsoftdevice_controller_s123_debug_soft__obfuscated.elf)
                0x00005db8                sym_2NLJY3RIUYXQOZYTZ6WNJA5SS4UKGFLVECP5SQA
 .text          0x00005e5c      0x13c C:/Users/ivpi/ncs/v1.8.0/nrfxlib/softdevice_controller/lib/cortex-m4/soft-float/libsoftdevice_controller_central.a(libsoftdevice_controller_s123_debug_soft__obfuscated.elf)
                0x00005e5c                sym_FTGDIHB35XVITI7QRBPNULMZCYC2B7JJ7JXVWYA
 .text          0x00005f98       0x7c C:/Users/ivpi/ncs/v1.8.0/nrfxlib/softdevice_controller/lib/cortex-m4/soft-float/libsoftdevice_controller_central.a(libsoftdevice_controller_s123_debug_soft__obfuscated.elf)
                0x00005f98                sym_T3BW2IY7GGCYVBUXRHPEV6YGKLT3RH2Z7GCJRQI
 .text          0x00006014       0x54 C:/Users/ivpi/ncs/v1.8.0/nrfxlib/softdevice_controller/lib/cortex-m4/soft-float/libsoftdevice_controller_central.a(libsoftdevice_controller_s123_debug_soft__obfuscated.elf)
                0x00006014                sym_BBCGHL23UJV466BYW2SHQ2OBUQH4NLFTPMY4GQA
 .text          0x00006068       0x34 C:/Users/ivpi/ncs/v1.8.0/nrfxlib/softdevice_controller/lib/cortex-m4/soft-float/libsoftdevice_controller_central.a(libsoftdevice_controller_s123_debug_soft__obfuscated.elf)
                0x00006068                sym_ZUFGUNQKQRINYDDQ2AFT3BJLR3IFVV6WJFPT3PA
 .text          0x0000609c       0xe0 C:/Users/ivpi/ncs/v1.8.0/nrfxlib/softdevice_controller/lib/cortex-m4/soft-float/libsoftdevice_controller_central.a(libsoftdevice_controller_s123_debug_soft__obfuscated.elf)
 .text          0x0000617c       0x9c C:/Users/ivpi/ncs/v1.8.0/nrfxlib/softdevice_controller/lib/cortex-m4/soft-float/libsoftdevice_controller_central.a(libsoftdevice_controller_s123_debug_soft__obfuscated.elf)
 .text          0x00006218       0xb8 C:/Users/ivpi/ncs/v1.8.0/nrfxlib/softdevice_controller/lib/cortex-m4/soft-float/libsoftdevice_controller_central.a(libsoftdevice_controller_s123_debug_soft__obfuscated.elf)
 .text          0x000062d0       0x2c C:/Users/ivpi/ncs/v1.8.0/nrfxlib/softdevice_controller/lib/cortex-m4/soft-float/libsoftdevice_controller_central.a(libsoftdevice_controller_s123_debug_soft__obfuscated.elf)
                0x000062d0                sym_YCGK7WNXKD6OBWJXKZPNCNC4IVXYKAWKFKPJJ3Q
 .text          0x000062fc       0x6c C:/Users/ivpi/ncs/v1.8.0/nrfxlib/softdevice_controller/lib/cortex-m4/soft-float/libsoftdevice_controller_central.a(libsoftdevice_controller_s123_debug_soft__obfuscated.elf)
                0x000062fc                sym_HRCF6LWSDWPWEZA7S5YQFCNRDXXCJA6WGOZECRY
 .text          0x00006368       0x9c C:/Users/ivpi/ncs/v1.8.0/nrfxlib/softdevice_controller/lib/cortex-m4/soft-float/libsoftdevice_controller_central.a(libsoftdevice_controller_s123_debug_soft__obfuscated.elf)
                0x00006368                sym_DP474BSWQ6W7M27XE2M7XMGWSDEQ3KL66B2SR5Q
 .text          0x00006404        0xc C:/Users/ivpi/ncs/v1.8.0/nrfxlib/softdevice_controller/lib/cortex-m4/soft-float/libsoftdevice_controller_central.a(libsoftdevice_controller_s123_debug_soft__obfuscated.elf)
                0x00006404                sym_LSVSDRPU6I3TDCLLOUEM2V2AVGSQ7RX4GJRYLGY
 .text          0x00006410       0x84 C:/Users/ivpi/ncs/v1.8.0/nrfxlib/softdevice_controller/lib/cortex-m4/soft-float/libsoftdevice_controller_central.a(libsoftdevice_controller_s123_debug_soft__obfuscated.elf)
                0x00006410                sym_CAWX7VFIWXNZLGUALKXHPOWKG5OUKQTCDAWDIJQ
 .text          0x00006494       0x2c C:/Users/ivpi/ncs/v1.8.0/nrfxlib/softdevice_controller/lib/cortex-m4/soft-float/libsoftdevice_controller_central.a(libsoftdevice_controller_s123_debug_soft__obfuscated.elf)
                0x00006494                sym_UNILPC3WRTR35RH7UOHDW2CBEPUWSJ7EITIV3ZY
 .text          0x000064c0       0x24 C:/Users/ivpi/ncs/v1.8.0/nrfxlib/softdevice_controller/lib/cortex-m4/soft-float/libsoftdevice_controller_central.a(libsoftdevice_controller_s123_debug_soft__obfuscated.elf)
                0x000064c0                sym_BWOW7IRAHQYZVS3PPGHEV5NC5WFIEH4A4RVZSCY
 .text          0x000064e4       0x6c C:/Users/ivpi/ncs/v1.8.0/nrfxlib/softdevice_controller/lib/cortex-m4/soft-float/libsoftdevice_controller_central.a(libsoftdevice_controller_s123_debug_soft__obfuscated.elf)
                0x000064e4                sym_QHGHSVTF7L437YVLUCKKPDATAJPGFRYC4WKEE3Q
 .text          0x00006550       0x10 C:/Users/ivpi/ncs/v1.8.0/nrfxlib/softdevice_controller/lib/cortex-m4/soft-float/libsoftdevice_controller_central.a(libsoftdevice_controller_s123_debug_soft__obfuscated.elf)
                0x00006550                sym_VK3LYWW654ZNWB44W7VFNFGOUDPRKIGF72NOIJQ
 .text          0x00006560       0x30 C:/Users/ivpi/ncs/v1.8.0/nrfxlib/softdevice_controller/lib/cortex-m4/soft-float/libsoftdevice_controller_central.a(libsoftdevice_controller_s123_debug_soft__obfuscated.elf)
                0x00006560                sym_E2CRP72QBQBK56N4JLXHAC3TVB4DCKBR4JCPWZI
 .text          0x00006590       0x2c C:/Users/ivpi/ncs/v1.8.0/nrfxlib/softdevice_controller/lib/cortex-m4/soft-float/libsoftdevice_controller_central.a(libsoftdevice_controller_s123_debug_soft__obfuscated.elf)
                0x00006590                sym_NN7F2AFPNY6STZCCSXFBV5372QVP4U2ULKNO6YY
 .text          0x000065bc       0x48 C:/Users/ivpi/ncs/v1.8.0/nrfxlib/softdevice_controller/lib/cortex-m4/soft-float/libsoftdevice_controller_central.a(libsoftdevice_controller_s123_debug_soft__obfuscated.elf)
                0x000065bc                sym_CWCJBYNEE73YTWZDQ2FWMB5MOYKQIAA5AHOKAEI
 .text          0x00006604       0x54 C:/Users/ivpi/ncs/v1.8.0/nrfxlib/softdevice_controller/lib/cortex-m4/soft-float/libsoftdevice_controller_central.a(libsoftdevice_controller_s123_debug_soft__obfuscated.elf)
                0x00006604                sym_DKYSP3NMOGW5WL2AN37B2ETSQMQQZYB63CFPVXY
 .text          0x00006658       0x10 C:/Users/ivpi/ncs/v1.8.0/nrfxlib/softdevice_controller/lib/cortex-m4/soft-float/libsoftdevice_controller_central.a(libsoftdevice_controller_s123_debug_soft__obfuscated.elf)
                0x00006658                sym_NMZIVYO7OGKV6EPWB3U2ZSNCJRLWT2HQRLXCNFQ
 .text          0x00006668       0x10 C:/Users/ivpi/ncs/v1.8.0/nrfxlib/softdevice_controller/lib/cortex-m4/soft-float/libsoftdevice_controller_central.a(libsoftdevice_controller_s123_debug_soft__obfuscated.elf)
                0x00006668                sym_WYXBJE6NWBKILRWDCM2MMYJSSQVAUS4Y4CIL3JA
 .text          0x00006678       0x34 C:/Users/ivpi/ncs/v1.8.0/nrfxlib/softdevice_controller/lib/cortex-m4/soft-float/libsoftdevice_controller_central.a(libsoftdevice_controller_s123_debug_soft__obfuscated.elf)
                0x00006678                sym_MVPTAXVMKKJKZSZY7URPZXTLDWW3HFU23KIS2JY
 .text          0x000066ac       0x6c C:/Users/ivpi/ncs/v1.8.0/nrfxlib/softdevice_controller/lib/cortex-m4/soft-float/libsoftdevice_controller_central.a(libsoftdevice_controller_s123_debug_soft__obfuscated.elf)
                0x000066ac                sym_DT76CGJPKTZTBYTJ74CI3APDNUWUPZSXP2BUGWY
 .text          0x00006718       0x1c C:/Users/ivpi/ncs/v1.8.0/nrfxlib/softdevice_controller/lib/cortex-m4/soft-float/libsoftdevice_controller_central.a(libsoftdevice_controller_s123_debug_soft__obfuscated.elf)
                0x00006718                sym_MWLD7ADI4DKLCCAP7TV4Z4ALM2E7XBXHCX6LARQ
 .text          0x00006734       0x1c C:/Users/ivpi/ncs/v1.8.0/nrfxlib/softdevice_controller/lib/cortex-m4/soft-float/libsoftdevice_controller_central.a(libsoftdevice_controller_s123_debug_soft__obfuscated.elf)
                0x00006734                sym_HTKBM4AXPDDAEAMJNV3SEGKNDOKHE4XGMB7II5Q
 .text          0x00006750       0x10 C:/Users/ivpi/ncs/v1.8.0/nrfxlib/softdevice_controller/lib/cortex-m4/soft-float/libsoftdevice_controller_central.a(libsoftdevice_controller_s123_debug_soft__obfuscated.elf)
                0x00006750                sym_2QCSOYKJNF32ZBJORU6CJN7O5NDB7M3GD4LTM7A
 .text          0x00006760       0x3c C:/Users/ivpi/ncs/v1.8.0/nrfxlib/softdevice_controller/lib/cortex-m4/soft-float/libsoftdevice_controller_central.a(libsoftdevice_controller_s123_debug_soft__obfuscated.elf)
                0x00006760                sym_Y3LLBAILR6W7PLNIFAS76NKLAMZYWOKXIQMSIJY
 .text          0x0000679c        0xc C:/Users/ivpi/ncs/v1.8.0/nrfxlib/softdevice_controller/lib/cortex-m4/soft-float/libsoftdevice_controller_central.a(libsoftdevice_controller_s123_debug_soft__obfuscated.elf)
                0x0000679c                sym_KTO2H4NDIYSSQUUKE3NMMN4YAJAKAHZE3TQVHOY
 .text          0x000067a8       0x24 C:/Users/ivpi/ncs/v1.8.0/nrfxlib/softdevice_controller/lib/cortex-m4/soft-float/libsoftdevice_controller_central.a(libsoftdevice_controller_s123_debug_soft__obfuscated.elf)
                0x000067a8                sym_MTC4J2MZE6VAAPCSLUXPAJHBAOGCFLQEYGARL6I
 .text          0x000067cc       0x30 C:/Users/ivpi/ncs/v1.8.0/nrfxlib/softdevice_controller/lib/cortex-m4/soft-float/libsoftdevice_controller_central.a(libsoftdevice_controller_s123_debug_soft__obfuscated.elf)
                0x000067cc                sym_SPOA75Q2J6LVU6OSBDIHNSVXF4UIA7YYLMJNW6Y
 .text          0x000067fc       0x10 C:/Users/ivpi/ncs/v1.8.0/nrfxlib/softdevice_controller/lib/cortex-m4/soft-float/libsoftdevice_controller_central.a(libsoftdevice_controller_s123_debug_soft__obfuscated.elf)
                0x000067fc                sym_C6DXC74AFTZZCXMRWBEAHQAQL3FVDNYSC45JP5Q
 .text          0x0000680c       0x3c C:/Users/ivpi/ncs/v1.8.0/nrfxlib/softdevice_controller/lib/cortex-m4/soft-float/libsoftdevice_controller_central.a(libsoftdevice_controller_s123_debug_soft__obfuscated.elf)
                0x0000680c                sym_2P3U35PVPGI22WKCAIMTRDZZMPBUUYDSHVM74OA
 .text          0x00006848       0x24 C:/Users/ivpi/ncs/v1.8.0/nrfxlib/softdevice_controller/lib/cortex-m4/soft-float/libsoftdevice_controller_central.a(libsoftdevice_controller_s123_debug_soft__obfuscated.elf)
 .text          0x0000686c       0x50 C:/Users/ivpi/ncs/v1.8.0/nrfxlib/softdevice_controller/lib/cortex-m4/soft-float/libsoftdevice_controller_central.a(libsoftdevice_controller_s123_debug_soft__obfuscated.elf)
 .text          0x000068bc       0x8c C:/Users/ivpi/ncs/v1.8.0/nrfxlib/softdevice_controller/lib/cortex-m4/soft-float/libsoftdevice_controller_central.a(libsoftdevice_controller_s123_debug_soft__obfuscated.elf)
 .text          0x00006948       0x7c C:/Users/ivpi/ncs/v1.8.0/nrfxlib/softdevice_controller/lib/cortex-m4/soft-float/libsoftdevice_controller_central.a(libsoftdevice_controller_s123_debug_soft__obfuscated.elf)
 .text          0x000069c4       0x5c C:/Users/ivpi/ncs/v1.8.0/nrfxlib/softdevice_controller/lib/cortex-m4/soft-float/libsoftdevice_controller_central.a(libsoftdevice_controller_s123_debug_soft__obfuscated.elf)
 .text          0x00006a20       0x54 C:/Users/ivpi/ncs/v1.8.0/nrfxlib/softdevice_controller/lib/cortex-m4/soft-float/libsoftdevice_controller_central.a(libsoftdevice_controller_s123_debug_soft__obfuscated.elf)
 .text          0x00006a74       0x18 C:/Users/ivpi/ncs/v1.8.0/nrfxlib/softdevice_controller/lib/cortex-m4/soft-float/libsoftdevice_controller_central.a(libsoftdevice_controller_s123_debug_soft__obfuscated.elf)
 .text          0x00006a8c       0x28 C:/Users/ivpi/ncs/v1.8.0/nrfxlib/softdevice_controller/lib/cortex-m4/soft-float/libsoftdevice_controller_central.a(libsoftdevice_controller_s123_debug_soft__obfuscated.elf)
 .text          0x00006ab4       0xfc C:/Users/ivpi/ncs/v1.8.0/nrfxlib/softdevice_controller/lib/cortex-m4/soft-float/libsoftdevice_controller_central.a(libsoftdevice_controller_s123_debug_soft__obfuscated.elf)
 .text          0x00006bb0       0xec C:/Users/ivpi/ncs/v1.8.0/nrfxlib/softdevice_controller/lib/cortex-m4/soft-float/libsoftdevice_controller_central.a(libsoftdevice_controller_s123_debug_soft__obfuscated.elf)
 .text          0x00006c9c      0x1a4 C:/Users/ivpi/ncs/v1.8.0/nrfxlib/softdevice_controller/lib/cortex-m4/soft-float/libsoftdevice_controller_central.a(libsoftdevice_controller_s123_debug_soft__obfuscated.elf)
 .text          0x00006e40      0x104 C:/Users/ivpi/ncs/v1.8.0/nrfxlib/softdevice_controller/lib/cortex-m4/soft-float/libsoftdevice_controller_central.a(libsoftdevice_controller_s123_debug_soft__obfuscated.elf)
 .text          0x00006f44       0x7c C:/Users/ivpi/ncs/v1.8.0/nrfxlib/softdevice_controller/lib/cortex-m4/soft-float/libsoftdevice_controller_central.a(libsoftdevice_controller_s123_debug_soft__obfuscated.elf)
 .text          0x00006fc0       0x84 C:/Users/ivpi/ncs/v1.8.0/nrfxlib/softdevice_controller/lib/cortex-m4/soft-float/libsoftdevice_controller_central.a(libsoftdevice_controller_s123_debug_soft__obfuscated.elf)
 .text          0x00007044       0x4c C:/Users/ivpi/ncs/v1.8.0/nrfxlib/softdevice_controller/lib/cortex-m4/soft-float/libsoftdevice_controller_central.a(libsoftdevice_controller_s123_debug_soft__obfuscated.elf)
 .text          0x00007090       0x34 C:/Users/ivpi/ncs/v1.8.0/nrfxlib/softdevice_controller/lib/cortex-m4/soft-float/libsoftdevice_controller_central.a(libsoftdevice_controller_s123_debug_soft__obfuscated.elf)
 .text          0x000070c4       0x18 C:/Users/ivpi/ncs/v1.8.0/nrfxlib/softdevice_controller/lib/cortex-m4/soft-float/libsoftdevice_controller_central.a(libsoftdevice_controller_s123_debug_soft__obfuscated.elf)
 .text          0x000070dc       0x24 C:/Users/ivpi/ncs/v1.8.0/nrfxlib/softdevice_controller/lib/cortex-m4/soft-float/libsoftdevice_controller_central.a(libsoftdevice_controller_s123_debug_soft__obfuscated.elf)
 .text          0x00007100       0xd4 C:/Users/ivpi/ncs/v1.8.0/nrfxlib/softdevice_controller/lib/cortex-m4/soft-float/libsoftdevice_controller_central.a(libsoftdevice_controller_s123_debug_soft__obfuscated.elf)
 .text          0x000071d4       0x54 C:/Users/ivpi/ncs/v1.8.0/nrfxlib/softdevice_controller/lib/cortex-m4/soft-float/libsoftdevice_controller_central.a(libsoftdevice_controller_s123_debug_soft__obfuscated.elf)
 .text          0x00007228       0x24 C:/Users/ivpi/ncs/v1.8.0/nrfxlib/softdevice_controller/lib/cortex-m4/soft-float/libsoftdevice_controller_central.a(libsoftdevice_controller_s123_debug_soft__obfuscated.elf)
 .text          0x0000724c       0x38 C:/Users/ivpi/ncs/v1.8.0/nrfxlib/softdevice_controller/lib/cortex-m4/soft-float/libsoftdevice_controller_central.a(libsoftdevice_controller_s123_debug_soft__obfuscated.elf)
 .text          0x00007284       0x44 C:/Users/ivpi/ncs/v1.8.0/nrfxlib/softdevice_controller/lib/cortex-m4/soft-float/libsoftdevice_controller_central.a(libsoftdevice_controller_s123_debug_soft__obfuscated.elf)
 .text          0x000072c8       0xe0 C:/Users/ivpi/ncs/v1.8.0/nrfxlib/softdevice_controller/lib/cortex-m4/soft-float/libsoftdevice_controller_central.a(libsoftdevice_controller_s123_debug_soft__obfuscated.elf)
 .text          0x000073a8       0x30 C:/Users/ivpi/ncs/v1.8.0/nrfxlib/softdevice_controller/lib/cortex-m4/soft-float/libsoftdevice_controller_central.a(libsoftdevice_controller_s123_debug_soft__obfuscated.elf)
 .text          0x000073d8       0x50 C:/Users/ivpi/ncs/v1.8.0/nrfxlib/softdevice_controller/lib/cortex-m4/soft-float/libsoftdevice_controller_central.a(libsoftdevice_controller_s123_debug_soft__obfuscated.elf)
 .text          0x00007428       0x20 C:/Users/ivpi/ncs/v1.8.0/nrfxlib/softdevice_controller/lib/cortex-m4/soft-float/libsoftdevice_controller_central.a(libsoftdevice_controller_s123_debug_soft__obfuscated.elf)
 .text          0x00007448       0x10 C:/Users/ivpi/ncs/v1.8.0/nrfxlib/softdevice_controller/lib/cortex-m4/soft-float/libsoftdevice_controller_central.a(libsoftdevice_controller_s123_debug_soft__obfuscated.elf)
 .text          0x00007458       0x9c C:/Users/ivpi/ncs/v1.8.0/nrfxlib/softdevice_controller/lib/cortex-m4/soft-float/libsoftdevice_controller_central.a(libsoftdevice_controller_s123_debug_soft__obfuscated.elf)
 .text          0x000074f4       0x84 C:/Users/ivpi/ncs/v1.8.0/nrfxlib/softdevice_controller/lib/cortex-m4/soft-float/libsoftdevice_controller_central.a(libsoftdevice_controller_s123_debug_soft__obfuscated.elf)
 .text          0x00007578       0x34 C:/Users/ivpi/ncs/v1.8.0/nrfxlib/softdevice_controller/lib/cortex-m4/soft-float/libsoftdevice_controller_central.a(libsoftdevice_controller_s123_debug_soft__obfuscated.elf)
 .text          0x000075ac       0x84 C:/Users/ivpi/ncs/v1.8.0/nrfxlib/softdevice_controller/lib/cortex-m4/soft-float/libsoftdevice_controller_central.a(libsoftdevice_controller_s123_debug_soft__obfuscated.elf)
 .text          0x00007630       0x3c C:/Users/ivpi/ncs/v1.8.0/nrfxlib/softdevice_controller/lib/cortex-m4/soft-float/libsoftdevice_controller_central.a(libsoftdevice_controller_s123_debug_soft__obfuscated.elf)
 .text          0x0000766c        0x8 C:/Users/ivpi/ncs/v1.8.0/nrfxlib/softdevice_controller/lib/cortex-m4/soft-float/libsoftdevice_controller_central.a(libsoftdevice_controller_s123_debug_soft__obfuscated.elf)
 .text          0x00007674        0x8 C:/Users/ivpi/ncs/v1.8.0/nrfxlib/softdevice_controller/lib/cortex-m4/soft-float/libsoftdevice_controller_central.a(libsoftdevice_controller_s123_debug_soft__obfuscated.elf)
 .text          0x0000767c        0x8 C:/Users/ivpi/ncs/v1.8.0/nrfxlib/softdevice_controller/lib/cortex-m4/soft-float/libsoftdevice_controller_central.a(libsoftdevice_controller_s123_debug_soft__obfuscated.elf)
 .text          0x00007684        0x8 C:/Users/ivpi/ncs/v1.8.0/nrfxlib/softdevice_controller/lib/cortex-m4/soft-float/libsoftdevice_controller_central.a(libsoftdevice_controller_s123_debug_soft__obfuscated.elf)
 .text          0x0000768c       0x1c C:/Users/ivpi/ncs/v1.8.0/nrfxlib/softdevice_controller/lib/cortex-m4/soft-float/libsoftdevice_controller_central.a(libsoftdevice_controller_s123_debug_soft__obfuscated.elf)
 .text          0x000076a8       0x10 C:/Users/ivpi/ncs/v1.8.0/nrfxlib/softdevice_controller/lib/cortex-m4/soft-float/libsoftdevice_controller_central.a(libsoftdevice_controller_s123_debug_soft__obfuscated.elf)
 .text          0x000076b8       0xea C:/Users/ivpi/ncs/v1.8.0/nrfxlib/softdevice_controller/lib/cortex-m4/soft-float/libsoftdevice_controller_central.a(libsoftdevice_controller_s123_debug_soft__obfuscated.elf)
                0x000076b8                sym_APQBQYVRLINLVCFXLBBEITGXGOI22AKEZA4TBXI
 *fill*         0x000077a2        0x2 
 .text          0x000077a4       0x70 C:/Users/ivpi/ncs/v1.8.0/nrfxlib/softdevice_controller/lib/cortex-m4/soft-float/libsoftdevice_controller_central.a(libsoftdevice_controller_s123_debug_soft__obfuscated.elf)
                0x000077a4                sym_H6SJIQXHKN7VVG6C62ASOS3CUN62ZMELS5YDO4I
 .text          0x00007814       0x3c C:/Users/ivpi/ncs/v1.8.0/nrfxlib/softdevice_controller/lib/cortex-m4/soft-float/libsoftdevice_controller_central.a(libsoftdevice_controller_s123_debug_soft__obfuscated.elf)
                0x00007814                sym_64HX2E4XZUI7W6V3KWAXUMCQ3Y3TK7QM4TKA7RQ
 .text          0x00007850       0x88 C:/Users/ivpi/ncs/v1.8.0/nrfxlib/softdevice_controller/lib/cortex-m4/soft-float/libsoftdevice_controller_central.a(libsoftdevice_controller_s123_debug_soft__obfuscated.elf)
                0x00007850                sym_NMFSQPWNRCV6HXBI7IE26MSQQN35QYITSFUP7UQ
 .text          0x000078d8       0x10 C:/Users/ivpi/ncs/v1.8.0/nrfxlib/softdevice_controller/lib/cortex-m4/soft-float/libsoftdevice_controller_central.a(libsoftdevice_controller_s123_debug_soft__obfuscated.elf)
                0x000078d8                sym_3FFXBKVY5X23ZTRFF54SFBJLPNCARR3MOC6ZW4Q
 .text          0x000078e8        0xc C:/Users/ivpi/ncs/v1.8.0/nrfxlib/softdevice_controller/lib/cortex-m4/soft-float/libsoftdevice_controller_central.a(libsoftdevice_controller_s123_debug_soft__obfuscated.elf)
                0x000078e8                sym_QH6ACNASCZIPLGXDLTGSQRSHW5NB7ZQTZZRK4YA
 .text          0x000078f4       0x28 C:/Users/ivpi/ncs/v1.8.0/nrfxlib/softdevice_controller/lib/cortex-m4/soft-float/libsoftdevice_controller_central.a(libsoftdevice_controller_s123_debug_soft__obfuscated.elf)
                0x000078f4                sym_D32O5UGH4Z5UIIID2WCPPQW5AIZTB7O27GPHRFY
 .text          0x0000791c       0x18 C:/Users/ivpi/ncs/v1.8.0/nrfxlib/softdevice_controller/lib/cortex-m4/soft-float/libsoftdevice_controller_central.a(libsoftdevice_controller_s123_debug_soft__obfuscated.elf)
                0x0000791c                sym_PZUNZTYT7AZJNJFZS5D6BQSK2VUJ7IAMM34PDSQ
 .text          0x00007934       0x78 C:/Users/ivpi/ncs/v1.8.0/nrfxlib/softdevice_controller/lib/cortex-m4/soft-float/libsoftdevice_controller_central.a(libsoftdevice_controller_s123_debug_soft__obfuscated.elf)
                0x00007934                sym_QEQ3U44ESDZWCO3BSF6YRZCNVA53QKJJDYOH4IA
 .text          0x000079ac       0x6c C:/Users/ivpi/ncs/v1.8.0/nrfxlib/softdevice_controller/lib/cortex-m4/soft-float/libsoftdevice_controller_central.a(libsoftdevice_controller_s123_debug_soft__obfuscated.elf)
                0x000079ac                sym_FD3YSKMJFZZ6QLBN5QYR4W3IEFZPNIDML2SRNFA
 .text          0x00007a18        0xc C:/Users/ivpi/ncs/v1.8.0/nrfxlib/softdevice_controller/lib/cortex-m4/soft-float/libsoftdevice_controller_central.a(libsoftdevice_controller_s123_debug_soft__obfuscated.elf)
                0x00007a18                sym_N4O5U3NJSTCGLBUPXQCZS42TMU5XHBTVV6MIOFQ
 .text          0x00007a24       0x38 C:/Users/ivpi/ncs/v1.8.0/nrfxlib/softdevice_controller/lib/cortex-m4/soft-float/libsoftdevice_controller_central.a(libsoftdevice_controller_s123_debug_soft__obfuscated.elf)
                0x00007a24                sym_G3T75QYGDXLADVOG7TRD7S7FJG34FXA2B745E2A
 .text          0x00007a5c       0x44 C:/Users/ivpi/ncs/v1.8.0/nrfxlib/softdevice_controller/lib/cortex-m4/soft-float/libsoftdevice_controller_central.a(libsoftdevice_controller_s123_debug_soft__obfuscated.elf)
                0x00007a5c                sym_SVA6DLBGPY6XV2V2F4HOMHWDPSDIRD722L2FDEI
 .text          0x00007aa0       0x70 C:/Users/ivpi/ncs/v1.8.0/nrfxlib/softdevice_controller/lib/cortex-m4/soft-float/libsoftdevice_controller_central.a(libsoftdevice_controller_s123_debug_soft__obfuscated.elf)
                0x00007aa0                sym_75TAEO5RFHKNVZFZHMOMYUKRALUIDEKJ3QZBZUI
 .text          0x00007b10       0x64 C:/Users/ivpi/ncs/v1.8.0/nrfxlib/softdevice_controller/lib/cortex-m4/soft-float/libsoftdevice_controller_central.a(libsoftdevice_controller_s123_debug_soft__obfuscated.elf)
                0x00007b10                sym_FWBDPDM7VY7WBRWZ3WP5JROXJKUZAWVORDIS6GI
 .text          0x00007b74       0x9c C:/Users/ivpi/ncs/v1.8.0/nrfxlib/softdevice_controller/lib/cortex-m4/soft-float/libsoftdevice_controller_central.a(libsoftdevice_controller_s123_debug_soft__obfuscated.elf)
                0x00007b74                sym_DZTS4L2RU3BVZZFRH3V4WKNMY7L544NVD52YT6Q
 .text          0x00007c10       0x68 C:/Users/ivpi/ncs/v1.8.0/nrfxlib/softdevice_controller/lib/cortex-m4/soft-float/libsoftdevice_controller_central.a(libsoftdevice_controller_s123_debug_soft__obfuscated.elf)
 .text          0x00007c78       0x20 C:/Users/ivpi/ncs/v1.8.0/nrfxlib/softdevice_controller/lib/cortex-m4/soft-float/libsoftdevice_controller_central.a(libsoftdevice_controller_s123_debug_soft__obfuscated.elf)
 .text          0x00007c98       0x7c C:/Users/ivpi/ncs/v1.8.0/nrfxlib/softdevice_controller/lib/cortex-m4/soft-float/libsoftdevice_controller_central.a(libsoftdevice_controller_s123_debug_soft__obfuscated.elf)
 .text          0x00007d14      0x118 C:/Users/ivpi/ncs/v1.8.0/nrfxlib/softdevice_controller/lib/cortex-m4/soft-float/libsoftdevice_controller_central.a(libsoftdevice_controller_s123_debug_soft__obfuscated.elf)
 .text          0x00007e2c       0x34 C:/Users/ivpi/ncs/v1.8.0/nrfxlib/softdevice_controller/lib/cortex-m4/soft-float/libsoftdevice_controller_central.a(libsoftdevice_controller_s123_debug_soft__obfuscated.elf)
 .text          0x00007e60       0x38 C:/Users/ivpi/ncs/v1.8.0/nrfxlib/softdevice_controller/lib/cortex-m4/soft-float/libsoftdevice_controller_central.a(libsoftdevice_controller_s123_debug_soft__obfuscated.elf)
 .text          0x00007e98       0xf4 C:/Users/ivpi/ncs/v1.8.0/nrfxlib/softdevice_controller/lib/cortex-m4/soft-float/libsoftdevice_controller_central.a(libsoftdevice_controller_s123_debug_soft__obfuscated.elf)
 .text          0x00007f8c       0x20 C:/Users/ivpi/ncs/v1.8.0/nrfxlib/softdevice_controller/lib/cortex-m4/soft-float/libsoftdevice_controller_central.a(libsoftdevice_controller_s123_debug_soft__obfuscated.elf)
 .text          0x00007fac       0x54 C:/Users/ivpi/ncs/v1.8.0/nrfxlib/softdevice_controller/lib/cortex-m4/soft-float/libsoftdevice_controller_central.a(libsoftdevice_controller_s123_debug_soft__obfuscated.elf)
 .text          0x00008000       0xf8 C:/Users/ivpi/ncs/v1.8.0/nrfxlib/softdevice_controller/lib/cortex-m4/soft-float/libsoftdevice_controller_central.a(libsoftdevice_controller_s123_debug_soft__obfuscated.elf)
 .text          0x000080f8      0x15c C:/Users/ivpi/ncs/v1.8.0/nrfxlib/softdevice_controller/lib/cortex-m4/soft-float/libsoftdevice_controller_central.a(libsoftdevice_controller_s123_debug_soft__obfuscated.elf)
 .text          0x00008254       0x88 C:/Users/ivpi/ncs/v1.8.0/nrfxlib/softdevice_controller/lib/cortex-m4/soft-float/libsoftdevice_controller_central.a(libsoftdevice_controller_s123_debug_soft__obfuscated.elf)
 .text          0x000082dc       0x28 C:/Users/ivpi/ncs/v1.8.0/nrfxlib/softdevice_controller/lib/cortex-m4/soft-float/libsoftdevice_controller_central.a(libsoftdevice_controller_s123_debug_soft__obfuscated.elf)
 .text          0x00008304       0x78 C:/Users/ivpi/ncs/v1.8.0/nrfxlib/softdevice_controller/lib/cortex-m4/soft-float/libsoftdevice_controller_central.a(libsoftdevice_controller_s123_debug_soft__obfuscated.elf)
 .text          0x0000837c       0x94 C:/Users/ivpi/ncs/v1.8.0/nrfxlib/softdevice_controller/lib/cortex-m4/soft-float/libsoftdevice_controller_central.a(libsoftdevice_controller_s123_debug_soft__obfuscated.elf)
 .text          0x00008410      0x234 C:/Users/ivpi/ncs/v1.8.0/nrfxlib/softdevice_controller/lib/cortex-m4/soft-float/libsoftdevice_controller_central.a(libsoftdevice_controller_s123_debug_soft__obfuscated.elf)
 .text          0x00008644       0x2c C:/Users/ivpi/ncs/v1.8.0/nrfxlib/softdevice_controller/lib/cortex-m4/soft-float/libsoftdevice_controller_central.a(libsoftdevice_controller_s123_debug_soft__obfuscated.elf)
 .text          0x00008670       0x54 C:/Users/ivpi/ncs/v1.8.0/nrfxlib/softdevice_controller/lib/cortex-m4/soft-float/libsoftdevice_controller_central.a(libsoftdevice_controller_s123_debug_soft__obfuscated.elf)
 .text          0x000086c4       0x34 C:/Users/ivpi/ncs/v1.8.0/nrfxlib/softdevice_controller/lib/cortex-m4/soft-float/libsoftdevice_controller_central.a(libsoftdevice_controller_s123_debug_soft__obfuscated.elf)
 .text          0x000086f8       0x18 C:/Users/ivpi/ncs/v1.8.0/nrfxlib/softdevice_controller/lib/cortex-m4/soft-float/libsoftdevice_controller_central.a(libsoftdevice_controller_s123_debug_soft__obfuscated.elf)
 .text          0x00008710       0x24 C:/Users/ivpi/ncs/v1.8.0/nrfxlib/softdevice_controller/lib/cortex-m4/soft-float/libsoftdevice_controller_central.a(libsoftdevice_controller_s123_debug_soft__obfuscated.elf)
 .text          0x00008734       0x44 C:/Users/ivpi/ncs/v1.8.0/nrfxlib/softdevice_controller/lib/cortex-m4/soft-float/libsoftdevice_controller_central.a(libsoftdevice_controller_s123_debug_soft__obfuscated.elf)
 .text          0x00008778       0x30 C:/Users/ivpi/ncs/v1.8.0/nrfxlib/softdevice_controller/lib/cortex-m4/soft-float/libsoftdevice_controller_central.a(libsoftdevice_controller_s123_debug_soft__obfuscated.elf)
                0x00008778                sym_MGQDGNJ74VJJHVTKWJOWJH5EBSV45Q2XONQQ5WQ
 .text          0x000087a8      0x20c C:/Users/ivpi/ncs/v1.8.0/nrfxlib/softdevice_controller/lib/cortex-m4/soft-float/libsoftdevice_controller_central.a(libsoftdevice_controller_s123_debug_soft__obfuscated.elf)
                0x000087a8                sym_7O4TUQ5M7Q3KRCIQ2SPFGVQDIFYV727FSNLFGKI
 .text          0x000089b4       0x5c C:/Users/ivpi/ncs/v1.8.0/nrfxlib/softdevice_controller/lib/cortex-m4/soft-float/libsoftdevice_controller_central.a(libsoftdevice_controller_s123_debug_soft__obfuscated.elf)
                0x000089b4                sym_XMSQSHOMUQJNNSSEXDAX4NHMQIFY5G5ZMQIBDRA
 .text          0x00008a10       0xd8 C:/Users/ivpi/ncs/v1.8.0/nrfxlib/softdevice_controller/lib/cortex-m4/soft-float/libsoftdevice_controller_central.a(libsoftdevice_controller_s123_debug_soft__obfuscated.elf)
                0x00008a10                sym_JMIQO3ILZD7SKROBEXXUMUGX2B5S6MSFF2CM3XY
 .text          0x00008ae8       0x30 C:/Users/ivpi/ncs/v1.8.0/nrfxlib/softdevice_controller/lib/cortex-m4/soft-float/libsoftdevice_controller_central.a(libsoftdevice_controller_s123_debug_soft__obfuscated.elf)
                0x00008ae8                sym_MEJ7N2FHYOI6WKBF6QPZGKUNC3JXLY6XDOIDFTY
 .text          0x00008b18       0xec C:/Users/ivpi/ncs/v1.8.0/nrfxlib/softdevice_controller/lib/cortex-m4/soft-float/libsoftdevice_controller_central.a(libsoftdevice_controller_s123_debug_soft__obfuscated.elf)
                0x00008b18                sym_C4R73COZU7NKK6UAUGTJ6HNWDG7QPVROF5RMZMA
 .text          0x00008c04       0x3c C:/Users/ivpi/ncs/v1.8.0/nrfxlib/softdevice_controller/lib/cortex-m4/soft-float/libsoftdevice_controller_central.a(libsoftdevice_controller_s123_debug_soft__obfuscated.elf)
 .text          0x00008c40       0x34 C:/Users/ivpi/ncs/v1.8.0/nrfxlib/softdevice_controller/lib/cortex-m4/soft-float/libsoftdevice_controller_central.a(libsoftdevice_controller_s123_debug_soft__obfuscated.elf)
 .text          0x00008c74       0xb0 C:/Users/ivpi/ncs/v1.8.0/nrfxlib/softdevice_controller/lib/cortex-m4/soft-float/libsoftdevice_controller_central.a(libsoftdevice_controller_s123_debug_soft__obfuscated.elf)
 .text          0x00008d24       0x38 C:/Users/ivpi/ncs/v1.8.0/nrfxlib/softdevice_controller/lib/cortex-m4/soft-float/libsoftdevice_controller_central.a(libsoftdevice_controller_s123_debug_soft__obfuscated.elf)
 .text          0x00008d5c      0x224 C:/Users/ivpi/ncs/v1.8.0/nrfxlib/softdevice_controller/lib/cortex-m4/soft-float/libsoftdevice_controller_central.a(libsoftdevice_controller_s123_debug_soft__obfuscated.elf)
 .text          0x00008f80       0x30 C:/Users/ivpi/ncs/v1.8.0/nrfxlib/softdevice_controller/lib/cortex-m4/soft-float/libsoftdevice_controller_central.a(libsoftdevice_controller_s123_debug_soft__obfuscated.elf)
 .text          0x00008fb0       0x94 C:/Users/ivpi/ncs/v1.8.0/nrfxlib/softdevice_controller/lib/cortex-m4/soft-float/libsoftdevice_controller_central.a(libsoftdevice_controller_s123_debug_soft__obfuscated.elf)
 .text          0x00009044       0x84 C:/Users/ivpi/ncs/v1.8.0/nrfxlib/softdevice_controller/lib/cortex-m4/soft-float/libsoftdevice_controller_central.a(libsoftdevice_controller_s123_debug_soft__obfuscated.elf)
 .text          0x000090c8       0x4c C:/Users/ivpi/ncs/v1.8.0/nrfxlib/softdevice_controller/lib/cortex-m4/soft-float/libsoftdevice_controller_central.a(libsoftdevice_controller_s123_debug_soft__obfuscated.elf)
 .text          0x00009114      0x1e0 C:/Users/ivpi/ncs/v1.8.0/nrfxlib/softdevice_controller/lib/cortex-m4/soft-float/libsoftdevice_controller_central.a(libsoftdevice_controller_s123_debug_soft__obfuscated.elf)
 .text          0x000092f4       0xa8 C:/Users/ivpi/ncs/v1.8.0/nrfxlib/softdevice_controller/lib/cortex-m4/soft-float/libsoftdevice_controller_central.a(libsoftdevice_controller_s123_debug_soft__obfuscated.elf)
 .text          0x0000939c       0x54 C:/Users/ivpi/ncs/v1.8.0/nrfxlib/softdevice_controller/lib/cortex-m4/soft-float/libsoftdevice_controller_central.a(libsoftdevice_controller_s123_debug_soft__obfuscated.elf)
 .text          0x000093f0      0x158 C:/Users/ivpi/ncs/v1.8.0/nrfxlib/softdevice_controller/lib/cortex-m4/soft-float/libsoftdevice_controller_central.a(libsoftdevice_controller_s123_debug_soft__obfuscated.elf)
 .text          0x00009548       0x80 C:/Users/ivpi/ncs/v1.8.0/nrfxlib/softdevice_controller/lib/cortex-m4/soft-float/libsoftdevice_controller_central.a(libsoftdevice_controller_s123_debug_soft__obfuscated.elf)
 .text          0x000095c8       0x88 C:/Users/ivpi/ncs/v1.8.0/nrfxlib/softdevice_controller/lib/cortex-m4/soft-float/libsoftdevice_controller_central.a(libsoftdevice_controller_s123_debug_soft__obfuscated.elf)
 .text          0x00009650       0x88 C:/Users/ivpi/ncs/v1.8.0/nrfxlib/softdevice_controller/lib/cortex-m4/soft-float/libsoftdevice_controller_central.a(libsoftdevice_controller_s123_debug_soft__obfuscated.elf)
 .text          0x000096d8       0x48 C:/Users/ivpi/ncs/v1.8.0/nrfxlib/softdevice_controller/lib/cortex-m4/soft-float/libsoftdevice_controller_central.a(libsoftdevice_controller_s123_debug_soft__obfuscated.elf)
 .text          0x00009720       0x44 C:/Users/ivpi/ncs/v1.8.0/nrfxlib/softdevice_controller/lib/cortex-m4/soft-float/libsoftdevice_controller_central.a(libsoftdevice_controller_s123_debug_soft__obfuscated.elf)
 .text          0x00009764       0x4c C:/Users/ivpi/ncs/v1.8.0/nrfxlib/softdevice_controller/lib/cortex-m4/soft-float/libsoftdevice_controller_central.a(libsoftdevice_controller_s123_debug_soft__obfuscated.elf)
 .text          0x000097b0       0x38 C:/Users/ivpi/ncs/v1.8.0/nrfxlib/softdevice_controller/lib/cortex-m4/soft-float/libsoftdevice_controller_central.a(libsoftdevice_controller_s123_debug_soft__obfuscated.elf)
 .text          0x000097e8       0x7c C:/Users/ivpi/ncs/v1.8.0/nrfxlib/softdevice_controller/lib/cortex-m4/soft-float/libsoftdevice_controller_central.a(libsoftdevice_controller_s123_debug_soft__obfuscated.elf)
 .text          0x00009864       0x70 C:/Users/ivpi/ncs/v1.8.0/nrfxlib/softdevice_controller/lib/cortex-m4/soft-float/libsoftdevice_controller_central.a(libsoftdevice_controller_s123_debug_soft__obfuscated.elf)
 .text          0x000098d4       0xcc C:/Users/ivpi/ncs/v1.8.0/nrfxlib/softdevice_controller/lib/cortex-m4/soft-float/libsoftdevice_controller_central.a(libsoftdevice_controller_s123_debug_soft__obfuscated.elf)
 .text          0x000099a0       0x70 C:/Users/ivpi/ncs/v1.8.0/nrfxlib/softdevice_controller/lib/cortex-m4/soft-float/libsoftdevice_controller_central.a(libsoftdevice_controller_s123_debug_soft__obfuscated.elf)
 .text          0x00009a10       0x34 C:/Users/ivpi/ncs/v1.8.0/nrfxlib/softdevice_controller/lib/cortex-m4/soft-float/libsoftdevice_controller_central.a(libsoftdevice_controller_s123_debug_soft__obfuscated.elf)
 .text          0x00009a44       0x2c C:/Users/ivpi/ncs/v1.8.0/nrfxlib/softdevice_controller/lib/cortex-m4/soft-float/libsoftdevice_controller_central.a(libsoftdevice_controller_s123_debug_soft__obfuscated.elf)
 .text          0x00009a70       0x24 C:/Users/ivpi/ncs/v1.8.0/nrfxlib/softdevice_controller/lib/cortex-m4/soft-float/libsoftdevice_controller_central.a(libsoftdevice_controller_s123_debug_soft__obfuscated.elf)
 .text          0x00009a94      0x110 C:/Users/ivpi/ncs/v1.8.0/nrfxlib/softdevice_controller/lib/cortex-m4/soft-float/libsoftdevice_controller_central.a(libsoftdevice_controller_s123_debug_soft__obfuscated.elf)
 .text          0x00009ba4       0x68 C:/Users/ivpi/ncs/v1.8.0/nrfxlib/softdevice_controller/lib/cortex-m4/soft-float/libsoftdevice_controller_central.a(libsoftdevice_controller_s123_debug_soft__obfuscated.elf)
 .text          0x00009c0c       0x24 C:/Users/ivpi/ncs/v1.8.0/nrfxlib/softdevice_controller/lib/cortex-m4/soft-float/libsoftdevice_controller_central.a(libsoftdevice_controller_s123_debug_soft__obfuscated.elf)